Archive member included because of file (symbol)

/opt/compiler/glibc-oabi-toolchain-arm-generic/lib/gcc/arm-unknown-linux-gnu/4.3.4/libgcc.a(_udivsi3.o)
                              ./zint-master/backend/code16k.o (__udivsi3)
/opt/compiler/glibc-oabi-toolchain-arm-generic/lib/gcc/arm-unknown-linux-gnu/4.3.4/libgcc.a(_divsi3.o)
                              ./zint-master/backend/aztec.o (__divsi3)
/opt/compiler/glibc-oabi-toolchain-arm-generic/lib/gcc/arm-unknown-linux-gnu/4.3.4/libgcc.a(_umodsi3.o)
                              ./zint-master/backend/2of5.o (__umodsi3)
/opt/compiler/glibc-oabi-toolchain-arm-generic/lib/gcc/arm-unknown-linux-gnu/4.3.4/libgcc.a(_modsi3.o)
                              ./zint-master/backend/aztec.o (__modsi3)
/opt/compiler/glibc-oabi-toolchain-arm-generic/lib/gcc/arm-unknown-linux-gnu/4.3.4/libgcc.a(_dvmd_tls.o)
                              /opt/compiler/glibc-oabi-toolchain-arm-generic/lib/gcc/arm-unknown-linux-gnu/4.3.4/libgcc.a(_udivsi3.o) (__div0)
/opt/compiler/glibc-oabi-toolchain-arm-generic/lib/gcc/arm-unknown-linux-gnu/4.3.4/libgcc.a(_addsubdf3.o)
                              ./zint-master/backend/png.o (__subdf3)
/opt/compiler/glibc-oabi-toolchain-arm-generic/lib/gcc/arm-unknown-linux-gnu/4.3.4/libgcc.a(_muldivdf3.o)
                              ./zint-master/backend/ps.o (__muldf3)
/opt/compiler/glibc-oabi-toolchain-arm-generic/lib/gcc/arm-unknown-linux-gnu/4.3.4/libgcc.a(_cmpdf2.o)
                              ./zint-master/backend/common.o (__gtdf2)
/opt/compiler/glibc-oabi-toolchain-arm-generic/lib/gcc/arm-unknown-linux-gnu/4.3.4/libgcc.a(_fixdfsi.o)
                              ./zint-master/backend/pdf417.o (__fixdfsi)
/opt/compiler/glibc-oabi-toolchain-arm-generic/lib/gcc/arm-unknown-linux-gnu/4.3.4/libgcc.a(_fixunsdfsi.o)
                              /home/pos/NEWPOS/FDx_SDK_PRO_LINUX_ARM11_OABI_3_7_1_REV922/lib/arm11_oabi/libsgfdu04.so (__fixunsdfsi)
/opt/compiler/glibc-oabi-toolchain-arm-generic/lib/gcc/arm-unknown-linux-gnu/4.3.4/libgcc.a(_truncdfsf2.o)
                              ./zint-master/backend/code1.o (__truncdfsf2)
/opt/compiler/glibc-oabi-toolchain-arm-generic/lib/gcc/arm-unknown-linux-gnu/4.3.4/libgcc.a(_addsubsf3.o)
                              ./zint-master/backend/code16k.o (__subsf3)
/opt/compiler/glibc-oabi-toolchain-arm-generic/lib/gcc/arm-unknown-linux-gnu/4.3.4/libgcc.a(_muldivsf3.o)
                              ./zint-master/backend/png.o (__mulsf3)
/opt/compiler/glibc-oabi-toolchain-arm-generic/lib/gcc/arm-unknown-linux-gnu/4.3.4/libgcc.a(_cmpsf2.o)
                              ./zint-master/backend/code128.o (__gtsf2)
/opt/compiler/glibc-oabi-toolchain-arm-generic/lib/gcc/arm-unknown-linux-gnu/4.3.4/libgcc.a(_fixsfsi.o)
                              ./zint-master/backend/code1.o (__fixsfsi)
/opt/compiler/glibc-oabi-toolchain-arm-generic/lib/gcc/arm-unknown-linux-gnu/4.3.4/libgcc.a(_fixunssfsi.o)
                              ./zint-master/backend/code16k.o (__fixunssfsi)
/opt/compiler/glibc-oabi-toolchain-arm-generic/lib/gcc/arm-unknown-linux-gnu/4.3.4/libgcc.a(_fixdfdi.o)
                              ./jsonfiles/json_object.o (__fixdfdi)
/opt/compiler/glibc-oabi-toolchain-arm-generic/lib/gcc/arm-unknown-linux-gnu/4.3.4/libgcc.a(_fixunsdfdi.o)
                              /opt/compiler/glibc-oabi-toolchain-arm-generic/lib/gcc/arm-unknown-linux-gnu/4.3.4/libgcc.a(_fixdfdi.o) (__fixunsdfdi)
/opt/compiler/glibc-oabi-toolchain-arm-generic/lib/gcc/arm-unknown-linux-gnu/4.3.4/libgcc.a(_udivdi3.o)
                              ./zint-master/backend/pdf417.o (__udivdi3)
/opt/compiler/glibc-oabi-toolchain-arm-generic/lib/gcc/arm-unknown-linux-gnu/4.3.4/libgcc.a(_umoddi3.o)
                              ./zint-master/backend/pdf417.o (__umoddi3)
/opt/compiler/glibc-oabi-toolchain-arm-generic/lib/gcc/arm-unknown-linux-gnu/4.3.4/libgcc.a(_clz.o)
                              /opt/compiler/glibc-oabi-toolchain-arm-generic/lib/gcc/arm-unknown-linux-gnu/4.3.4/libgcc.a(_udivdi3.o) (__clz_tab)
/opt/compiler/glibc-oabi-toolchain-arm-generic/arm-unknown-linux-gnu//sys-root/usr/lib/libc_nonshared.a(elf-init.oS)
                              /opt/compiler/glibc-oabi-toolchain-arm-generic/arm-unknown-linux-gnu//sys-root/usr/lib/crt1.o (__libc_csu_fini)

Allocating common symbols
Common symbol       size              file

transactionstring   0xbb8             ./src1/cardinfo.o
db_values           0x4               ./src1/fp_test.o
err                 0x4               ./src1/video.o
ppp_request_ok      0x4               ./src1/cardinfo.o
pmode               0x14              ./src1/cardinfo.o
rootServiceName     0x28              ./src1/cardinfo.o
language            0x14              ./src1/fp_test.o
serviceCode         0x4               ./src1/cardinfo.o
serial_num          0x14              ./src1/cardinfo.o
service_code        0x4               ./src1/cardinfo.o
serial_number       0x4               ./src1/cardinfo.o
[...]
Memory Configuration

Name             Origin             Length             Attributes
*default*        0x00000000         0xffffffff

Linker script and memory map

LOAD /opt/compiler/glibc-oabi-toolchain-arm-generic/arm-unknown-linux-gnu//sys-root/usr/lib/crt1.o
LOAD /opt/compiler/glibc-oabi-toolchain-arm-generic/arm-unknown-linux-gnu//sys-root/usr/lib/crti.o
LOAD /opt/compiler/glibc-oabi-toolchain-arm-generic/lib/gcc/arm-unknown-linux-gnu/4.3.4/crtbegin.o
LOAD ./zint-master/frontend/getopt.o
LOAD ./zint-master/frontend/getopt1.o
LOAD ./zint-master/backend/2of5.o
LOAD ./zint-master/backend/auspost.o
LOAD ./zint-master/backend/aztec.o
LOAD ./zint-master/backend/code.o
LOAD ./zint-master/backend/code1.o
LOAD ./zint-master/backend/code128.o
LOAD ./zint-master/backend/code16k.o
LOAD ./zint-master/backend/code49.o
LOAD ./zint-master/backend/common.o
LOAD ./zint-master/backend/composite.o
LOAD ./zint-master/backend/dllversion.o
LOAD ./zint-master/backend/dmatrix.o
LOAD ./zint-master/backend/gridmtx.o
LOAD ./zint-master/backend/gs1.o
LOAD ./zint-master/backend/imail.o
LOAD ./zint-master/backend/large.o
LOAD ./zint-master/backend/library.o
LOAD ./zint-master/backend/maxicode.o
LOAD ./zint-master/backend/medical.o
LOAD ./zint-master/backend/pdf417.o
LOAD ./zint-master/backend/plessey.o
LOAD ./zint-master/backend/png.o
LOAD ./zint-master/backend/postal.o
LOAD ./zint-master/backend/ps.o
LOAD ./zint-master/backend/qr.o
LOAD ./zint-master/backend/reedsol.o
LOAD ./zint-master/backend/render.o
LOAD ./zint-master/backend/rss.o
LOAD ./zint-master/backend/svg.o
LOAD ./zint-master/backend/telepen.o
LOAD ./zint-master/backend/upcean.o
LOAD ./src1/ContactSmartCard.o
LOAD ./src1/JSON_checker.o
LOAD ./src1/Z_report.o
LOAD ./src1/cJSON.o
LOAD ./src1/cardinfo.o
LOAD ./src1/cl_smartcard_demo.o
LOAD ./src1/configurations.o
LOAD ./src1/desfire_test.o
LOAD ./src1/display.o
LOAD ./src1/fp_test.o
LOAD ./src1/gprs_demo.o
LOAD ./src1/jsonread.o
LOAD ./src1/jsontest.o
LOAD ./src1/keyboart.o
LOAD ./src1/lcd.o
LOAD ./src1/magneticstrip_demo.o
LOAD ./src1/main.o
LOAD ./src1/menu_back_forth.o
LOAD ./src1/menu_hash.o
LOAD ./src1/modem_demo.o
LOAD ./src1/mutwol.o
LOAD ./src1/network_f.o
LOAD ./src1/postslib_extern.o
LOAD ./src1/printer_demo.o
LOAD ./src1/receipt.o
LOAD ./src1/socket_demo.o
LOAD ./src1/sql_functions.o
LOAD ./src1/string_convert.o
LOAD ./src1/touch.o
LOAD ./src1/touch_demo.o
LOAD ./src1/transaction.o
LOAD ./src1/uart_demo.o
LOAD ./src1/video.o
LOAD ./src1/visualstring.o
LOAD ./jsonfiles/arraylist.o
LOAD ./jsonfiles/debug.o
LOAD ./jsonfiles/json_object.o
LOAD ./jsonfiles/json_object_iterator.o
LOAD ./jsonfiles/json_tokener.o
LOAD ./jsonfiles/json_util.o
LOAD ./jsonfiles/linkhash.o
LOAD ./jsonfiles/printbuf.o
LOAD /home/pos/NEWPOS/sdk/lib/libz.so
LOAD /home/pos/NEWPOS/FDx_SDK_PRO_LINUX_ARM11_OABI_3_7_1_REV922/lib/arm11_oabi/libsgfpamx.so
LOAD /home/pos/NEWPOS/FDx_SDK_PRO_LINUX_ARM11_OABI_3_7_1_REV922/lib/arm11_oabi/libsgfdu04.so
LOAD /home/pos/NEWPOS/FDx_SDK_PRO_LINUX_ARM11_OABI_3_7_1_REV922/lib/arm11_oabi/libsgfplib.so
LOAD /home/pos/NEWPOS/sdk/lib/libusb.so
LOAD /home/pos/NEWPOS/sdk/lib/libusbpp.so
LOAD /home/pos/NEWPOS/sdk/lib/libsqlite3.so
LOAD /home/pos/NEWPOS/sdk/lib/libcurl.so
LOAD /home/pos/NEWPOS/sdk/lib/libts.so
LOAD /home/pos/NEWPOS/sdk/lib/libssl.so
LOAD /home/pos/NEWPOS/sdk/lib/libdirect.so
LOAD /home/pos/NEWPOS/sdk/lib/libdirectfb.so
LOAD /home/pos/NEWPOS/sdk/lib/libemv.so
LOAD /home/pos/NEWPOS/sdk/lib/libiccard.so
LOAD /home/pos/NEWPOS/sdk/lib/libnfc.so
LOAD /home/pos/NEWPOS/sdk/lib/libpng.so
LOAD /home/pos/NEWPOS/sdk/lib/libpos.so
LOAD /home/pos/NEWPOS/sdk/lib/libcrypto.so
LOAD /home/pos/NEWPOS/sdk/lib/libped.so
LOAD /home/pos/NEWPOS/sdk/lib/libfusion.so
LOAD /opt/compiler/glibc-oabi-toolchain-arm-generic/lib/gcc/arm-unknown-linux-gnu/4.3.4/libgcc.a
LOAD /opt/compiler/glibc-oabi-toolchain-arm-generic/lib/gcc/arm-unknown-linux-gnu/4.3.4/../../../../arm-unknown-linux-gnu/lib/libgcc_s.so
LOAD /opt/compiler/glibc-oabi-toolchain-arm-generic/arm-unknown-linux-gnu//sys-root/usr/lib/libc.so
START GROUP
LOAD /opt/compiler/glibc-oabi-toolchain-arm-generic/arm-unknown-linux-gnu//sys-root/lib/libc.so.6
LOAD /opt/compiler/glibc-oabi-toolchain-arm-generic/arm-unknown-linux-gnu//sys-root/usr/lib/libc_nonshared.a
LOAD /opt/compiler/glibc-oabi-toolchain-arm-generic/arm-unknown-linux-gnu//sys-root/lib/ld-linux.so.2
END GROUP
LOAD /opt/compiler/glibc-oabi-toolchain-arm-generic/lib/gcc/arm-unknown-linux-gnu/4.3.4/libgcc.a
LOAD /opt/compiler/glibc-oabi-toolchain-arm-generic/lib/gcc/arm-unknown-linux-gnu/4.3.4/../../../../arm-unknown-linux-gnu/lib/libgcc_s.so
LOAD /opt/compiler/glibc-oabi-toolchain-arm-generic/lib/gcc/arm-unknown-linux-gnu/4.3.4/crtend.o
LOAD /opt/compiler/glibc-oabi-toolchain-arm-generic/arm-unknown-linux-gnu//sys-root/usr/lib/crtn.o
                0x00008000                PROVIDE (__executable_start, 0x8000)
                0x00008154                . = (0x8000 + SIZEOF_HEADERS)

.interp         0x00008154       0x13
 *(.interp)
 .interp        0x00008154       0x13 /opt/compiler/glibc-oabi-toolchain-arm-generic/arm-unknown-linux-gnu//sys-root/usr/lib/crti.o

.note.ABI-tag   0x00008168       0x20
 .note.ABI-tag  0x00008168       0x20 /opt/compiler/glibc-oabi-toolchain-arm-generic/arm-unknown-linux-gnu//sys-root/usr/lib/crt1.o

.note.gnu.build-id
 *(.note.gnu.build-id)

.hash           0x00008188      0x6f4
 *(.hash)
 .hash          0x00008188      0x6f4 /opt/compiler/glibc-oabi-toolchain-arm-generic/arm-unknown-linux-gnu//sys-root/usr/lib/crti.o

.gnu.hash
 *(.gnu.hash)

.dynsym         0x0000887c      0xf60
 *(.dynsym)
 .dynsym        0x0000887c      0xf60 /opt/compiler/glibc-oabi-toolchain-arm-generic/arm-unknown-linux-gnu//sys-root/usr/lib/crti.o

.dynstr         0x000097dc      0xd33
 *(.dynstr)
 .dynstr        0x000097dc      0xd33 /opt/compiler/glibc-oabi-toolchain-arm-generic/arm-unknown-linux-gnu//sys-root/usr/lib/crti.o

.gnu.version    0x0000a510      0x1ec
 *(.gnu.version)
 .gnu.version   0x0000a510      0x1ec /opt/compiler/glibc-oabi-toolchain-arm-generic/arm-unknown-linux-gnu//sys-root/usr/lib/crti.o

.gnu.version_d  0x0000a6fc        0x0
 *(.gnu.version_d)
 .gnu.version_d
                0x00000000        0x0 /opt/compiler/glibc-oabi-toolchain-arm-generic/arm-unknown-linux-gnu//sys-root/usr/lib/crti.o

.gnu.version_r  0x0000a6fc       0xa0
 *(.gnu.version_r)
 .gnu.version_r
                0x0000a6fc       0xa0 /opt/compiler/glibc-oabi-toolchain-arm-generic/arm-unknown-linux-gnu//sys-root/usr/lib/crti.o

.rel.dyn        0x0000a79c       0x20
 *(.rel.init)
 *(.rel.text .rel.text.* .rel.gnu.linkonce.t.*)
 *(.rel.fini)
 *(.rel.rodata .rel.rodata.* .rel.gnu.linkonce.r.*)
 *(.rel.data.rel.ro* .rel.gnu.linkonce.d.rel.ro.*)
 *(.rel.data .rel.data.* .rel.gnu.linkonce.d.*)
 *(.rel.tdata .rel.tdata.* .rel.gnu.linkonce.td.*)
 *(.rel.tbss .rel.tbss.* .rel.gnu.linkonce.tb.*)
 *(.rel.ctors)
 *(.rel.dtors)
 *(.rel.got)
 .rel.got       0x0000a79c        0x8 /opt/compiler/glibc-oabi-toolchain-arm-generic/arm-unknown-linux-gnu//sys-root/usr/lib/crti.o
 *(.rel.bss .rel.bss.* .rel.gnu.linkonce.b.*)
 .rel.bss       0x0000a7a4       0x18 /opt/compiler/glibc-oabi-toolchain-arm-generic/arm-unknown-linux-gnu//sys-root/usr/lib/crti.o

.rela.dyn
 *(.rela.init)
 *(.rela.text .rela.text.* .rela.gnu.linkonce.t.*)
 *(.rela.fini)
 *(.rela.rodata .rela.rodata.* .rela.gnu.linkonce.r.*)
 *(.rela.data .rela.data.* .rela.gnu.linkonce.d.*)
 *(.rela.tdata .rela.tdata.* .rela.gnu.linkonce.td.*)
 *(.rela.tbss .rela.tbss.* .rela.gnu.linkonce.tb.*)
 *(.rela.ctors)
 *(.rela.dtors)
 *(.rela.got)
 *(.rela.bss .rela.bss.* .rela.gnu.linkonce.b.*)

.rel.plt        0x0000a7bc      0x730
 *(.rel.plt)
 .rel.plt       0x0000a7bc      0x730 /opt/compiler/glibc-oabi-toolchain-arm-generic/arm-unknown-linux-gnu//sys-root/usr/lib/crti.o

.rela.plt
 *(.rela.plt)

.init           0x0000aeec       0x14
 *(.init)
 .init          0x0000aeec        0x8 /opt/compiler/glibc-oabi-toolchain-arm-generic/arm-unknown-linux-gnu//sys-root/usr/lib/crti.o
                0x0000aeec                _init
 .init          0x0000aef4        0x4 /opt/compiler/glibc-oabi-toolchain-arm-generic/lib/gcc/arm-unknown-linux-gnu/4.3.4/crtbegin.o
 .init          0x0000aef8        0x4 /opt/compiler/glibc-oabi-toolchain-arm-generic/lib/gcc/arm-unknown-linux-gnu/4.3.4/crtend.o
 .init          0x0000aefc        0x4 /opt/compiler/glibc-oabi-toolchain-arm-generic/arm-unknown-linux-gnu//sys-root/usr/lib/crtn.o

.plt            0x0000af00      0xadc
 *(.plt)
 .plt           0x0000af00      0xadc /opt/compiler/glibc-oabi-toolchain-arm-generic/arm-unknown-linux-gnu//sys-root/usr/lib/crti.o
                0x0000af14                desfire_read_data
                0x0000af20                SGFPM_GetTemplateSize
                0x0000af2c                pclose@@GLIBC_2.1
                0x0000af38                open@@GLIBC_2.0
                0x0000af44                SSL_CTX_free
                0x0000af50                SGFPM_MatchTemplate
                0x0000af5c                curl_easy_perform
                0x0000af68                strcat@@GLIBC_2.0
                0x0000af74                charset_convert
                0x0000af80                fread@@GLIBC_2.0
                0x0000af8c                curl_easy_getinfo
                0x0000af98                fileno@@GLIBC_2.0
                0x0000afa4                SGFPM_GetImage
                0x0000afb0                SGFPM_GetMaxTemplateSize
                0x0000afbc                socket@@GLIBC_2.0
                0x0000afc8                sscanf@@GLIBC_2.0
                0x0000afd4                SGFPM_SetLedOn
                0x0000afe0                modem_open
                0x0000afec                ntohs@@GLIBC_2.0
                0x0000aff8                iccard_open_cardslot
                0x0000b004                SSL_CTX_check_private_key
                0x0000b010                curl_easy_init
                0x0000b01c                SGFPM_GetDeviceInfo
                0x0000b028                wnet_power_on
                0x0000b034                SGFPM_SetBrightness
                0x0000b040                emv_contactless_deactive_picc
                0x0000b04c                modem_wait_until_sent
                0x0000b058                select@@GLIBC_2.0
                0x0000b064                strdup@@GLIBC_2.0
                0x0000b070                strncasecmp@@GLIBC_2.0
                0x0000b07c                pthread_cancel@@GLIBC_2.0
                0x0000b088                sleep@@GLIBC_2.0
                0x0000b094                lseek@@GLIBC_2.0
                0x0000b0a0                connect@@GLIBC_2.0
                0x0000b0ac                SGFPM_OpenDevice
                0x0000b0b8                curl_slist_append
                0x0000b0c4                printer_get_param
                0x0000b0d0                calloc@@GLIBC_2.0
                0x0000b0dc                modem_dialing
                0x0000b0e8                ferror@@GLIBC_2.0
                0x0000b0f4                setlocale@@GLIBC_2.0
                0x0000b100                printer_close
                0x0000b10c                fgets@@GLIBC_2.0
                0x0000b118                png_create_info_struct@@PNG12_0
                0x0000b124                longjmp@@GLIBC_2.0
                0x0000b130                png_init_io@@PNG12_0
                0x0000b13c                netif_get_flags
                0x0000b148                sqlite3_close
                0x0000b154                fwrite@@GLIBC_2.0
                0x0000b160                memcpy@@GLIBC_2.0
                0x0000b16c                write@@GLIBC_2.0
                0x0000b178                malloc@@GLIBC_2.0
                0x0000b184                led_set_brightness
                0x0000b190                htons@@GLIBC_2.0
                0x0000b19c                strlen@@GLIBC_2.0
                0x0000b1a8                munmap@@GLIBC_2.0
                0x0000b1b4                usleep@@GLIBC_2.0
                0x0000b1c0                fprintf@@GLIBC_2.0
                0x0000b1cc                accept@@GLIBC_2.0
                0x0000b1d8                SSL_CTX_load_verify_locations
                0x0000b1e4                atof@@GLIBC_2.0
                0x0000b1f0                iccard_power_up
                0x0000b1fc                sprintf@@GLIBC_2.0
                0x0000b208                DirectFBCreate
                0x0000b214                iccard_check_card_in_slot
                0x0000b220                SSL_CTX_set_cipher_list
                0x0000b22c                modem_get_status
                0x0000b238                printer_get_status
                0x0000b244                netif_get_list
                0x0000b250                SGFPM_Create
                0x0000b25c                png_set_compression_level@@PNG12_0
                0x0000b268                strcmp@@GLIBC_2.0
                0x0000b274                emv_contactless_exchange_apdu
                0x0000b280                magstripe_open
                0x0000b28c                SSL_library_init
                0x0000b298                toupper@@GLIBC_2.0
                0x0000b2a4                time@@GLIBC_2.0
                0x0000b2b0                emv_contactless_active_picc
                0x0000b2bc                tolower@@GLIBC_2.0
                0x0000b2c8                __errno_location@@GLIBC_2.0
                0x0000b2d4                strncpy@@GLIBC_2.0
                0x0000b2e0                send@@GLIBC_2.0
                0x0000b2ec                fflush@@GLIBC_2.0
                0x0000b2f8                memcmp@@GLIBC_2.0
                0x0000b304                _setjmp@@GLIBC_2.0
                0x0000b310                png_set_packing@@PNG12_0
                0x0000b31c                SGFPM_GetMatchingScore
                0x0000b328                SGFPM_CreateTemplate
                0x0000b334                emv_contactless_obtain_status
                0x0000b340                desfire_select_application
                0x0000b34c                fseek@@GLIBC_2.0
                0x0000b358                getenv@@GLIBC_2.0
                0x0000b364                fputs@@GLIBC_2.0
                0x0000b370                SSL_read
                0x0000b37c                vsprintf@@GLIBC_2.0
                0x0000b388                DirectFBError
                0x0000b394                srand@@GLIBC_2.0
                0x0000b3a0                iccard_exchange_apdu
                0x0000b3ac                SSL_get_verify_result
                0x0000b3b8                strchr@@GLIBC_2.0
                0x0000b3c4                rename@@GLIBC_2.0
                0x0000b3d0                curl_easy_escape
                0x0000b3dc                curl_easy_cleanup
                0x0000b3e8                __libc_start_main@@GLIBC_2.0
                0x0000b3f4                sqlite3_errmsg
                0x0000b400                magstripe_close
                0x0000b40c                print_surface
                0x0000b418                getruntime
                0x0000b424                vsnprintf@@GLIBC_2.0
                0x0000b430                magstripe_read_timeout
                0x0000b43c                printer_open
                0x0000b448                floor@@GLIBC_2.0
                0x0000b454                DirectFBErrorFatal
                0x0000b460                SSL_accept
                0x0000b46c                TLSv1_server_method
                0x0000b478                signal@@GLIBC_2.0
                0x0000b484                ts_open
                0x0000b490                gettimeofday@@GLIBC_2.0
                0x0000b49c                modem_write
                0x0000b4a8                desfire_get_application_ids
                0x0000b4b4                SSL_CTX_set_verify_depth
                0x0000b4c0                DirectFBErrorString
                0x0000b4cc                __ctype_b_loc@@GLIBC_2.3
                0x0000b4d8                rand@@GLIBC_2.0
                0x0000b4e4                desfire_create_application
                0x0000b4f0                sqrt@@GLIBC_2.0
                0x0000b4fc                curl_free
                0x0000b508                png_write_end@@PNG12_0
                0x0000b514                sqlite3_free
                0x0000b520                inet_addr@@GLIBC_2.0
                0x0000b52c                free@@GLIBC_2.0
                0x0000b538                inet_pton@@GLIBC_2.0
                0x0000b544                SSL_CTX_set_verify
                0x0000b550                desfire_get_card_uid
                0x0000b55c                strncmp@@GLIBC_2.0
                0x0000b568                qsort@@GLIBC_2.0
                0x0000b574                sqlite3_exec
                0x0000b580                desfire_poll
                0x0000b58c                ERR_print_errors_fp
                0x0000b598                popen@@GLIBC_2.1
                0x0000b5a4                png_destroy_write_struct@@PNG12_0
                0x0000b5b0                asctime@@GLIBC_2.0
                0x0000b5bc                sys_get_status_bar_height
                0x0000b5c8                ts_config
                0x0000b5d4                png_write_row@@PNG12_0
                0x0000b5e0                ppp_open
                0x0000b5ec                SSL_CTX_new
                0x0000b5f8                curl_easy_setopt
                0x0000b604                desfire_create_std_datafile
                0x0000b610                exit@@GLIBC_2.0
                0x0000b61c                wnet_set_attached
                0x0000b628                printf@@GLIBC_2.0
                0x0000b634                strerror@@GLIBC_2.0
                0x0000b640                vprintf@@GLIBC_2.0
                0x0000b64c                curl_global_init
                0x0000b658                ppp_close
                0x0000b664                TLSv1_client_method
                0x0000b670                feof@@GLIBC_2.0
                0x0000b67c                strtok@@GLIBC_2.0
                0x0000b688                puts@@GLIBC_2.0
                0x0000b694                wnet_init
                0x0000b6a0                wnet_power_down
                0x0000b6ac                atoi@@GLIBC_2.0
                0x0000b6b8                netif_get_ipaddr
                0x0000b6c4                vsyslog@@GLIBC_2.0
                0x0000b6d0                png_create_write_struct@@PNG12_0
                0x0000b6dc                SSL_CTX_use_certificate_file
                0x0000b6e8                modem_hangup
                0x0000b6f4                difftime@@GLIBC_2.0
                0x0000b700                strtoul@@GLIBC_2.0
                0x0000b70c                SGFPM_Terminate
                0x0000b718                memset@@GLIBC_2.0
                0x0000b724                putchar@@GLIBC_2.0
                0x0000b730                pthread_self@@GLIBC_2.0
                0x0000b73c                desfire_write_data
                0x0000b748                ts_close
                0x0000b754                strftime@@GLIBC_2.0
                0x0000b760                recv@@GLIBC_2.0
                0x0000b76c                remove@@GLIBC_2.0
                0x0000b778                SSL_connect
                0x0000b784                modem_close
                0x0000b790                fcntl@@GLIBC_2.0
                0x0000b79c                listen@@GLIBC_2.0
                0x0000b7a8                mif_close
                0x0000b7b4                snprintf@@GLIBC_2.0
                0x0000b7c0                SSL_load_error_strings
                0x0000b7cc                png_get_error_ptr@@PNG12_0
                0x0000b7d8                curl_global_cleanup
                0x0000b7e4                close@@GLIBC_2.0
                0x0000b7f0                mif_open
                0x0000b7fc                read@@GLIBC_2.0
                0x0000b808                tty_property_config
                0x0000b814                sqlite3_open
                0x0000b820                abort@@GLIBC_2.0
                0x0000b82c                SSL_free
                0x0000b838                DirectFBInit
                0x0000b844                vfprintf@@GLIBC_2.0
                0x0000b850                png_write_info@@PNG12_0
                0x0000b85c                SSL_write
                0x0000b868                iccard_power_down
                0x0000b874                pow@@GLIBC_2.0
                0x0000b880                SSL_set_fd
                0x0000b88c                fclose@@GLIBC_2.1
                0x0000b898                memmove@@GLIBC_2.0
                0x0000b8a4                SGFPM_CloseDevice
                0x0000b8b0                png_set_IHDR@@PNG12_0
                0x0000b8bc                SSL_CTX_use_PrivateKey_file
                0x0000b8c8                ctime@@GLIBC_2.0
                0x0000b8d4                desfire_authenticate
                0x0000b8e0                gethostbyname@@GLIBC_2.0
                0x0000b8ec                ioctl@@GLIBC_2.0
                0x0000b8f8                SGFPM_GetImageQuality
                0x0000b904                inet_ntoa@@GLIBC_2.0
                0x0000b910                ppp_check
                0x0000b91c                system@@GLIBC_2.0
                0x0000b928                htonl@@GLIBC_2.0
                0x0000b940                strcpy@@GLIBC_2.0
                0x0000b94c                emv_contactless_get_lasterror
                0x0000b958                SGFPM_Init
                0x0000b964                mmap@@GLIBC_2.0
                0x0000b970                iccard_close_cardslot
                0x0000b97c                localtime@@GLIBC_2.0
                0x0000b988                SSL_new
                0x0000b994                ts_read
                0x0000b9a0                sys_get_sn
                0x0000b9ac                realloc@@GLIBC_2.0
                0x0000b9b8                fopen@@GLIBC_2.1
                0x0000b9c4                bind@@GLIBC_2.0
                0x0000b9d0                ftell@@GLIBC_2.0

.text           0x0000b9dc    0xb07b0
 *(.text .stub .text.* .gnu.linkonce.t.*)
 .text          0x0000b9dc       0x38 /opt/compiler/glibc-oabi-toolchain-arm-generic/arm-unknown-linux-gnu//sys-root/usr/lib/crt1.o
                0x0000b9dc                _start
 .text          0x0000ba14       0x24 /opt/compiler/glibc-oabi-toolchain-arm-generic/arm-unknown-linux-gnu//sys-root/usr/lib/crti.o
 .text          0x0000ba38       0xb4 /opt/compiler/glibc-oabi-toolchain-arm-generic/lib/gcc/arm-unknown-linux-gnu/4.3.4/crtbegin.o
 .text          0x0000baec        0x0 ./zint-master/frontend/getopt.o
 .text          0x0000baec        0x0 ./zint-master/frontend/getopt1.o
 .text          0x0000baec     0x1194 ./zint-master/backend/2of5.o
                0x0000c9f8                dpident
                0x0000baec                matrix_two_of_five
                0x0000c0bc                interleaved_two_of_five
                0x0000bf48                logic_two_of_five
                0x0000bdd4                iata_two_of_five
                0x0000bc60                industrial_two_of_five
                0x0000c768                dpleit
                0x0000c4e8                itf14
 .text          0x0000cc80      0xc60 ./zint-master/backend/auspost.o
                0x0000d130                australia_post
                0x0000cc80                rs_error
 .text          0x0000d8e0     0x7df0 ./zint-master/backend/aztec.o
                0x0000d990                insert
                0x00014cac                aztec_runes
                0x0000da28                aztec_text_process
                0x00010328                aztec
                0x0000d8e0                mapshorten
 .text          0x000156d0     0x1a58 ./zint-master/backend/code.o
                0x00016d14                channel_code
                0x00016474                c93
                0x0001627c                ec39
                0x000156d0                code_11
                0x00016b24                NextB
                0x00015b00                c39
                0x00016c68                NextS
                0x00016a50                CheckCharacter
                0x00015fe0                pharmazentral
 .text          0x00017128     0x91b4 ./zint-master/backend/code1.o
                0x000172e4                vert
                0x00017628                c1_look_ahead_test
                0x0001bccc                code_one
                0x0001bbf0                block_copy
                0x000174e0                dq4bi
                0x000171d8                central_finder
                0x00017128                horiz
                0x0001892c                c1_encode
                0x000173a0                spigot
                0x00017420                isedi
 .text          0x000202dc     0x3d1c ./zint-master/backend/code128.o
                0x000202dc                parunmodd
                0x0002268c                ean_128
                0x00023dc4                ean_14
                0x00020c7c                code_128
                0x00020bbc                c128_set_c
                0x00023b70                nve_18
                0x000203b8                grwp
                0x00020500                dxsmooth
                0x00020ae8                c128_set_b
                0x0002097c                c128_set_a
 .text          0x00023ff8     0x2778 ./zint-master/backend/code16k.o
                0x00024744                c16k_set_c
                0x00023ff8                grwp16
                0x000246b0                c16k_set_b
                0x000247e8                code16k
                0x000245bc                c16k_set_a
                0x00024140                dxsmooth16
 .text          0x00026770     0x1c48 ./zint-master/backend/code49.o
                0x00026770                code_49
 .text          0x000283b8     0x12ac ./zint-master/backend/common.o
                0x00028994                module_is_set
                0x00028630                itoc
                0x00028528                uconcat
                0x00028a24                set_module
                0x000286a0                to_upper
                0x00028b00                unset_module
                0x000288e4                lookup
                0x00028be4                expand
                0x00028f60                roundup
                0x00028498                concat
                0x00028840                posn
                0x00028ff8                istwodigits
                0x00028d70                is_stackable
                0x000285b4                ctoi
                0x00029334                utf8toutf16
                0x00029164                latin1_process
                0x00028e8c                is_extendable
                0x000283b8                ustrlen
                0x0002874c                is_sane
                0x0002909c                froundup
                0x0002840c                ustrcpy
 .text          0x00029664     0x85e0 ./zint-master/backend/composite.o
                0x000296b0                getBit
                0x00030f00                composite
                0x0002994c                encode928
                0x00030cac                add_leading_zeroes
                0x00029664                _min
                0x0002b268                cc_b
                0x0002c414                cc_c
                0x00029718                init928
                0x00029c88                cc_a
                0x0002d3b4                cc_binary_string
 .text          0x00031c44        0x0 ./zint-master/backend/dllversion.o
 .text          0x00031c44     0x4170 ./zint-master/backend/dmatrix.o
                0x00032d8c                insert_value
                0x00032e14                look_ahead_test
                0x000355b0                data_matrix_200
                0x00032c1c                isx12
                0x00032cf4                dminsert
                0x0003544c                add_tail
                0x000336c4                dm200encode
                0x00035d34                dmatrix
 .text          0x00035db4     0x4f64 ./zint-master/backend/gridmtx.o
                0x0003889c                gm_add_ecc
                0x000367b4                add_byte_count
                0x00035db4                number_lat
                0x00036a38                add_shift_char
                0x00036be8                gm_encode
                0x00036040                seek_forward
                0x00039768                place_layer_id
                0x00039d30                grid_matrix
                0x00039640                place_data_in_grid
                0x000392a0                place_macromodule
 .text          0x0003ad18     0x186c ./zint-master/backend/gs1.o
                0x0003af28                gs1_verify
                0x0003ad18                itostr
                0x0003c370                ugs1_verify
 .text          0x0003c584     0x2a10 ./zint-master/backend/imail.o
                0x0003cbe0                imail
                0x0003c584                USPS_MSB_Math_CRC11GenerateFrameCheckSequence
                0x0003c7f8                breakup
 .text          0x0003ef94      0xdc8 ./zint-master/backend/large.o
                0x0003faf8                hex_dump
                0x0003f498                binary_subtract
                0x0003f6f8                islarger
                0x0003f5c8                shiftdown
                0x0003f66c                shiftup
                0x0003ef94                binary_add
                0x0003f824                binary_load
 .text          0x0003fd5c     0x3070 ./zint-master/backend/library.o
                0x00040834                gs1_compliant
                0x0004023c                dump_plot
                0x0004090c                ZBarcode_ValidID
                0x00042998                ZBarcode_Encode_and_Buffer
                0x00042a1c                ZBarcode_Encode_File
                0x00042914                ZBarcode_Encode_and_Print
                0x000401b8                error_tag
                0x00042d90                ZBarcode_Render
                0x00042520                ZBarcode_Print
                0x00041ab8                ZBarcode_Encode
                0x00042ca8                ZBarcode_Encode_File_and_Print
                0x0003fd5c                ZBarcode_Create
                0x0004009c                ZBarcode_Delete
                0x000403e8                hibc
                0x0003ff74                ZBarcode_Clear
                0x00040b8c                extended_charset
                0x00040c40                reduced_charset
                0x00042d1c                ZBarcode_Encode_File_and_Buffer
                0x0004283c                ZBarcode_Buffer
 .text          0x00042dcc     0x2e54 ./zint-master/backend/maxicode.o
                0x000431a8                maxi_bump
                0x00042edc                maxi_do_secondary_chk_odd
                0x0004324c                maxi_text_process
                0x00044e20                maxi_do_primary_2
                0x00044fdc                maxi_do_primary_3
                0x0004530c                maxicode
                0x00042dcc                maxi_do_primary_check
                0x00043044                maxi_do_secondary_chk_even
 .text          0x00045c20      0xdf4 ./zint-master/backend/medical.o
                0x000463e0                codabar
                0x00045c20                pharma_one
                0x000461a0                pharma_two
                0x00046648                code32
                0x00045f7c                pharma_two_calc
 .text          0x00046a14     0x50f4 ./zint-master/backend/pdf417.o
                0x00047f14                byteprocess
                0x0004a03c                micro_pdf417
                0x00046c34                pdfsmooth
                0x00046a14                quelmode
                0x00049e40                pdf417enc
                0x00048348                numbprocess
                0x00048814                pdf417
                0x00046aec                regroupe
                0x00047124                textprocess
 .text          0x0004bb08     0x1498 ./zint-master/backend/plessey.o
                0x0004bee8                msi_plessey
                0x0004ccc8                msi_plessey_mod1110
                0x0004c3ac                msi_plessey_mod1010
                0x0004ce30                msi_handle
                0x0004c004                msi_plessey_mod10
                0x0004bb08                plessey
                0x0004c9e8                msi_plessey_mod11
 .text          0x0004cfa0     0x49a0 ./zint-master/backend/png.o
                0x0004ee18                draw_bullseye
                0x0004ec84                bullseye_pixel
                0x0004f1cc                draw_string
                0x0004eee0                draw_hexagon
                0x0004e934                png_to_file
                0x0004f2a4                maxi_png_plot
                0x0004ebbc                draw_bar
                0x0004dd70                bmp_pixel_plot
                0x000518d4                bmp_handle
                0x0004f7c0                png_plot
                0x0004f650                to_latin1
                0x00051868                png_handle
                0x0004efb0                draw_letter
                0x0004d04c                png_pixel_plot
 .text          0x00051940     0x1eac ./zint-master/backend/postal.o
                0x00053004                japan_post
                0x00052ec8                flattermarken
                0x000521d8                fim
                0x00052638                royal_plot
                0x00052b90                daft_code
                0x00051f70                korea_post
                0x00051940                postnet
                0x00051c58                planet
                0x00051b04                post_plot
                0x000528bc                kix_code
                0x00052404                rm4scc
                0x00051e1c                planet_plot
 .text          0x000537ec     0x6664 ./zint-master/backend/ps.o
                0x000537ec                ps_plot
 .text          0x00059e50     0xa75c ./zint-master/backend/qr.o
                0x0005dbdc                apply_bitmask
                0x000607c8                microqr_expand_binary
                0x000604dc                get_bitlength
                0x0005c9e8                cwbit
                0x0005edac                qr_code
                0x00061850                micro_qr_m3
                0x00062d04                micro_apply_bitmask
                0x00059f30                define_mode
                0x0005cc3c                populate_grid
                0x00062068                micro_qr_m4
                0x0005cec4                evaluate
                0x00062b88                micro_evaluate
                0x0005c0ac                place_finder
                0x00060b54                micro_qr_m1
                0x0005a5a8                qr_binary
                0x00063544                microqr
                0x0005e690                add_format_info
                0x0005b7d0                add_ecc
                0x00061250                micro_qr_m2
                0x00062698                micro_setup_grid
                0x00062908                micro_populate_grid
                0x0005c33c                setup_grid
                0x00059e50                in_alpha
                0x0005c1e8                place_align
                0x0005fc3c                micro_qr_intermediate
                0x0005a2f4                estimate_binary_length
                0x0005ea4c                add_version_info
 .text          0x000645ac      0x97c ./zint-master/backend/reedsol.o
                0x00064ed0                rs_free
                0x00064c24                rs_encode_long
                0x000645ac                rs_init_gf
                0x00064748                rs_init_code
                0x0006497c                rs_encode
 .text          0x00064f28     0x3bfc ./zint-master/backend/render.o
                0x000687dc                render_plot_add_line
                0x0006899c                render_plot_add_hexagon
                0x000688cc                render_plot_add_ring
                0x00068850                render_plot_create_ring
                0x00064f28                render_plot
                0x00068a10                render_plot_add_string
                0x00068760                render_plot_create_line
                0x00068940                render_plot_create_hexagon
 .text          0x00068b24     0xaed4 ./zint-master/backend/rss.o
                0x0006db64                rss_binary_string
                0x0006d124                general_rules
                0x0006b830                rsslimited
                0x00068f0c                rss14
                0x00068b24                combins
                0x00070f64                rssexpanded
                0x00068c44                getRSSwidths
 .text          0x000739f8     0x59a8 ./zint-master/backend/svg.o
                0x000739f8                svg_plot
 .text          0x000793a0      0x648 ./zint-master/backend/telepen.o
                0x00079614                telepen_num
                0x000793a0                telepen
 .text          0x000799e8     0x29b8 ./zint-master/backend/upcean.o
                0x0007a504                ean_check
                0x00079b10                upca_draw
                0x0007a82c                ean8
                0x000799e8                upc_check
                0x0007b384                eanx
                0x0007a1f8                add_on
                0x0007af20                ean_leading_zeroes
                0x0007a9c0                isbn_check
                0x00079ca8                upce
                0x0007a634                ean13
                0x0007a8b4                isbn13_check
                0x0007aac4                isbn
                0x00079be4                upca
 .text          0x0007c3a0      0x46c ./src1/ContactSmartCard.o
                0x0007c3a0                ContactSmartCard_Demo
 .text          0x0007c80c      0x614 ./src1/JSON_checker.o
                0x0007c954                new_JSON_checker
                0x0007cdb0                JSON_checker_done
                0x0007c9d8                JSON_checker_char
 .text          0x0007ce20        0x0 ./src1/Z_report.o
 .text          0x0007ce20     0x42fc ./src1/cJSON.o
                0x0008039c                cJSON_DetachItemFromObject
                0x0007ff28                cJSON_GetArrayItem
                0x00080e08                cJSON_Minify
                0x0007d0e8                cJSON_Delete
                0x00080864                cJSON_CreateObject
                0x00080b34                cJSON_CreateStringArray
                0x0007ff90                cJSON_GetObjectItem
                0x0007ce20                cJSON_GetErrorPtr
                0x000806fc                cJSON_CreateBool
                0x00080254                cJSON_DetachItemFromArray
                0x00080a64                cJSON_CreateDoubleArray
                0x00080214                cJSON_AddItemReferenceToObject
                0x000808a4                cJSON_CreateIntArray
                0x0007e898                cJSON_ParseWithOpts
                0x00080364                cJSON_DeleteItemFromArray
                0x00080c00                cJSON_Duplicate
                0x00080750                cJSON_CreateNumber
                0x0008067c                cJSON_CreateTrue
                0x0007e9dc                cJSON_Print
                0x00080984                cJSON_CreateFloatArray
                0x0008063c                cJSON_CreateNull
                0x000807c8                cJSON_CreateString
                0x00080484                cJSON_ReplaceItemInArray
                0x0008044c                cJSON_DeleteItemFromObject
                0x0007e9ac                cJSON_Parse
                0x000806bc                cJSON_CreateFalse
                0x000800d4                cJSON_AddItemToArray
                0x0008015c                cJSON_AddItemToObject
                0x0007fec8                cJSON_GetArraySize
                0x000801dc                cJSON_AddItemReferenceToArray
                0x0007ea0c                cJSON_PrintUnformatted
                0x00080824                cJSON_CreateArray
                0x0007cfd4                cJSON_InitHooks
                0x0008058c                cJSON_ReplaceItemInObject
 .text          0x0008111c      0xa30 ./src1/cardinfo.o
                0x0008111c                personalizecard
 .text          0x00081b4c      0x8b8 ./src1/cl_smartcard_demo.o
                0x00081b4c                ContactlessSmartCard_Demo
                0x00081fa4                identifyCard_Demo
 .text          0x00082404        0x0 ./src1/configurations.o
 .text          0x00082404     0x19cc ./src1/desfire_test.o
                0x00082404                testnfc
                0x00083350                openCardReader
                0x000833c8                initializeCardSectors
                0x00082ce0                peformCardOperations
                0x00083ac8                readDataFromMifareCard
                0x000833d8                createApplicationAndFileAndWriteData
 .text          0x00083dd0     0x1830 ./src1/display.o
                0x00083dd0                Display_login_screen
                0x00084930                display_request_for_srvce_details
 .text          0x00085600     0x1200 ./src1/fp_test.o
                0x00085600                fplib_test
 .text          0x00086800     0x1ab4 ./src1/gprs_demo.o
                0x00086eac                threader1
                0x00087844                start_ppp_sess
                0x00086fd0                start_ppp_session
                0x000875e0                start_ppp_session1
                0x00087a68                power_on_modem_device
                0x00087df0                gprs_demo
                0x000869b8                check_remote_service_size
                0x00086cd0                ftp_service
 .text          0x000882b4     0x3a98 ./src1/jsonread.o
                0x00088a80                remove_quotes
                0x0008bc50                jcheck
                0x0008b904                json_parse_array_start
                0x0008ba5c                json_parse
                0x000882b4                print_json_value
                0x00088348                json_online
                0x0008b7dc                json_parse_array
                0x00088bc0                Start_online_display
                0x00088b1c                hash_fnc
                0x0008a628                read_online_jason_file
 .text          0x0008bd4c      0x198 ./src1/jsontest.o
                0x0008bd4c                jsonOperations
 .text          0x0008bee4     0x4450 ./src1/keyboart.o
                0x0008bee4                transaction1
                0x0008d370                increament_pointersize_and_copy
                0x0008fd6c                translate_long_strings_and_print
                0x0008d40c                kb_getString
                0x0008d294                MapChar2Index
                0x000902b4                message_display_getdate
                0x0008d0a4                key_board_demo1
                0x0008e520                kb_getStringtwo
                0x0008e39c                organise_screen_on_input_one
                0x0008c218                set_innitial_configuration
                0x0008cfbc                buy_goods
                0x0008ce44                my_account
                0x0008fb80                message_display_function
                0x0008fd44                message_display_function_extended
                0x0008d19c                key_board_demo
                0x0008c8fc                register_ben
                0x0008ffa4                organise_screen_on_input_login
 .text          0x00090334     0x2910 ./src1/lcd.o
                0x00092048                screen_header
                0x00090b44                lcd_set_font_color
                0x0009140c                fill_triangle
                0x00091ea8                get_y_position
                0x00091b90                lcd_show_picture
                0x000919a4                lcd_clear_background_picture
                0x000925c8                kb_hit
                0x00090818                changFont
                0x00091d50                lcd_draw_point
                0x000908c8                lcd_uninit
                0x00091b2c                lcd_restore
                0x00090334                lcd_init
                0x000912e4                lcd_draw_rectangle
                0x00090b1c                lcd_set_bk_color
                0x00091e80                define_y_position
                0x00091228                lcd_printf_ex
                0x00091e44                lcd_flip
                0x00091f78                set_font
                0x00092774                display_message
                0x00091688                lcd_set_background_picture
                0x00091ec8                screen_title
                0x00091a40                lcd_save
                0x00092108                lcd_menu
                0x00090b6c                lcd_clean
                0x00091508                lcd_draw_rectangle_colored
                0x0009279c                showBootHistory
                0x00090c0c                lcd_printf
                0x000926bc                kb_getkey
 .text          0x00092c44      0x2dc ./src1/magneticstrip_demo.o
                0x00092c44                magneticstrip_demo
 .text          0x00092f20      0x16c ./src1/main.o
                0x00092f60                main
                0x00092f20                design_url
                0x00092f40                get_offline_menu
 .text          0x0009308c     0x27a8 ./src1/menu_back_forth.o
                0x00094710                find_path_item
                0x0009308c                add_path
                0x000951a0                delete_all_in_path
                0x0009552c                travese_path
                0x00094f04                delete_path
                0x000954bc                print_menu_items_in_path
 .text          0x00095834     0x6670 ./src1/menu_hash.o
                0x00096ef4                add_code
                0x0009be10                one_level_up
                0x0009afb8                sort_by_id
                0x0009aaac                name_sort
                0x000985b4                add_has_next
                0x00099c78                find_menu
                0x0009a730                delete_all
                0x0009aaf0                id_sort
                0x00095834                add_menu
                0x0009b44c                menu_array
                0x0009a494                delete_menu
                0x0009bd50                one_level_deep
                0x0009aa4c                print_menus
                0x0009ab24                sort_by_name
 .text          0x0009bea4      0x228 ./src1/modem_demo.o
                0x0009bea4                modem_demo
 .text          0x0009c0cc      0x68c ./src1/mutwol.o
                0x0009c0cc                cardlogic
                0x0009c36c                enrollbeneficiary
 .text          0x0009c758     0x30bc ./src1/network_f.o
                0x0009ee1c                isValidAmmount
                0x0009f6e4                trim
                0x0009ccac                getRandoms
                0x0009cd20                getdate_mine_for_z
                0x0009efd0                set_innitial_configuratio
                0x0009d8d8                change_configuration
                0x0009ee54                is_valid_int
                0x0009c840                getdate_mine
                0x0009cfcc                read_config
                0x0009ef24                is_valid_positive_int
                0x0009edd8                isValidIpAddress
                0x0009c758                funt_get_mac_address
                0x0009d750                save_configarations
                0x0009ca28                getdate_mine_for_transaction
                0x0009cf2c                get_current_time
                0x0009e570                change_password
 .text          0x0009f814     0x16fc ./src1/postslib_extern.o
                0x0009f8fc                portClose
                0x000a0b54                PedSignature
                0x0009fb40                sysGetTimerCount
                0x0009fb0c                fileRename
                0x0009f944                fileSeek
                0x000a0998                AfterSignReply
                0x0009f91c                portOpen
                0x000a062c                InputSign
                0x0009f980                fileClose
                0x0009f884                portCheckRecvBuf
                0x000a0ca4                SetElecSignTimeOut
                0x0009f9a8                fileWrite
                0x0009f8a4                portSends
                0x000a03c4                ShakeHands
                0x0009f814                fileOpen
                0x0009f8d0                portRecv
 .text          0x000a0f10     0x9228 ./src1/printer_demo.o
                0x000a85a0                print_z_report
                0x000a3ddc                Printer_Demo
                0x000a0f10                replacer
                0x000a9d44                display_image
                0x000a83fc                get_printstatus
                0x000a248c                SBP_printer
                0x000a9e88                load_image_for_screen
                0x000a5c08                print_x_z_report
                0x000a7c20                PrintHeader
                0x000a1180                Printer_Void_receipt
 .text          0x000aa138      0x850 ./src1/receipt.o
                0x000aa440                get_voided_number
                0x000aa138                get_receipt_number
                0x000aa708                set_get_z_number
                0x000aa5c4                revert_receipt_number
 .text          0x000aa988     0x1814 ./src1/socket_demo.o
                0x000abad8                tcp_server
                0x000aa988                socket_server_demo
                0x000abea0                tcp_close
                0x000abd84                tcp_connect
                0x000aba9c                tcp_init
                0x000ab5b8                ssl_client_demo
                0x000aaf10                ssl_server_demo
                0x000aad44                socket_client_demo
                0x000abecc                tcp_read
                0x000ac05c                tcp_write
                0x000abbfc                tcp_accept
 .text          0x000ac19c     0x3d14 ./src1/sql_functions.o
                0x000aeea0                create_all_table
                0x000afaf4                reprint_receipt
                0x000aecec                read_database_receiptlogs
                0x000ae6c0                sqlite_database_create_table
                0x000af04c                x_report_old
                0x000ae870                sqlite_database_insert_into_table
                0x000aeab4                read_database
                0x000aee2c                clear_arrays
                0x000aef14                x_report
                0x000af194                z_report
                0x000af9b4                void_receipt
 .text          0x000afeb0      0x170 ./src1/string_convert.o
                0x000affbc                string_len
                0x000afeb0                string_covert
 .text          0x000b0020      0xf1c ./src1/touch.o
                0x000b05ec                touch_line
                0x000b0898                touch_line_ex
                0x000b0324                touch_clear
                0x000b0824                swap_int
                0x000b02b4                touch_uninit
                0x000b0020                touch_init
                0x000b03b8                touch_pixel
                0x000b0dac                touch_get_draw
 .text          0x000b0f3c      0x410 ./src1/touch_demo.o
                0x000b0f3c                touch_demo
 .text          0x000b134c        0x0 ./src1/transaction.o
 .text          0x000b134c      0x2e8 ./src1/uart_demo.o
                0x000b134c                uart_demo
 .text          0x000b1634      0x9cc ./src1/video.o
                0x000b1634                main1
 .text          0x000b2000      0x180 ./src1/visualstring.o
                0x000b2080                helper_remove_feff
                0x000b2000                helper_remove_char_at
                0x000b2138                bidi_init
 .text          0x000b2180      0x460 ./jsonfiles/arraylist.o
                0x000b2454                array_list_put_idx
                0x000b2244                array_list_free
                0x000b2180                array_list_new
                0x000b2538                array_list_add
                0x000b22f0                array_list_get_idx
                0x000b25bc                array_list_length
                0x000b2578                array_list_sort
 .text          0x000b25e0      0x21c ./jsonfiles/debug.o
                0x000b2790                mc_info
                0x000b2608                mc_get_debug
                0x000b2724                mc_error
                0x000b25e0                mc_set_debug
                0x000b2650                mc_abort
                0x000b2628                mc_set_syslog
                0x000b26b0                mc_debug
 .text          0x000b27fc     0x1acc ./jsonfiles/json_object.o
                0x000b32b4                json_object_object_get
                0x000b428c                json_object_array_get_idx
                0x000b34a0                json_object_get_boolean
                0x000b3c4c                json_object_new_string
                0x000b40bc                json_object_new_array
                0x000b2b54                json_object_put
                0x000b2c60                json_object_is_type
                0x000b3cf0                json_object_new_string_len
                0x000b2d10                json_object_to_json_string_ext
                0x000b31f4                json_object_get_object
                0x000b3828                json_object_new_int64
                0x000b3388                json_object_object_del
                0x000b367c                json_object_get_int
                0x000b420c                json_object_array_add
                0x000b3da8                json_object_get_string
                0x000b3164                json_object_new_object
                0x000b41a8                json_object_array_sort
                0x000b3e14                json_object_get_string_len
                0x000b41dc                json_object_array_length
                0x000b32f0                json_object_object_get_ex
                0x000b3a90                json_object_get_double
                0x000b4144                json_object_get_array
                0x000b3430                json_object_new_boolean
                0x000b4248                json_object_array_put_idx
                0x000b3604                json_object_new_int
                0x000b2b14                json_object_get
                0x000b38a4                json_object_get_int64
                0x000b3258                json_object_object_add
                0x000b2df0                json_object_to_json_string
                0x000b3a14                json_object_new_double
                0x000b2cc8                json_object_get_type
 .text          0x000b42c8      0x154 ./jsonfiles/json_object_iterator.o
                0x000b43f8                json_object_iter_init_default
                0x000b4308                json_object_iter_end
                0x000b42c8                json_object_iter_begin
                0x000b43b8                json_object_iter_equal
                0x000b433c                json_object_iter_next
                0x000b4390                json_object_iter_peek_value
                0x000b4368                json_object_iter_peek_name
 .text          0x000b441c     0x4228 ./jsonfiles/json_tokener.o
                0x000b46d0                json_tokener_parse
                0x000b47e4                json_tokener_parse_ex
                0x000b4500                json_tokener_free
                0x000b4494                json_tokener_new
                0x000b465c                json_tokener_reset
                0x000b4470                json_tokener_get_error
                0x000b470c                json_tokener_parse_verbose
                0x000b441c                json_tokener_error_desc
 .text          0x000b8644      0x6dc ./jsonfiles/json_util.o
                0x000b89a4                json_object_to_file
                0x000b8cbc                json_type_to_name
                0x000b8644                json_object_from_file
                0x000b87fc                json_object_to_file_ext
                0x000b89dc                json_parse_int64
 .text          0x000b8d20      0xd20 ./jsonfiles/linkhash.o
                0x000b9020                lh_kptr_table_new
                0x000b94c4                lh_table_lookup_entry
                0x000b8eb0                lh_table_new
                0x000b8de0                lh_char_hash
                0x000b9644                lh_table_lookup
                0x000b99d8                lh_table_delete
                0x000b9680                lh_table_lookup_ex
                0x000b8d54                lh_ptr_hash
                0x000b8e68                lh_char_equal
                0x000b9178                lh_table_free
                0x000b9714                lh_table_delete_entry
                0x000b91f8                lh_table_insert
                0x000b9070                lh_table_resize
                0x000b8fd0                lh_kchar_table_new
                0x000b8d20                lh_abort
                0x000b8da8                lh_ptr_equal
 .text          0x000b9a40      0x584 ./jsonfiles/printbuf.o
                0x000b9f54                printbuf_reset
                0x000b9b30                printbuf_new
                0x000b9ca4                printbuf_memappend
                0x000b9d8c                printbuf_memset
                0x000b9f88                printbuf_free
                0x000b9e64                sprintbuf
 .text          0x000b9fc4      0x110 /opt/compiler/glibc-oabi-toolchain-arm-generic/lib/gcc/arm-unknown-linux-gnu/4.3.4/libgcc.a(_udivsi3.o)
                0x000b9fc4                __udivsi3
                0x000ba0bc                __aeabi_uidivmod
                0x000b9fc4                __aeabi_uidiv
 .text          0x000ba0d4      0x140 /opt/compiler/glibc-oabi-toolchain-arm-generic/lib/gcc/arm-unknown-linux-gnu/4.3.4/libgcc.a(_divsi3.o)
                0x000ba0d4                __aeabi_idiv
                0x000ba0d4                __divsi3
                0x000ba1fc                __aeabi_idivmod
 .text          0x000ba214       0xcc /opt/compiler/glibc-oabi-toolchain-arm-generic/lib/gcc/arm-unknown-linux-gnu/4.3.4/libgcc.a(_umodsi3.o)
                0x000ba214                __umodsi3
 .text          0x000ba2e0       0xe4 /opt/compiler/glibc-oabi-toolchain-arm-generic/lib/gcc/arm-unknown-linux-gnu/4.3.4/libgcc.a(_modsi3.o)
                0x000ba2e0                __modsi3
 .text          0x000ba3c4        0x4 /opt/compiler/glibc-oabi-toolchain-arm-generic/lib/gcc/arm-unknown-linux-gnu/4.3.4/libgcc.a(_dvmd_tls.o)
                0x000ba3c4                __div0
                0x000ba3c4                __aeabi_idiv0
                0x000ba3c4                __aeabi_ldiv0
 .text          0x000ba3c8      0x400 /opt/compiler/glibc-oabi-toolchain-arm-generic/lib/gcc/arm-unknown-linux-gnu/4.3.4/libgcc.a(_addsubdf3.o)
                0x000ba6b4                __aeabi_ui2d
                0x000ba748                __aeabi_ul2d
                0x000ba6dc                __floatsidf
                0x000ba3d0                __subdf3
                0x000ba6b4                __floatunsidf
                0x000ba3d4                __adddf3
                0x000ba75c                __floatdidf
                0x000ba3d0                __aeabi_dsub
                0x000ba708                __extendsfdf2
                0x000ba75c                __aeabi_l2d
                0x000ba708                __aeabi_f2d
                0x000ba748                __floatundidf
                0x000ba3d4                __aeabi_dadd
                0x000ba6dc                __aeabi_i2d
                0x000ba3c8                __aeabi_drsub
 .text          0x000ba7c8      0x52c /opt/compiler/glibc-oabi-toolchain-arm-generic/lib/gcc/arm-unknown-linux-gnu/4.3.4/libgcc.a(_muldivdf3.o)
                0x000ba7c8                __muldf3
                0x000baaf0                __aeabi_ddiv
                0x000ba7c8                __aeabi_dmul
                0x000baaf0                __divdf3
 .text          0x000bacf4      0x128 /opt/compiler/glibc-oabi-toolchain-arm-generic/lib/gcc/arm-unknown-linux-gnu/4.3.4/libgcc.a(_cmpdf2.o)
                0x000bad88                __aeabi_cdrcmple
                0x000bae08                __aeabi_dcmpgt
                0x000bacfc                __ltdf2
                0x000bacf4                __gedf2
                0x000bade0                __aeabi_dcmple
                0x000bada4                __aeabi_cdcmple
                0x000bada4                __aeabi_cdcmpeq
                0x000badf4                __aeabi_dcmpge
                0x000bacf4                __gtdf2
                0x000badcc                __aeabi_dcmplt
                0x000bad04                __eqdf2
                0x000badb8                __aeabi_dcmpeq
                0x000bacfc                __ledf2
                0x000bad04                __cmpdf2
                0x000bad04                __nedf2
 .text          0x000bae1c       0x5c /opt/compiler/glibc-oabi-toolchain-arm-generic/lib/gcc/arm-unknown-linux-gnu/4.3.4/libgcc.a(_fixdfsi.o)
                0x000bae1c                __aeabi_d2iz
                0x000bae1c                __fixdfsi
 .text          0x000bae78       0x54 /opt/compiler/glibc-oabi-toolchain-arm-generic/lib/gcc/arm-unknown-linux-gnu/4.3.4/libgcc.a(_fixunsdfsi.o)
                0x000bae78                __fixunsdfsi
                0x000bae78                __aeabi_d2uiz
 .text          0x000baecc       0xa0 /opt/compiler/glibc-oabi-toolchain-arm-generic/lib/gcc/arm-unknown-linux-gnu/4.3.4/libgcc.a(_truncdfsf2.o)
                0x000baecc                __truncdfsf2
                0x000baecc                __aeabi_d2f
 .text          0x000baf6c      0x2ac /opt/compiler/glibc-oabi-toolchain-arm-generic/lib/gcc/arm-unknown-linux-gnu/4.3.4/libgcc.a(_addsubsf3.o)
                0x000bb13c                __floatsisf
                0x000baf74                __subsf3
                0x000bb134                __aeabi_ui2f
                0x000baf6c                __aeabi_frsub
                0x000baf74                __aeabi_fsub
                0x000bb15c                __floatundisf
                0x000bb16c                __floatdisf
                0x000bb13c                __aeabi_i2f
                0x000baf78                __addsf3
                0x000baf78                __aeabi_fadd
                0x000bb16c                __aeabi_l2f
                0x000bb15c                __aeabi_ul2f
                0x000bb134                __floatunsisf
 .text          0x000bb218      0x324 /opt/compiler/glibc-oabi-toolchain-arm-generic/lib/gcc/arm-unknown-linux-gnu/4.3.4/libgcc.a(_muldivsf3.o)
                0x000bb3dc                __divsf3
                0x000bb218                __mulsf3
                0x000bb3dc                __aeabi_fdiv
                0x000bb218                __aeabi_fmul
 .text          0x000bb53c       0xf8 /opt/compiler/glibc-oabi-toolchain-arm-generic/lib/gcc/arm-unknown-linux-gnu/4.3.4/libgcc.a(_cmpsf2.o)
                0x000bb5d0                __aeabi_fcmpeq
                0x000bb54c                __eqsf2
                0x000bb5ac                __aeabi_cfrcmple
                0x000bb620                __aeabi_fcmpgt
                0x000bb5bc                __aeabi_cfcmple
                0x000bb5bc                __aeabi_cfcmpeq
                0x000bb60c                __aeabi_fcmpge
                0x000bb5e4                __aeabi_fcmplt
                0x000bb544                __lesf2
                0x000bb53c                __gtsf2
                0x000bb54c                __cmpsf2
                0x000bb5f8                __aeabi_fcmple
                0x000bb54c                __nesf2
                0x000bb544                __ltsf2
                0x000bb53c                __gesf2
 .text          0x000bb634       0x5c /opt/compiler/glibc-oabi-toolchain-arm-generic/lib/gcc/arm-unknown-linux-gnu/4.3.4/libgcc.a(_fixsfsi.o)
                0x000bb634                __fixsfsi
                0x000bb634                __aeabi_f2iz
 .text          0x000bb690       0x54 /opt/compiler/glibc-oabi-toolchain-arm-generic/lib/gcc/arm-unknown-linux-gnu/4.3.4/libgcc.a(_fixunssfsi.o)
                0x000bb690                __aeabi_f2uiz
                0x000bb690                __fixunssfsi
 .text          0x000bb6e4       0x58 /opt/compiler/glibc-oabi-toolchain-arm-generic/lib/gcc/arm-unknown-linux-gnu/4.3.4/libgcc.a(_fixdfdi.o)
                0x000bb6e4                __fixdfdi
 .text          0x000bb73c       0x68 /opt/compiler/glibc-oabi-toolchain-arm-generic/lib/gcc/arm-unknown-linux-gnu/4.3.4/libgcc.a(_fixunsdfdi.o)
                0x000bb73c                __fixunsdfdi
 .text          0x000bb7a4      0x504 /opt/compiler/glibc-oabi-toolchain-arm-generic/lib/gcc/arm-unknown-linux-gnu/4.3.4/libgcc.a(_udivdi3.o)
                0x000bb7a4                __udivdi3
 .text          0x000bbca8      0x440 /opt/compiler/glibc-oabi-toolchain-arm-generic/lib/gcc/arm-unknown-linux-gnu/4.3.4/libgcc.a(_umoddi3.o)
                0x000bbca8                __umoddi3
 .text          0x000bc0e8        0x0 /opt/compiler/glibc-oabi-toolchain-arm-generic/lib/gcc/arm-unknown-linux-gnu/4.3.4/libgcc.a(_clz.o)
 .text          0x000bc0e8       0x70 /opt/compiler/glibc-oabi-toolchain-arm-generic/arm-unknown-linux-gnu//sys-root/usr/lib/libc_nonshared.a(elf-init.oS)
                0x000bc0ec                __libc_csu_init
                0x000bc0e8                __libc_csu_fini
 .text          0x000bc158       0x34 /opt/compiler/glibc-oabi-toolchain-arm-generic/lib/gcc/arm-unknown-linux-gnu/4.3.4/crtend.o
 .text          0x000bc18c        0x0 /opt/compiler/glibc-oabi-toolchain-arm-generic/arm-unknown-linux-gnu//sys-root/usr/lib/crtn.o
 *(.gnu.warning)
 *(.glue_7t)
 .glue_7t       0x000bc18c        0x0 /opt/compiler/glibc-oabi-toolchain-arm-generic/arm-unknown-linux-gnu//sys-root/usr/lib/crt1.o
 .glue_7t       0x000bc18c        0x0 /opt/compiler/glibc-oabi-toolchain-arm-generic/arm-unknown-linux-gnu//sys-root/usr/lib/crti.o
 .glue_7t       0x000bc18c        0x0 /opt/compiler/glibc-oabi-toolchain-arm-generic/lib/gcc/arm-unknown-linux-gnu/4.3.4/crtbegin.o
 .glue_7t       0x000bc18c        0x0 ./zint-master/frontend/getopt.o
 .glue_7t       0x000bc18c        0x0 ./zint-master/frontend/getopt1.o
 .glue_7t       0x000bc18c        0x0 ./zint-master/backend/2of5.o
 .glue_7t       0x000bc18c        0x0 ./zint-master/backend/auspost.o
 .glue_7t       0x000bc18c        0x0 ./zint-master/backend/aztec.o
 .glue_7t       0x000bc18c        0x0 ./zint-master/backend/code.o
 .glue_7t       0x000bc18c        0x0 ./zint-master/backend/code1.o
 .glue_7t       0x000bc18c        0x0 ./zint-master/backend/code128.o
 .glue_7t       0x000bc18c        0x0 ./zint-master/backend/code16k.o
 .glue_7t       0x000bc18c        0x0 ./zint-master/backend/code49.o
 .glue_7t       0x000bc18c        0x0 ./zint-master/backend/common.o
 .glue_7t       0x000bc18c        0x0 ./zint-master/backend/composite.o
 .glue_7t       0x000bc18c        0x0 ./zint-master/backend/dllversion.o
 .glue_7t       0x000bc18c        0x0 ./zint-master/backend/dmatrix.o
 .glue_7t       0x000bc18c        0x0 ./zint-master/backend/gridmtx.o
 .glue_7t       0x000bc18c        0x0 ./zint-master/backend/gs1.o
 .glue_7t       0x000bc18c        0x0 ./zint-master/backend/imail.o
 .glue_7t       0x000bc18c        0x0 ./zint-master/backend/large.o
 .glue_7t       0x000bc18c        0x0 ./zint-master/backend/library.o
 .glue_7t       0x000bc18c        0x0 ./zint-master/backend/maxicode.o
 .glue_7t       0x000bc18c        0x0 ./zint-master/backend/medical.o
 .glue_7t       0x000bc18c        0x0 ./zint-master/backend/pdf417.o
 .glue_7t       0x000bc18c        0x0 ./zint-master/backend/plessey.o
 .glue_7t       0x000bc18c        0x0 ./zint-master/backend/png.o
 .glue_7t       0x000bc18c        0x0 ./zint-master/backend/postal.o
 .glue_7t       0x000bc18c        0x0 ./zint-master/backend/ps.o
 .glue_7t       0x000bc18c        0x0 ./zint-master/backend/qr.o
 .glue_7t       0x000bc18c        0x0 ./zint-master/backend/reedsol.o
 .glue_7t       0x000bc18c        0x0 ./zint-master/backend/render.o
 .glue_7t       0x000bc18c        0x0 ./zint-master/backend/rss.o
 .glue_7t       0x000bc18c        0x0 ./zint-master/backend/svg.o
 .glue_7t       0x000bc18c        0x0 ./zint-master/backend/telepen.o
 .glue_7t       0x000bc18c        0x0 ./zint-master/backend/upcean.o
 .glue_7t       0x000bc18c        0x0 ./src1/ContactSmartCard.o
 .glue_7t       0x000bc18c        0x0 ./src1/JSON_checker.o
 .glue_7t       0x000bc18c        0x0 ./src1/Z_report.o
 .glue_7t       0x000bc18c        0x0 ./src1/cJSON.o
 .glue_7t       0x000bc18c        0x0 ./src1/cardinfo.o
 .glue_7t       0x000bc18c        0x0 ./src1/cl_smartcard_demo.o
 .glue_7t       0x000bc18c        0x0 ./src1/configurations.o
 .glue_7t       0x000bc18c        0x0 ./src1/desfire_test.o
 .glue_7t       0x000bc18c        0x0 ./src1/display.o
 .glue_7t       0x000bc18c        0x0 ./src1/fp_test.o
 .glue_7t       0x000bc18c        0x0 ./src1/gprs_demo.o
 .glue_7t       0x000bc18c        0x0 ./src1/jsonread.o
 .glue_7t       0x000bc18c        0x0 ./src1/jsontest.o
 .glue_7t       0x000bc18c        0x0 ./src1/keyboart.o
 .glue_7t       0x000bc18c        0x0 ./src1/lcd.o
 .glue_7t       0x000bc18c        0x0 ./src1/magneticstrip_demo.o
 .glue_7t       0x000bc18c        0x0 ./src1/main.o
 .glue_7t       0x000bc18c        0x0 ./src1/menu_back_forth.o
 .glue_7t       0x000bc18c        0x0 ./src1/menu_hash.o
 .glue_7t       0x000bc18c        0x0 ./src1/modem_demo.o
 .glue_7t       0x000bc18c        0x0 ./src1/mutwol.o
 .glue_7t       0x000bc18c        0x0 ./src1/network_f.o
 .glue_7t       0x000bc18c        0x0 ./src1/postslib_extern.o
 .glue_7t       0x000bc18c        0x0 ./src1/printer_demo.o
 .glue_7t       0x000bc18c        0x0 ./src1/receipt.o
 .glue_7t       0x000bc18c        0x0 ./src1/socket_demo.o
 .glue_7t       0x000bc18c        0x0 ./src1/sql_functions.o
 .glue_7t       0x000bc18c        0x0 ./src1/string_convert.o
 .glue_7t       0x000bc18c        0x0 ./src1/touch.o
 .glue_7t       0x000bc18c        0x0 ./src1/touch_demo.o
 .glue_7t       0x000bc18c        0x0 ./src1/transaction.o
 .glue_7t       0x000bc18c        0x0 ./src1/uart_demo.o
 .glue_7t       0x000bc18c        0x0 ./src1/video.o
 .glue_7t       0x000bc18c        0x0 ./src1/visualstring.o
 .glue_7t       0x000bc18c        0x0 ./jsonfiles/arraylist.o
 .glue_7t       0x000bc18c        0x0 ./jsonfiles/debug.o
 .glue_7t       0x000bc18c        0x0 ./jsonfiles/json_object.o
 .glue_7t       0x000bc18c        0x0 ./jsonfiles/json_object_iterator.o
 .glue_7t       0x000bc18c        0x0 ./jsonfiles/json_tokener.o
 .glue_7t       0x000bc18c        0x0 ./jsonfiles/json_util.o
 .glue_7t       0x000bc18c        0x0 ./jsonfiles/linkhash.o
 .glue_7t       0x000bc18c        0x0 ./jsonfiles/printbuf.o
 .glue_7t       0x000bc18c        0x0 /home/pos/NEWPOS/sdk/lib/libz.so
 .glue_7t       0x000bc18c        0x0 /home/pos/NEWPOS/FDx_SDK_PRO_LINUX_ARM11_OABI_3_7_1_REV922/lib/arm11_oabi/libsgfpamx.so
 .glue_7t       0x000bc18c        0x0 /home/pos/NEWPOS/FDx_SDK_PRO_LINUX_ARM11_OABI_3_7_1_REV922/lib/arm11_oabi/libsgfdu04.so
 .glue_7t       0x000bc18c        0x0 /home/pos/NEWPOS/FDx_SDK_PRO_LINUX_ARM11_OABI_3_7_1_REV922/lib/arm11_oabi/libsgfplib.so
 .glue_7t       0x000bc18c        0x0 /home/pos/NEWPOS/sdk/lib/libusb.so
 .glue_7t       0x000bc18c        0x0 /home/pos/NEWPOS/sdk/lib/libusbpp.so
 .glue_7t       0x000bc18c        0x0 /home/pos/NEWPOS/sdk/lib/libsqlite3.so
 .glue_7t       0x000bc18c        0x0 /home/pos/NEWPOS/sdk/lib/libcurl.so
 .glue_7t       0x000bc18c        0x0 /home/pos/NEWPOS/sdk/lib/libts.so
 .glue_7t       0x000bc18c        0x0 /home/pos/NEWPOS/sdk/lib/libssl.so
 .glue_7t       0x000bc18c        0x0 /home/pos/NEWPOS/sdk/lib/libdirect.so
 .glue_7t       0x000bc18c        0x0 /home/pos/NEWPOS/sdk/lib/libdirectfb.so
 .glue_7t       0x000bc18c        0x0 /home/pos/NEWPOS/sdk/lib/libemv.so
 .glue_7t       0x000bc18c        0x0 /home/pos/NEWPOS/sdk/lib/libiccard.so
 .glue_7t       0x000bc18c        0x0 /home/pos/NEWPOS/sdk/lib/libnfc.so
 .glue_7t       0x000bc18c        0x0 /home/pos/NEWPOS/sdk/lib/libpng.so
 .glue_7t       0x000bc18c        0x0 /home/pos/NEWPOS/sdk/lib/libpos.so
 .glue_7t       0x000bc18c        0x0 /home/pos/NEWPOS/sdk/lib/libcrypto.so
 .glue_7t       0x000bc18c        0x0 /home/pos/NEWPOS/sdk/lib/libped.so
 .glue_7t       0x000bc18c        0x0 /home/pos/NEWPOS/sdk/lib/libfusion.so
 .glue_7t       0x000bc18c        0x0 /opt/compiler/glibc-oabi-toolchain-arm-generic/lib/gcc/arm-unknown-linux-gnu/4.3.4/libgcc.a(_udivsi3.o)
 .glue_7t       0x000bc18c        0x0 /opt/compiler/glibc-oabi-toolchain-arm-generic/lib/gcc/arm-unknown-linux-gnu/4.3.4/libgcc.a(_divsi3.o)
 .glue_7t       0x000bc18c        0x0 /opt/compiler/glibc-oabi-toolchain-arm-generic/lib/gcc/arm-unknown-linux-gnu/4.3.4/libgcc.a(_umodsi3.o)
 .glue_7t       0x000bc18c        0x0 /opt/compiler/glibc-oabi-toolchain-arm-generic/lib/gcc/arm-unknown-linux-gnu/4.3.4/libgcc.a(_modsi3.o)
 .glue_7t       0x000bc18c        0x0 /opt/compiler/glibc-oabi-toolchain-arm-generic/lib/gcc/arm-unknown-linux-gnu/4.3.4/libgcc.a(_dvmd_tls.o)
 .glue_7t       0x000bc18c        0x0 /opt/compiler/glibc-oabi-toolchain-arm-generic/lib/gcc/arm-unknown-linux-gnu/4.3.4/libgcc.a(_addsubdf3.o)
 .glue_7t       0x000bc18c        0x0 /opt/compiler/glibc-oabi-toolchain-arm-generic/lib/gcc/arm-unknown-linux-gnu/4.3.4/libgcc.a(_muldivdf3.o)
 .glue_7t       0x000bc18c        0x0 /opt/compiler/glibc-oabi-toolchain-arm-generic/lib/gcc/arm-unknown-linux-gnu/4.3.4/libgcc.a(_cmpdf2.o)
 .glue_7t       0x000bc18c        0x0 /opt/compiler/glibc-oabi-toolchain-arm-generic/lib/gcc/arm-unknown-linux-gnu/4.3.4/libgcc.a(_fixdfsi.o)
 .glue_7t       0x000bc18c        0x0 /opt/compiler/glibc-oabi-toolchain-arm-generic/lib/gcc/arm-unknown-linux-gnu/4.3.4/libgcc.a(_fixunsdfsi.o)
 .glue_7t       0x000bc18c        0x0 /opt/compiler/glibc-oabi-toolchain-arm-generic/lib/gcc/arm-unknown-linux-gnu/4.3.4/libgcc.a(_truncdfsf2.o)
 .glue_7t       0x000bc18c        0x0 /opt/compiler/glibc-oabi-toolchain-arm-generic/lib/gcc/arm-unknown-linux-gnu/4.3.4/libgcc.a(_addsubsf3.o)
 .glue_7t       0x000bc18c        0x0 /opt/compiler/glibc-oabi-toolchain-arm-generic/lib/gcc/arm-unknown-linux-gnu/4.3.4/libgcc.a(_muldivsf3.o)
 .glue_7t       0x000bc18c        0x0 /opt/compiler/glibc-oabi-toolchain-arm-generic/lib/gcc/arm-unknown-linux-gnu/4.3.4/libgcc.a(_cmpsf2.o)
 .glue_7t       0x000bc18c        0x0 /opt/compiler/glibc-oabi-toolchain-arm-generic/lib/gcc/arm-unknown-linux-gnu/4.3.4/libgcc.a(_fixsfsi.o)
 .glue_7t       0x000bc18c        0x0 /opt/compiler/glibc-oabi-toolchain-arm-generic/lib/gcc/arm-unknown-linux-gnu/4.3.4/libgcc.a(_fixunssfsi.o)
 .glue_7t       0x000bc18c        0x0 /opt/compiler/glibc-oabi-toolchain-arm-generic/lib/gcc/arm-unknown-linux-gnu/4.3.4/libgcc.a(_fixdfdi.o)
 .glue_7t       0x000bc18c        0x0 /opt/compiler/glibc-oabi-toolchain-arm-generic/lib/gcc/arm-unknown-linux-gnu/4.3.4/libgcc.a(_fixunsdfdi.o)
 .glue_7t       0x000bc18c        0x0 /opt/compiler/glibc-oabi-toolchain-arm-generic/lib/gcc/arm-unknown-linux-gnu/4.3.4/libgcc.a(_udivdi3.o)
 .glue_7t       0x000bc18c        0x0 /opt/compiler/glibc-oabi-toolchain-arm-generic/lib/gcc/arm-unknown-linux-gnu/4.3.4/libgcc.a(_umoddi3.o)
 .glue_7t       0x000bc18c        0x0 /opt/compiler/glibc-oabi-toolchain-arm-generic/lib/gcc/arm-unknown-linux-gnu/4.3.4/libgcc.a(_clz.o)
 .glue_7t       0x000bc18c        0x0 /opt/compiler/glibc-oabi-toolchain-arm-generic/lib/gcc/arm-unknown-linux-gnu/4.3.4/../../../../arm-unknown-linux-gnu/lib/libgcc_s.so
 .glue_7t       0x000bc18c        0x0 /opt/compiler/glibc-oabi-toolchain-arm-generic/arm-unknown-linux-gnu//sys-root/lib/libc.so.6
 .glue_7t       0x000bc18c        0x0 /opt/compiler/glibc-oabi-toolchain-arm-generic/arm-unknown-linux-gnu//sys-root/usr/lib/libc_nonshared.a(elf-init.oS)
 .glue_7t       0x000bc18c        0x0 /opt/compiler/glibc-oabi-toolchain-arm-generic/arm-unknown-linux-gnu//sys-root/lib/ld-linux.so.2
 .glue_7t       0x000bc18c        0x0 /opt/compiler/glibc-oabi-toolchain-arm-generic/lib/gcc/arm-unknown-linux-gnu/4.3.4/../../../../arm-unknown-linux-gnu/lib/libgcc_s.so
 .glue_7t       0x000bc18c        0x0 /opt/compiler/glibc-oabi-toolchain-arm-generic/lib/gcc/arm-unknown-linux-gnu/4.3.4/crtend.o
 .glue_7t       0x000bc18c        0x0 /opt/compiler/glibc-oabi-toolchain-arm-generic/arm-unknown-linux-gnu//sys-root/usr/lib/crtn.o
 *(.glue_7)
 .glue_7        0x000bc18c        0x0 /opt/compiler/glibc-oabi-toolchain-arm-generic/arm-unknown-linux-gnu//sys-root/usr/lib/crt1.o
 .glue_7        0x000bc18c        0x0 /opt/compiler/glibc-oabi-toolchain-arm-generic/arm-unknown-linux-gnu//sys-root/usr/lib/crti.o
 .glue_7        0x000bc18c        0x0 /opt/compiler/glibc-oabi-toolchain-arm-generic/lib/gcc/arm-unknown-linux-gnu/4.3.4/crtbegin.o
 .glue_7        0x000bc18c        0x0 ./zint-master/frontend/getopt.o
 .glue_7        0x000bc18c        0x0 ./zint-master/frontend/getopt1.o
 .glue_7        0x000bc18c        0x0 ./zint-master/backend/2of5.o
 .glue_7        0x000bc18c        0x0 ./zint-master/backend/auspost.o
 .glue_7        0x000bc18c        0x0 ./zint-master/backend/aztec.o
 .glue_7        0x000bc18c        0x0 ./zint-master/backend/code.o
 .glue_7        0x000bc18c        0x0 ./zint-master/backend/code1.o
 .glue_7        0x000bc18c        0x0 ./zint-master/backend/code128.o
 .glue_7        0x000bc18c        0x0 ./zint-master/backend/code16k.o
 .glue_7        0x000bc18c        0x0 ./zint-master/backend/code49.o
 .glue_7        0x000bc18c        0x0 ./zint-master/backend/common.o
 .glue_7        0x000bc18c        0x0 ./zint-master/backend/composite.o
 .glue_7        0x000bc18c        0x0 ./zint-master/backend/dllversion.o
 .glue_7        0x000bc18c        0x0 ./zint-master/backend/dmatrix.o
 .glue_7        0x000bc18c        0x0 ./zint-master/backend/gridmtx.o
 .glue_7        0x000bc18c        0x0 ./zint-master/backend/gs1.o
 .glue_7        0x000bc18c        0x0 ./zint-master/backend/imail.o
 .glue_7        0x000bc18c        0x0 ./zint-master/backend/large.o
 .glue_7        0x000bc18c        0x0 ./zint-master/backend/library.o
 .glue_7        0x000bc18c        0x0 ./zint-master/backend/maxicode.o
 .glue_7        0x000bc18c        0x0 ./zint-master/backend/medical.o
 .glue_7        0x000bc18c        0x0 ./zint-master/backend/pdf417.o
 .glue_7        0x000bc18c        0x0 ./zint-master/backend/plessey.o
 .glue_7        0x000bc18c        0x0 ./zint-master/backend/png.o
 .glue_7        0x000bc18c        0x0 ./zint-master/backend/postal.o
 .glue_7        0x000bc18c        0x0 ./zint-master/backend/ps.o
 .glue_7        0x000bc18c        0x0 ./zint-master/backend/qr.o
 .glue_7        0x000bc18c        0x0 ./zint-master/backend/reedsol.o
 .glue_7        0x000bc18c        0x0 ./zint-master/backend/render.o
 .glue_7        0x000bc18c        0x0 ./zint-master/backend/rss.o
 .glue_7        0x000bc18c        0x0 ./zint-master/backend/svg.o
 .glue_7        0x000bc18c        0x0 ./zint-master/backend/telepen.o
 .glue_7        0x000bc18c        0x0 ./zint-master/backend/upcean.o
 .glue_7        0x000bc18c        0x0 ./src1/ContactSmartCard.o
 .glue_7        0x000bc18c        0x0 ./src1/JSON_checker.o
 .glue_7        0x000bc18c        0x0 ./src1/Z_report.o
 .glue_7        0x000bc18c        0x0 ./src1/cJSON.o
 .glue_7        0x000bc18c        0x0 ./src1/cardinfo.o
 .glue_7        0x000bc18c        0x0 ./src1/cl_smartcard_demo.o
 .glue_7        0x000bc18c        0x0 ./src1/configurations.o
 .glue_7        0x000bc18c        0x0 ./src1/desfire_test.o
 .glue_7        0x000bc18c        0x0 ./src1/display.o
 .glue_7        0x000bc18c        0x0 ./src1/fp_test.o
 .glue_7        0x000bc18c        0x0 ./src1/gprs_demo.o
 .glue_7        0x000bc18c        0x0 ./src1/jsonread.o
 .glue_7        0x000bc18c        0x0 ./src1/jsontest.o
 .glue_7        0x000bc18c        0x0 ./src1/keyboart.o
 .glue_7        0x000bc18c        0x0 ./src1/lcd.o
 .glue_7        0x000bc18c        0x0 ./src1/magneticstrip_demo.o
 .glue_7        0x000bc18c        0x0 ./src1/main.o
 .glue_7        0x000bc18c        0x0 ./src1/menu_back_forth.o
 .glue_7        0x000bc18c        0x0 ./src1/menu_hash.o
 .glue_7        0x000bc18c        0x0 ./src1/modem_demo.o
 .glue_7        0x000bc18c        0x0 ./src1/mutwol.o
 .glue_7        0x000bc18c        0x0 ./src1/network_f.o
 .glue_7        0x000bc18c        0x0 ./src1/postslib_extern.o
 .glue_7        0x000bc18c        0x0 ./src1/printer_demo.o
 .glue_7        0x000bc18c        0x0 ./src1/receipt.o
 .glue_7        0x000bc18c        0x0 ./src1/socket_demo.o
 .glue_7        0x000bc18c        0x0 ./src1/sql_functions.o
 .glue_7        0x000bc18c        0x0 ./src1/string_convert.o
 .glue_7        0x000bc18c        0x0 ./src1/touch.o
 .glue_7        0x000bc18c        0x0 ./src1/touch_demo.o
 .glue_7        0x000bc18c        0x0 ./src1/transaction.o
 .glue_7        0x000bc18c        0x0 ./src1/uart_demo.o
 .glue_7        0x000bc18c        0x0 ./src1/video.o
 .glue_7        0x000bc18c        0x0 ./src1/visualstring.o
 .glue_7        0x000bc18c        0x0 ./jsonfiles/arraylist.o
 .glue_7        0x000bc18c        0x0 ./jsonfiles/debug.o
 .glue_7        0x000bc18c        0x0 ./jsonfiles/json_object.o
 .glue_7        0x000bc18c        0x0 ./jsonfiles/json_object_iterator.o
 .glue_7        0x000bc18c        0x0 ./jsonfiles/json_tokener.o
 .glue_7        0x000bc18c        0x0 ./jsonfiles/json_util.o
 .glue_7        0x000bc18c        0x0 ./jsonfiles/linkhash.o
 .glue_7        0x000bc18c        0x0 ./jsonfiles/printbuf.o
 .glue_7        0x000bc18c        0x0 /home/pos/NEWPOS/sdk/lib/libz.so
 .glue_7        0x000bc18c        0x0 /home/pos/NEWPOS/FDx_SDK_PRO_LINUX_ARM11_OABI_3_7_1_REV922/lib/arm11_oabi/libsgfpamx.so
 .glue_7        0x000bc18c        0x0 /home/pos/NEWPOS/FDx_SDK_PRO_LINUX_ARM11_OABI_3_7_1_REV922/lib/arm11_oabi/libsgfdu04.so
 .glue_7        0x000bc18c        0x0 /home/pos/NEWPOS/FDx_SDK_PRO_LINUX_ARM11_OABI_3_7_1_REV922/lib/arm11_oabi/libsgfplib.so
 .glue_7        0x000bc18c        0x0 /home/pos/NEWPOS/sdk/lib/libusb.so
 .glue_7        0x000bc18c        0x0 /home/pos/NEWPOS/sdk/lib/libusbpp.so
 .glue_7        0x000bc18c        0x0 /home/pos/NEWPOS/sdk/lib/libsqlite3.so
 .glue_7        0x000bc18c        0x0 /home/pos/NEWPOS/sdk/lib/libcurl.so
 .glue_7        0x000bc18c        0x0 /home/pos/NEWPOS/sdk/lib/libts.so
 .glue_7        0x000bc18c        0x0 /home/pos/NEWPOS/sdk/lib/libssl.so
 .glue_7        0x000bc18c        0x0 /home/pos/NEWPOS/sdk/lib/libdirect.so
 .glue_7        0x000bc18c        0x0 /home/pos/NEWPOS/sdk/lib/libdirectfb.so
 .glue_7        0x000bc18c        0x0 /home/pos/NEWPOS/sdk/lib/libemv.so
 .glue_7        0x000bc18c        0x0 /home/pos/NEWPOS/sdk/lib/libiccard.so
 .glue_7        0x000bc18c        0x0 /home/pos/NEWPOS/sdk/lib/libnfc.so
 .glue_7        0x000bc18c        0x0 /home/pos/NEWPOS/sdk/lib/libpng.so
 .glue_7        0x000bc18c        0x0 /home/pos/NEWPOS/sdk/lib/libpos.so
 .glue_7        0x000bc18c        0x0 /home/pos/NEWPOS/sdk/lib/libcrypto.so
 .glue_7        0x000bc18c        0x0 /home/pos/NEWPOS/sdk/lib/libped.so
 .glue_7        0x000bc18c        0x0 /home/pos/NEWPOS/sdk/lib/libfusion.so
 .glue_7        0x000bc18c        0x0 /opt/compiler/glibc-oabi-toolchain-arm-generic/lib/gcc/arm-unknown-linux-gnu/4.3.4/libgcc.a(_udivsi3.o)
 .glue_7        0x000bc18c        0x0 /opt/compiler/glibc-oabi-toolchain-arm-generic/lib/gcc/arm-unknown-linux-gnu/4.3.4/libgcc.a(_divsi3.o)
 .glue_7        0x000bc18c        0x0 /opt/compiler/glibc-oabi-toolchain-arm-generic/lib/gcc/arm-unknown-linux-gnu/4.3.4/libgcc.a(_umodsi3.o)
 .glue_7        0x000bc18c        0x0 /opt/compiler/glibc-oabi-toolchain-arm-generic/lib/gcc/arm-unknown-linux-gnu/4.3.4/libgcc.a(_modsi3.o)
 .glue_7        0x000bc18c        0x0 /opt/compiler/glibc-oabi-toolchain-arm-generic/lib/gcc/arm-unknown-linux-gnu/4.3.4/libgcc.a(_dvmd_tls.o)
 .glue_7        0x000bc18c        0x0 /opt/compiler/glibc-oabi-toolchain-arm-generic/lib/gcc/arm-unknown-linux-gnu/4.3.4/libgcc.a(_addsubdf3.o)
 .glue_7        0x000bc18c        0x0 /opt/compiler/glibc-oabi-toolchain-arm-generic/lib/gcc/arm-unknown-linux-gnu/4.3.4/libgcc.a(_muldivdf3.o)
 .glue_7        0x000bc18c        0x0 /opt/compiler/glibc-oabi-toolchain-arm-generic/lib/gcc/arm-unknown-linux-gnu/4.3.4/libgcc.a(_cmpdf2.o)
 .glue_7        0x000bc18c        0x0 /opt/compiler/glibc-oabi-toolchain-arm-generic/lib/gcc/arm-unknown-linux-gnu/4.3.4/libgcc.a(_fixdfsi.o)
 .glue_7        0x000bc18c        0x0 /opt/compiler/glibc-oabi-toolchain-arm-generic/lib/gcc/arm-unknown-linux-gnu/4.3.4/libgcc.a(_fixunsdfsi.o)
 .glue_7        0x000bc18c        0x0 /opt/compiler/glibc-oabi-toolchain-arm-generic/lib/gcc/arm-unknown-linux-gnu/4.3.4/libgcc.a(_truncdfsf2.o)
 .glue_7        0x000bc18c        0x0 /opt/compiler/glibc-oabi-toolchain-arm-generic/lib/gcc/arm-unknown-linux-gnu/4.3.4/libgcc.a(_addsubsf3.o)
 .glue_7        0x000bc18c        0x0 /opt/compiler/glibc-oabi-toolchain-arm-generic/lib/gcc/arm-unknown-linux-gnu/4.3.4/libgcc.a(_muldivsf3.o)
 .glue_7        0x000bc18c        0x0 /opt/compiler/glibc-oabi-toolchain-arm-generic/lib/gcc/arm-unknown-linux-gnu/4.3.4/libgcc.a(_cmpsf2.o)
 .glue_7        0x000bc18c        0x0 /opt/compiler/glibc-oabi-toolchain-arm-generic/lib/gcc/arm-unknown-linux-gnu/4.3.4/libgcc.a(_fixsfsi.o)
 .glue_7        0x000bc18c        0x0 /opt/compiler/glibc-oabi-toolchain-arm-generic/lib/gcc/arm-unknown-linux-gnu/4.3.4/libgcc.a(_fixunssfsi.o)
 .glue_7        0x000bc18c        0x0 /opt/compiler/glibc-oabi-toolchain-arm-generic/lib/gcc/arm-unknown-linux-gnu/4.3.4/libgcc.a(_fixdfdi.o)
 .glue_7        0x000bc18c        0x0 /opt/compiler/glibc-oabi-toolchain-arm-generic/lib/gcc/arm-unknown-linux-gnu/4.3.4/libgcc.a(_fixunsdfdi.o)
 .glue_7        0x000bc18c        0x0 /opt/compiler/glibc-oabi-toolchain-arm-generic/lib/gcc/arm-unknown-linux-gnu/4.3.4/libgcc.a(_udivdi3.o)
 .glue_7        0x000bc18c        0x0 /opt/compiler/glibc-oabi-toolchain-arm-generic/lib/gcc/arm-unknown-linux-gnu/4.3.4/libgcc.a(_umoddi3.o)
 .glue_7        0x000bc18c        0x0 /opt/compiler/glibc-oabi-toolchain-arm-generic/lib/gcc/arm-unknown-linux-gnu/4.3.4/libgcc.a(_clz.o)
 .glue_7        0x000bc18c        0x0 /opt/compiler/glibc-oabi-toolchain-arm-generic/lib/gcc/arm-unknown-linux-gnu/4.3.4/../../../../arm-unknown-linux-gnu/lib/libgcc_s.so
 .glue_7        0x000bc18c        0x0 /opt/compiler/glibc-oabi-toolchain-arm-generic/arm-unknown-linux-gnu//sys-root/lib/libc.so.6
 .glue_7        0x000bc18c        0x0 /opt/compiler/glibc-oabi-toolchain-arm-generic/arm-unknown-linux-gnu//sys-root/usr/lib/libc_nonshared.a(elf-init.oS)
 .glue_7        0x000bc18c        0x0 /opt/compiler/glibc-oabi-toolchain-arm-generic/arm-unknown-linux-gnu//sys-root/lib/ld-linux.so.2
 .glue_7        0x000bc18c        0x0 /opt/compiler/glibc-oabi-toolchain-arm-generic/lib/gcc/arm-unknown-linux-gnu/4.3.4/../../../../arm-unknown-linux-gnu/lib/libgcc_s.so
 .glue_7        0x000bc18c        0x0 /opt/compiler/glibc-oabi-toolchain-arm-generic/lib/gcc/arm-unknown-linux-gnu/4.3.4/crtend.o
 .glue_7        0x000bc18c        0x0 /opt/compiler/glibc-oabi-toolchain-arm-generic/arm-unknown-linux-gnu//sys-root/usr/lib/crtn.o
 *(.vfp11_veneer)
 .vfp11_veneer  0x000bc18c        0x0 /opt/compiler/glibc-oabi-toolchain-arm-generic/arm-unknown-linux-gnu//sys-root/usr/lib/crt1.o
 .vfp11_veneer  0x000bc18c        0x0 /opt/compiler/glibc-oabi-toolchain-arm-generic/arm-unknown-linux-gnu//sys-root/usr/lib/crti.o
 .vfp11_veneer  0x000bc18c        0x0 /opt/compiler/glibc-oabi-toolchain-arm-generic/lib/gcc/arm-unknown-linux-gnu/4.3.4/crtbegin.o
 .vfp11_veneer  0x000bc18c        0x0 ./zint-master/frontend/getopt.o
 .vfp11_veneer  0x000bc18c        0x0 ./zint-master/frontend/getopt1.o
 .vfp11_veneer  0x000bc18c        0x0 ./zint-master/backend/2of5.o
 .vfp11_veneer  0x000bc18c        0x0 ./zint-master/backend/auspost.o
 .vfp11_veneer  0x000bc18c        0x0 ./zint-master/backend/aztec.o
 .vfp11_veneer  0x000bc18c        0x0 ./zint-master/backend/code.o
 .vfp11_veneer  0x000bc18c        0x0 ./zint-master/backend/code1.o
 .vfp11_veneer  0x000bc18c        0x0 ./zint-master/backend/code128.o
 .vfp11_veneer  0x000bc18c        0x0 ./zint-master/backend/code16k.o
 .vfp11_veneer  0x000bc18c        0x0 ./zint-master/backend/code49.o
 .vfp11_veneer  0x000bc18c        0x0 ./zint-master/backend/common.o
 .vfp11_veneer  0x000bc18c        0x0 ./zint-master/backend/composite.o
 .vfp11_veneer  0x000bc18c        0x0 ./zint-master/backend/dllversion.o
 .vfp11_veneer  0x000bc18c        0x0 ./zint-master/backend/dmatrix.o
 .vfp11_veneer  0x000bc18c        0x0 ./zint-master/backend/gridmtx.o
 .vfp11_veneer  0x000bc18c        0x0 ./zint-master/backend/gs1.o
 .vfp11_veneer  0x000bc18c        0x0 ./zint-master/backend/imail.o
 .vfp11_veneer  0x000bc18c        0x0 ./zint-master/backend/large.o
 .vfp11_veneer  0x000bc18c        0x0 ./zint-master/backend/library.o
 .vfp11_veneer  0x000bc18c        0x0 ./zint-master/backend/maxicode.o
 .vfp11_veneer  0x000bc18c        0x0 ./zint-master/backend/medical.o
 .vfp11_veneer  0x000bc18c        0x0 ./zint-master/backend/pdf417.o
 .vfp11_veneer  0x000bc18c        0x0 ./zint-master/backend/plessey.o
 .vfp11_veneer  0x000bc18c        0x0 ./zint-master/backend/png.o
 .vfp11_veneer  0x000bc18c        0x0 ./zint-master/backend/postal.o
 .vfp11_veneer  0x000bc18c        0x0 ./zint-master/backend/ps.o
 .vfp11_veneer  0x000bc18c        0x0 ./zint-master/backend/qr.o
 .vfp11_veneer  0x000bc18c        0x0 ./zint-master/backend/reedsol.o
 .vfp11_veneer  0x000bc18c        0x0 ./zint-master/backend/render.o
 .vfp11_veneer  0x000bc18c        0x0 ./zint-master/backend/rss.o
 .vfp11_veneer  0x000bc18c        0x0 ./zint-master/backend/svg.o
 .vfp11_veneer  0x000bc18c        0x0 ./zint-master/backend/telepen.o
 .vfp11_veneer  0x000bc18c        0x0 ./zint-master/backend/upcean.o
 .vfp11_veneer  0x000bc18c        0x0 ./src1/ContactSmartCard.o
 .vfp11_veneer  0x000bc18c        0x0 ./src1/JSON_checker.o
 .vfp11_veneer  0x000bc18c        0x0 ./src1/Z_report.o
 .vfp11_veneer  0x000bc18c        0x0 ./src1/cJSON.o
 .vfp11_veneer  0x000bc18c        0x0 ./src1/cardinfo.o
 .vfp11_veneer  0x000bc18c        0x0 ./src1/cl_smartcard_demo.o
 .vfp11_veneer  0x000bc18c        0x0 ./src1/configurations.o
 .vfp11_veneer  0x000bc18c        0x0 ./src1/desfire_test.o
 .vfp11_veneer  0x000bc18c        0x0 ./src1/display.o
 .vfp11_veneer  0x000bc18c        0x0 ./src1/fp_test.o
 .vfp11_veneer  0x000bc18c        0x0 ./src1/gprs_demo.o
 .vfp11_veneer  0x000bc18c        0x0 ./src1/jsonread.o
 .vfp11_veneer  0x000bc18c        0x0 ./src1/jsontest.o
 .vfp11_veneer  0x000bc18c        0x0 ./src1/keyboart.o
 .vfp11_veneer  0x000bc18c        0x0 ./src1/lcd.o
 .vfp11_veneer  0x000bc18c        0x0 ./src1/magneticstrip_demo.o
 .vfp11_veneer  0x000bc18c        0x0 ./src1/main.o
 .vfp11_veneer  0x000bc18c        0x0 ./src1/menu_back_forth.o
 .vfp11_veneer  0x000bc18c        0x0 ./src1/menu_hash.o
 .vfp11_veneer  0x000bc18c        0x0 ./src1/modem_demo.o
 .vfp11_veneer  0x000bc18c        0x0 ./src1/mutwol.o
 .vfp11_veneer  0x000bc18c        0x0 ./src1/network_f.o
 .vfp11_veneer  0x000bc18c        0x0 ./src1/postslib_extern.o
 .vfp11_veneer  0x000bc18c        0x0 ./src1/printer_demo.o
 .vfp11_veneer  0x000bc18c        0x0 ./src1/receipt.o
 .vfp11_veneer  0x000bc18c        0x0 ./src1/socket_demo.o
 .vfp11_veneer  0x000bc18c        0x0 ./src1/sql_functions.o
 .vfp11_veneer  0x000bc18c        0x0 ./src1/string_convert.o
 .vfp11_veneer  0x000bc18c        0x0 ./src1/touch.o
 .vfp11_veneer  0x000bc18c        0x0 ./src1/touch_demo.o
 .vfp11_veneer  0x000bc18c        0x0 ./src1/transaction.o
 .vfp11_veneer  0x000bc18c        0x0 ./src1/uart_demo.o
 .vfp11_veneer  0x000bc18c        0x0 ./src1/video.o
 .vfp11_veneer  0x000bc18c        0x0 ./src1/visualstring.o
 .vfp11_veneer  0x000bc18c        0x0 ./jsonfiles/arraylist.o
 .vfp11_veneer  0x000bc18c        0x0 ./jsonfiles/debug.o
 .vfp11_veneer  0x000bc18c        0x0 ./jsonfiles/json_object.o
 .vfp11_veneer  0x000bc18c        0x0 ./jsonfiles/json_object_iterator.o
 .vfp11_veneer  0x000bc18c        0x0 ./jsonfiles/json_tokener.o
 .vfp11_veneer  0x000bc18c        0x0 ./jsonfiles/json_util.o