Archive member included because of file (symbol)

/opt/compiler/glibc-oabi-toolchain-arm-generic/lib/gcc/arm-unknown-linux-gnu/4.3.4/libgcc.a(_udivsi3.o)
                              ./zint-master/backend/code16k.o (__udivsi3)
/opt/compiler/glibc-oabi-toolchain-arm-generic/lib/gcc/arm-unknown-linux-gnu/4.3.4/libgcc.a(_divsi3.o)
                              ./zint-master/backend/aztec.o (__divsi3)
/opt/compiler/glibc-oabi-toolchain-arm-generic/lib/gcc/arm-unknown-linux-gnu/4.3.4/libgcc.a(_umodsi3.o)
                              ./zint-master/backend/2of5.o (__umodsi3)
/opt/compiler/glibc-oabi-toolchain-arm-generic/lib/gcc/arm-unknown-linux-gnu/4.3.4/libgcc.a(_modsi3.o)
                              ./zint-master/backend/aztec.o (__modsi3)
/opt/compiler/glibc-oabi-toolchain-arm-generic/lib/gcc/arm-unknown-linux-gnu/4.3.4/libgcc.a(_dvmd_tls.o)
                              /opt/compiler/glibc-oabi-toolchain-arm-generic/lib/gcc/arm-unknown-linux-gnu/4.3.4/libgcc.a(_udivsi3.o) (__div0)
/opt/compiler/glibc-oabi-toolchain-arm-generic/lib/gcc/arm-unknown-linux-gnu/4.3.4/libgcc.a(_addsubdf3.o)
                              ./zint-master/backend/png.o (__subdf3)
/opt/compiler/glibc-oabi-toolchain-arm-generic/lib/gcc/arm-unknown-linux-gnu/4.3.4/libgcc.a(_muldivdf3.o)
                              ./zint-master/backend/ps.o (__muldf3)
/opt/compiler/glibc-oabi-toolchain-arm-generic/lib/gcc/arm-unknown-linux-gnu/4.3.4/libgcc.a(_cmpdf2.o)
                              ./zint-master/backend/common.o (__gtdf2)
/opt/compiler/glibc-oabi-toolchain-arm-generic/lib/gcc/arm-unknown-linux-gnu/4.3.4/libgcc.a(_fixdfsi.o)
                              ./zint-master/backend/pdf417.o (__fixdfsi)
/opt/compiler/glibc-oabi-toolchain-arm-generic/lib/gcc/arm-unknown-linux-gnu/4.3.4/libgcc.a(_truncdfsf2.o)
                              ./zint-master/backend/code1.o (__truncdfsf2)
/opt/compiler/glibc-oabi-toolchain-arm-generic/lib/gcc/arm-unknown-linux-gnu/4.3.4/libgcc.a(_addsubsf3.o)
                              ./zint-master/backend/code16k.o (__subsf3)
/opt/compiler/glibc-oabi-toolchain-arm-generic/lib/gcc/arm-unknown-linux-gnu/4.3.4/libgcc.a(_muldivsf3.o)
                              ./zint-master/backend/png.o (__mulsf3)
/opt/compiler/glibc-oabi-toolchain-arm-generic/lib/gcc/arm-unknown-linux-gnu/4.3.4/libgcc.a(_cmpsf2.o)
                              ./zint-master/backend/code128.o (__gtsf2)
/opt/compiler/glibc-oabi-toolchain-arm-generic/lib/gcc/arm-unknown-linux-gnu/4.3.4/libgcc.a(_fixsfsi.o)
                              ./zint-master/backend/code1.o (__fixsfsi)
/opt/compiler/glibc-oabi-toolchain-arm-generic/lib/gcc/arm-unknown-linux-gnu/4.3.4/libgcc.a(_fixunssfsi.o)
                              ./zint-master/backend/code16k.o (__fixunssfsi)
/opt/compiler/glibc-oabi-toolchain-arm-generic/lib/gcc/arm-unknown-linux-gnu/4.3.4/libgcc.a(_fixdfdi.o)
                              ./jsonfiles/json_object.o (__fixdfdi)
/opt/compiler/glibc-oabi-toolchain-arm-generic/lib/gcc/arm-unknown-linux-gnu/4.3.4/libgcc.a(_fixunsdfdi.o)
                              /opt/compiler/glibc-oabi-toolchain-arm-generic/lib/gcc/arm-unknown-linux-gnu/4.3.4/libgcc.a(_fixdfdi.o) (__fixunsdfdi)
/opt/compiler/glibc-oabi-toolchain-arm-generic/lib/gcc/arm-unknown-linux-gnu/4.3.4/libgcc.a(_udivdi3.o)
                              ./zint-master/backend/pdf417.o (__udivdi3)
/opt/compiler/glibc-oabi-toolchain-arm-generic/lib/gcc/arm-unknown-linux-gnu/4.3.4/libgcc.a(_umoddi3.o)
                              ./zint-master/backend/pdf417.o (__umoddi3)
/opt/compiler/glibc-oabi-toolchain-arm-generic/lib/gcc/arm-unknown-linux-gnu/4.3.4/libgcc.a(_fixunsdfsi.o)
                              /opt/compiler/glibc-oabi-toolchain-arm-generic/lib/gcc/arm-unknown-linux-gnu/4.3.4/libgcc.a(_fixunsdfdi.o) (__fixunsdfsi)
/opt/compiler/glibc-oabi-toolchain-arm-generic/lib/gcc/arm-unknown-linux-gnu/4.3.4/libgcc.a(_clz.o)
                              /opt/compiler/glibc-oabi-toolchain-arm-generic/lib/gcc/arm-unknown-linux-gnu/4.3.4/libgcc.a(_udivdi3.o) (__clz_tab)
/opt/compiler/glibc-oabi-toolchain-arm-generic/arm-unknown-linux-gnu//sys-root/usr/lib/libc_nonshared.a(elf-init.oS)
                              /opt/compiler/glibc-oabi-toolchain-arm-generic/arm-unknown-linux-gnu//sys-root/usr/lib/crt1.o (__libc_csu_fini)

Allocating common symbols
Common symbol       size              file

s                   0x4               ./src1/gprs_demo.o
update_stopped      0x4               ./src1/gprs_demo.o
original_card_Number
                    0x28              ./src1/keyboart.o
flag_online         0x4               ./src1/gprs_demo.o
transaction_count_to_confirm_z
                    0x4               ./src1/gprs_demo.o
add_message_below_input
                    0x4               ./src1/gprs_demo.o
flag_getting_pwd2   0x4               ./src1/gprs_demo.o
serial_num          0x14              ./src1/gprs_demo.o
diff                0x8               ./src1/gprs_demo.o
[...]
Memory Configuration

Name             Origin             Length             Attributes
*default*        0x00000000         0xffffffff

Linker script and memory map

LOAD /opt/compiler/glibc-oabi-toolchain-arm-generic/arm-unknown-linux-gnu//sys-root/usr/lib/crt1.o
LOAD /opt/compiler/glibc-oabi-toolchain-arm-generic/arm-unknown-linux-gnu//sys-root/usr/lib/crti.o
LOAD /opt/compiler/glibc-oabi-toolchain-arm-generic/lib/gcc/arm-unknown-linux-gnu/4.3.4/crtbegin.o
LOAD ./zint-master/frontend/getopt.o
LOAD ./zint-master/frontend/getopt1.o
LOAD ./zint-master/backend/2of5.o
LOAD ./zint-master/backend/auspost.o
LOAD ./zint-master/backend/aztec.o
LOAD ./zint-master/backend/code.o
LOAD ./zint-master/backend/code1.o
LOAD ./zint-master/backend/code128.o
LOAD ./zint-master/backend/code16k.o
LOAD ./zint-master/backend/code49.o
LOAD ./zint-master/backend/common.o
LOAD ./zint-master/backend/composite.o
LOAD ./zint-master/backend/dllversion.o
LOAD ./zint-master/backend/dmatrix.o
LOAD ./zint-master/backend/gridmtx.o
LOAD ./zint-master/backend/gs1.o
LOAD ./zint-master/backend/imail.o
LOAD ./zint-master/backend/large.o
LOAD ./zint-master/backend/library.o
LOAD ./zint-master/backend/maxicode.o
LOAD ./zint-master/backend/medical.o
LOAD ./zint-master/backend/pdf417.o
LOAD ./zint-master/backend/plessey.o
LOAD ./zint-master/backend/png.o
LOAD ./zint-master/backend/postal.o
LOAD ./zint-master/backend/ps.o
LOAD ./zint-master/backend/qr.o
LOAD ./zint-master/backend/reedsol.o
LOAD ./zint-master/backend/render.o
LOAD ./zint-master/backend/rss.o
LOAD ./zint-master/backend/svg.o
LOAD ./zint-master/backend/telepen.o
LOAD ./zint-master/backend/upcean.o
LOAD ./src1/ContactSmartCard.o
LOAD ./src1/JSON_checker.o
LOAD ./src1/Z_report.o
LOAD ./src1/cJSON.o
LOAD ./src1/cl_smartcard_demo.o
LOAD ./src1/configurations.o
LOAD ./src1/display.o
LOAD ./src1/gprs_demo.o
LOAD ./src1/jsonread.o
LOAD ./src1/keyboart.o
LOAD ./src1/lcd.o
LOAD ./src1/magneticstrip_demo.o
LOAD ./src1/main.o
LOAD ./src1/menu_back_forth.o
LOAD ./src1/menu_hash.o
LOAD ./src1/modem_demo.o
LOAD ./src1/network_f.o
LOAD ./src1/postslib_extern.o
LOAD ./src1/printer_demo.o
LOAD ./src1/receipt.o
LOAD ./src1/socket_demo.o
LOAD ./src1/sql_functions.o
LOAD ./src1/string_convert.o
LOAD ./src1/touch.o
LOAD ./src1/touch_demo.o
LOAD ./src1/uart_demo.o
LOAD ./src1/video.o
LOAD ./src1/visualstring.o
LOAD ./jsonfiles/arraylist.o
LOAD ./jsonfiles/debug.o
LOAD ./jsonfiles/json_object.o
LOAD ./jsonfiles/json_object_iterator.o
LOAD ./jsonfiles/json_tokener.o
LOAD ./jsonfiles/json_util.o
LOAD ./jsonfiles/linkhash.o
LOAD ./jsonfiles/printbuf.o
LOAD /home/linux/sdk/lib/libz.so
LOAD /home/linux/sdk/lib/libsqlite3.so
LOAD /home/linux/sdk/lib/libcurl.so
LOAD /home/linux/sdk/lib/libts.so
LOAD /home/linux/sdk/lib/libssl.so
LOAD /home/linux/sdk/lib/libdirect.so
LOAD /home/linux/sdk/lib/libdirectfb.so
LOAD /home/linux/sdk/lib/libemv.so
LOAD /home/linux/sdk/lib/libiccard.so
LOAD /home/linux/sdk/lib/libnfc.so
LOAD /home/linux/sdk/lib/libpng.so
LOAD /home/linux/sdk/lib/libpos.so
LOAD /home/linux/sdk/lib/libcrypto.so
LOAD /home/linux/sdk/lib/libped.so
LOAD /home/linux/sdk/lib/libfusion.so
LOAD /opt/compiler/glibc-oabi-toolchain-arm-generic/lib/gcc/arm-unknown-linux-gnu/4.3.4/libgcc.a
LOAD /opt/compiler/glibc-oabi-toolchain-arm-generic/lib/gcc/arm-unknown-linux-gnu/4.3.4/../../../../arm-unknown-linux-gnu/lib/libgcc_s.so
LOAD /opt/compiler/glibc-oabi-toolchain-arm-generic/arm-unknown-linux-gnu//sys-root/usr/lib/libc.so
START GROUP
LOAD /opt/compiler/glibc-oabi-toolchain-arm-generic/arm-unknown-linux-gnu//sys-root/lib/libc.so.6
LOAD /opt/compiler/glibc-oabi-toolchain-arm-generic/arm-unknown-linux-gnu//sys-root/usr/lib/libc_nonshared.a
LOAD /opt/compiler/glibc-oabi-toolchain-arm-generic/arm-unknown-linux-gnu//sys-root/lib/ld-linux.so.2
END GROUP
LOAD /opt/compiler/glibc-oabi-toolchain-arm-generic/lib/gcc/arm-unknown-linux-gnu/4.3.4/libgcc.a
LOAD /opt/compiler/glibc-oabi-toolchain-arm-generic/lib/gcc/arm-unknown-linux-gnu/4.3.4/../../../../arm-unknown-linux-gnu/lib/libgcc_s.so
LOAD /opt/compiler/glibc-oabi-toolchain-arm-generic/lib/gcc/arm-unknown-linux-gnu/4.3.4/crtend.o
LOAD /opt/compiler/glibc-oabi-toolchain-arm-generic/arm-unknown-linux-gnu//sys-root/usr/lib/crtn.o
                0x00008000                PROVIDE (__executable_start, 0x8000)
                0x00008154                . = (0x8000 + SIZEOF_HEADERS)

.interp         0x00008154       0x13
 *(.interp)
 .interp        0x00008154       0x13 /opt/compiler/glibc-oabi-toolchain-arm-generic/arm-unknown-linux-gnu//sys-root/usr/lib/crti.o

.note.ABI-tag   0x00008168       0x20
 .note.ABI-tag  0x00008168       0x20 /opt/compiler/glibc-oabi-toolchain-arm-generic/arm-unknown-linux-gnu//sys-root/usr/lib/crt1.o

.note.gnu.build-id
 *(.note.gnu.build-id)

.hash           0x00008188      0x6a4
 *(.hash)
 .hash          0x00008188      0x6a4 /opt/compiler/glibc-oabi-toolchain-arm-generic/arm-unknown-linux-gnu//sys-root/usr/lib/crti.o

.gnu.hash
 *(.gnu.hash)

.dynsym         0x0000882c      0xe20
 *(.dynsym)
 .dynsym        0x0000882c      0xe20 /opt/compiler/glibc-oabi-toolchain-arm-generic/arm-unknown-linux-gnu//sys-root/usr/lib/crti.o

.dynstr         0x0000964c      0xb29
 *(.dynstr)
 .dynstr        0x0000964c      0xb29 /opt/compiler/glibc-oabi-toolchain-arm-generic/arm-unknown-linux-gnu//sys-root/usr/lib/crti.o

.gnu.version    0x0000a176      0x1c4
 *(.gnu.version)
 .gnu.version   0x0000a176      0x1c4 /opt/compiler/glibc-oabi-toolchain-arm-generic/arm-unknown-linux-gnu//sys-root/usr/lib/crti.o

.gnu.version_d  0x0000a33c        0x0 load address 0x0000a33a
 *(.gnu.version_d)
 .gnu.version_d
                0x00000000        0x0 /opt/compiler/glibc-oabi-toolchain-arm-generic/arm-unknown-linux-gnu//sys-root/usr/lib/crti.o

.gnu.version_r  0x0000a33c       0xb0
 *(.gnu.version_r)
 .gnu.version_r
                0x0000a33c       0xb0 /opt/compiler/glibc-oabi-toolchain-arm-generic/arm-unknown-linux-gnu//sys-root/usr/lib/crti.o

.rel.dyn        0x0000a3ec       0x20
 *(.rel.init)
 *(.rel.text .rel.text.* .rel.gnu.linkonce.t.*)
 *(.rel.fini)
 *(.rel.rodata .rel.rodata.* .rel.gnu.linkonce.r.*)
 *(.rel.data.rel.ro* .rel.gnu.linkonce.d.rel.ro.*)
 *(.rel.data .rel.data.* .rel.gnu.linkonce.d.*)
 *(.rel.tdata .rel.tdata.* .rel.gnu.linkonce.td.*)
 *(.rel.tbss .rel.tbss.* .rel.gnu.linkonce.tb.*)
 *(.rel.ctors)
 *(.rel.dtors)
 *(.rel.got)
 .rel.got       0x0000a3ec        0x8 /opt/compiler/glibc-oabi-toolchain-arm-generic/arm-unknown-linux-gnu//sys-root/usr/lib/crti.o
 *(.rel.bss .rel.bss.* .rel.gnu.linkonce.b.*)
 .rel.bss       0x0000a3f4       0x18 /opt/compiler/glibc-oabi-toolchain-arm-generic/arm-unknown-linux-gnu//sys-root/usr/lib/crti.o

.rela.dyn
 *(.rela.init)
 *(.rela.text .rela.text.* .rela.gnu.linkonce.t.*)
 *(.rela.fini)
 *(.rela.rodata .rela.rodata.* .rela.gnu.linkonce.r.*)
 *(.rela.data .rela.data.* .rela.gnu.linkonce.d.*)
 *(.rela.tdata .rela.tdata.* .rela.gnu.linkonce.td.*)
 *(.rela.tbss .rela.tbss.* .rela.gnu.linkonce.tb.*)
 *(.rela.ctors)
 *(.rela.dtors)
 *(.rela.got)
 *(.rela.bss .rela.bss.* .rela.gnu.linkonce.b.*)

.rel.plt        0x0000a40c      0x690
 *(.rel.plt)
 .rel.plt       0x0000a40c      0x690 /opt/compiler/glibc-oabi-toolchain-arm-generic/arm-unknown-linux-gnu//sys-root/usr/lib/crti.o

.rela.plt
 *(.rela.plt)

.init           0x0000aa9c       0x14
 *(.init)
 .init          0x0000aa9c        0x8 /opt/compiler/glibc-oabi-toolchain-arm-generic/arm-unknown-linux-gnu//sys-root/usr/lib/crti.o
                0x0000aa9c                _init
 .init          0x0000aaa4        0x4 /opt/compiler/glibc-oabi-toolchain-arm-generic/lib/gcc/arm-unknown-linux-gnu/4.3.4/crtbegin.o
 .init          0x0000aaa8        0x4 /opt/compiler/glibc-oabi-toolchain-arm-generic/lib/gcc/arm-unknown-linux-gnu/4.3.4/crtend.o
 .init          0x0000aaac        0x4 /opt/compiler/glibc-oabi-toolchain-arm-generic/arm-unknown-linux-gnu//sys-root/usr/lib/crtn.o

.plt            0x0000aab0      0x9ec
 *(.plt)
 .plt           0x0000aab0      0x9ec /opt/compiler/glibc-oabi-toolchain-arm-generic/arm-unknown-linux-gnu//sys-root/usr/lib/crti.o
                0x0000aac4                iccard_power_down
                0x0000aad0                fputs@@GLIBC_2.0
                0x0000aadc                abort@@GLIBC_2.0
                0x0000aae8                __errno_location@@GLIBC_2.0
                0x0000aaf4                ppp_open
                0x0000ab00                SSL_connect
                0x0000ab0c                netif_get_list
                0x0000ab18                sqlite3_close
                0x0000ab24                sprintf@@GLIBC_2.0
                0x0000ab30                png_write_info@@PNG12_0
                0x0000ab3c                magstripe_open
                0x0000ab48                popen@@GLIBC_2.1
                0x0000ab54                srand@@GLIBC_2.0
                0x0000ab60                open@@GLIBC_2.0
                0x0000ab6c                connect@@GLIBC_2.0
                0x0000ab78                tty_property_config
                0x0000ab84                mmap@@GLIBC_2.0
                0x0000ab90                ERR_print_errors_fp
                0x0000ab9c                strerror@@GLIBC_2.0
                0x0000aba8                magstripe_read_timeout
                0x0000abb4                memcmp@@GLIBC_2.0
                0x0000abc0                qsort@@GLIBC_2.0
                0x0000abcc                inet_ntoa@@GLIBC_2.0
                0x0000abd8                TLSv1_client_method
                0x0000abe4                charset_convert
                0x0000abf0                curl_easy_getinfo
                0x0000abfc                vprintf@@GLIBC_2.0
                0x0000ac08                emv_contactless_exchange_apdu
                0x0000ac14                png_set_IHDR@@PNG12_0
                0x0000ac20                magstripe_close
                0x0000ac2c                iccard_open_cardslot
                0x0000ac38                curl_easy_setopt
                0x0000ac44                modem_write
                0x0000ac50                emv_contactless_obtain_status
                0x0000ac5c                signal@@GLIBC_2.0
                0x0000ac68                emv_contactless_active_picc
                0x0000ac74                printer_open
                0x0000ac8c                realloc@@GLIBC_2.0
                0x0000ac98                wnet_power_down
                0x0000aca4                curl_easy_escape
                0x0000acb0                curl_global_cleanup
                0x0000acbc                vsprintf@@GLIBC_2.0
                0x0000acc8                localtime@@GLIBC_2.0
                0x0000acd4                SSL_CTX_set_verify
                0x0000ace0                strchr@@GLIBC_2.0
                0x0000acec                vsnprintf@@GLIBC_2.0
                0x0000acf8                recv@@GLIBC_2.0
                0x0000ad04                getenv@@GLIBC_2.0
                0x0000ad10                netif_get_flags
                0x0000ad1c                calloc@@GLIBC_2.0
                0x0000ad28                inet_addr@@GLIBC_2.0
                0x0000ad34                system@@GLIBC_2.0
                0x0000ad40                strncpy@@GLIBC_2.0
                0x0000ad4c                putchar@@GLIBC_2.0
                0x0000ad58                sqlite3_exec
                0x0000ad64                write@@GLIBC_2.0
                0x0000ad70                iccard_exchange_apdu
                0x0000ad7c                modem_close
                0x0000ad88                SSL_load_error_strings
                0x0000ad94                pow@@GLIBC_2.0
                0x0000ada0                listen@@GLIBC_2.0
                0x0000adac                toupper@@GLIBC_2.0
                0x0000adb8                fgets@@GLIBC_2.0
                0x0000adc4                rename@@GLIBC_2.0
                0x0000add0                png_create_info_struct@@PNG12_0
                0x0000addc                memset@@GLIBC_2.0
                0x0000ade8                ts_close
                0x0000adf4                png_create_write_struct@@PNG12_0
                0x0000ae00                __libc_start_main@@GLIBC_2.0
                0x0000ae0c                SSL_CTX_check_private_key
                0x0000ae18                floor@@GLIBC_2.0
                0x0000ae24                sys_get_sn
                0x0000ae30                htons@@GLIBC_2.0
                0x0000ae3c                sqlite3_free
                0x0000ae48                SSL_free
                0x0000ae54                printer_get_param
                0x0000ae60                read@@GLIBC_2.0
                0x0000ae6c                mif_open
                0x0000ae78                perror@@GLIBC_2.0
                0x0000ae84                curl_easy_init
                0x0000ae90                usleep@@GLIBC_2.0
                0x0000ae9c                png_write_end@@PNG12_0
                0x0000aea8                gettimeofday@@GLIBC_2.0
                0x0000aeb4                fdopen@@GLIBC_2.1
                0x0000aec0                png_write_row@@PNG12_0
                0x0000aecc                free@@GLIBC_2.0
                0x0000aed8                png_init_io@@PNG12_0
                0x0000aee4                inet_pton@@GLIBC_2.0
                0x0000aef0                DirectFBCreate
                0x0000aefc                curl_free
                0x0000af08                fflush@@GLIBC_2.0
                0x0000af14                sqrt@@GLIBC_2.0
                0x0000af20                ts_config
                0x0000af2c                accept@@GLIBC_2.0
                0x0000af38                ioctl@@GLIBC_2.0
                0x0000af44                socket@@GLIBC_2.0
                0x0000af50                __ctype_b_loc@@GLIBC_2.3
                0x0000af5c                fseek@@GLIBC_2.0
                0x0000af68                vsyslog@@GLIBC_2.0
                0x0000af74                SSL_CTX_new
                0x0000af80                curl_slist_append
                0x0000af8c                SSL_get_verify_result
                0x0000af98                wnet_set_attached
                0x0000afa4                fclose@@GLIBC_2.1
                0x0000afb0                ts_read
                0x0000afbc                wnet_init
                0x0000afc8                DirectFBError
                0x0000afd4                SSL_read
                0x0000afe0                SSL_set_fd
                0x0000afec                _setjmp@@GLIBC_2.0
                0x0000aff8                ntohs@@GLIBC_2.0
                0x0000b004                modem_hangup
                0x0000b010                emv_contactless_get_lasterror
                0x0000b01c                memcpy@@GLIBC_2.0
                0x0000b028                strtoul@@GLIBC_2.0
                0x0000b034                strlen@@GLIBC_2.0
                0x0000b040                DirectFBErrorString
                0x0000b04c                fopen@@GLIBC_2.1
                0x0000b058                png_destroy_write_struct@@PNG12_0
                0x0000b064                ts_open
                0x0000b070                iccard_power_up
                0x0000b07c                setlocale@@GLIBC_2.0
                0x0000b088                modem_wait_until_sent
                0x0000b094                SSL_CTX_load_verify_locations
                0x0000b0a0                feof@@GLIBC_2.0
                0x0000b0ac                strcpy@@GLIBC_2.0
                0x0000b0b8                ftell@@GLIBC_2.0
                0x0000b0c4                longjmp@@GLIBC_2.0
                0x0000b0d0                printer_close
                0x0000b0dc                printf@@GLIBC_2.0
                0x0000b0e8                print_surface
                0x0000b0f4                png_set_packing@@PNG12_0
                0x0000b100                ctime@@GLIBC_2.0
                0x0000b10c                bind@@GLIBC_2.0
                0x0000b118                ppp_close
                0x0000b124                curl_easy_perform
                0x0000b130                atoi@@GLIBC_2.0
                0x0000b13c                emv_contactless_deactive_picc
                0x0000b148                curl_easy_cleanup
                0x0000b154                atof@@GLIBC_2.0
                0x0000b160                modem_get_status
                0x0000b16c                SSL_CTX_set_verify_depth
                0x0000b178                select@@GLIBC_2.0
                0x0000b184                close@@GLIBC_2.0
                0x0000b190                fwrite@@GLIBC_2.0
                0x0000b19c                sys_get_status_bar_height
                0x0000b1a8                SSL_CTX_use_PrivateKey_file
                0x0000b1b4                SSL_library_init
                0x0000b1c0                fprintf@@GLIBC_2.0
                0x0000b1cc                strstr@@GLIBC_2.0
                0x0000b1d8                time@@GLIBC_2.0
                0x0000b1e4                SSL_CTX_use_certificate_file
                0x0000b1f0                remove@@GLIBC_2.0
                0x0000b1fc                iccard_close_cardslot
                0x0000b208                malloc@@GLIBC_2.0
                0x0000b214                SSL_CTX_set_cipher_list
                0x0000b220                SSL_new
                0x0000b22c                SSL_write
                0x0000b238                getruntime
                0x0000b244                mif_close
                0x0000b250                strtok@@GLIBC_2.0
                0x0000b25c                pthread_create@@GLIBC_2.1
                0x0000b268                sqlite3_errmsg
                0x0000b274                sleep@@GLIBC_2.0
                0x0000b280                netif_get_ipaddr
                0x0000b28c                strncasecmp@@GLIBC_2.0
                0x0000b298                memmove@@GLIBC_2.0
                0x0000b2a4                printer_get_status
                0x0000b2b0                strcat@@GLIBC_2.0
                0x0000b2bc                send@@GLIBC_2.0
                0x0000b2c8                TLSv1_server_method
                0x0000b2d4                asctime@@GLIBC_2.0
                0x0000b2e0                puts@@GLIBC_2.0
                0x0000b2ec                SSL_accept
                0x0000b2f8                fcntl@@GLIBC_2.0
                0x0000b304                rand@@GLIBC_2.0
                0x0000b310                sscanf@@GLIBC_2.0
                0x0000b31c                htonl@@GLIBC_2.0
                0x0000b328                modem_open
                0x0000b334                strncmp@@GLIBC_2.0
                0x0000b340                modem_dialing
                0x0000b34c                vfprintf@@GLIBC_2.0
                0x0000b358                lseek@@GLIBC_2.0
                0x0000b364                munmap@@GLIBC_2.0
                0x0000b370                curl_global_init
                0x0000b37c                fread@@GLIBC_2.0
                0x0000b388                strftime@@GLIBC_2.0
                0x0000b394                png_get_error_ptr@@PNG12_0
                0x0000b3a0                snprintf@@GLIBC_2.0
                0x0000b3ac                png_set_compression_level@@PNG12_0
                0x0000b3b8                strdup@@GLIBC_2.0
                0x0000b3c4                gethostbyname@@GLIBC_2.0
                0x0000b3d0                wnet_power_on
                0x0000b3dc                iccard_check_card_in_slot
                0x0000b3e8                ferror@@GLIBC_2.0
                0x0000b3f4                tolower@@GLIBC_2.0
                0x0000b400                strcmp@@GLIBC_2.0
                0x0000b40c                DirectFBInit
                0x0000b418                exit@@GLIBC_2.0
                0x0000b424                difftime@@GLIBC_2.0
                0x0000b430                sqlite3_open
                0x0000b43c                pclose@@GLIBC_2.1
                0x0000b448                SSL_CTX_free
                0x0000b454                pthread_self@@GLIBC_2.0
                0x0000b460                pthread_cancel@@GLIBC_2.0
                0x0000b46c                DirectFBErrorFatal
                0x0000b478                wnet_signal
                0x0000b484                ppp_check
                0x0000b490                led_set_brightness

.text           0x0000b49c    0xb1788
 *(.text .stub .text.* .gnu.linkonce.t.*)
 .text          0x0000b49c       0x38 /opt/compiler/glibc-oabi-toolchain-arm-generic/arm-unknown-linux-gnu//sys-root/usr/lib/crt1.o
                0x0000b49c                _start
 .text          0x0000b4d4       0x24 /opt/compiler/glibc-oabi-toolchain-arm-generic/arm-unknown-linux-gnu//sys-root/usr/lib/crti.o
 .text          0x0000b4f8       0xb4 /opt/compiler/glibc-oabi-toolchain-arm-generic/lib/gcc/arm-unknown-linux-gnu/4.3.4/crtbegin.o
 .text          0x0000b5ac        0x0 ./zint-master/frontend/getopt.o
 .text          0x0000b5ac        0x0 ./zint-master/frontend/getopt1.o
 .text          0x0000b5ac     0x1194 ./zint-master/backend/2of5.o
                0x0000bb7c                interleaved_two_of_five
                0x0000b894                iata_two_of_five
                0x0000ba08                logic_two_of_five
                0x0000b720                industrial_two_of_five
                0x0000bfa8                itf14
                0x0000c228                dpleit
                0x0000b5ac                matrix_two_of_five
                0x0000c4b8                dpident
 .text          0x0000c740      0xc60 ./zint-master/backend/auspost.o
                0x0000cbf0                australia_post
                0x0000c740                rs_error
 .text          0x0000d3a0     0x7df0 ./zint-master/backend/aztec.o
                0x0000d3a0                mapshorten
                0x0001476c                aztec_runes
                0x0000d450                insert
                0x0000fde8                aztec
                0x0000d4e8                aztec_text_process
 .text          0x00015190     0x1a58 ./zint-master/backend/code.o
                0x00015d3c                ec39
                0x000165e4                NextB
                0x00016728                NextS
                0x000167d4                channel_code
                0x00015aa0                pharmazentral
                0x00015f34                c93
                0x00015190                code_11
                0x000155c0                c39
                0x00016510                CheckCharacter
 .text          0x00016be8     0x91b4 ./zint-master/backend/code1.o
                0x00016ee0                isedi
                0x00016be8                horiz
                0x00016c98                central_finder
                0x000170e8                c1_look_ahead_test
                0x0001b78c                code_one
                0x00016e60                spigot
                0x0001b6b0                block_copy
                0x000183ec                c1_encode
                0x00016fa0                dq4bi
                0x00016da4                vert
 .text          0x0001fd9c     0x3d1c ./zint-master/backend/code128.o
                0x0001fd9c                parunmodd
                0x0001ffc0                dxsmooth
                0x0002073c                code_128
                0x0002214c                ean_128
                0x0002067c                c128_set_c
                0x00023884                ean_14
                0x000205a8                c128_set_b
                0x0001fe78                grwp
                0x00023630                nve_18
                0x0002043c                c128_set_a
 .text          0x00023ab8     0x2778 ./zint-master/backend/code16k.o
                0x00023ab8                grwp16
                0x00024204                c16k_set_c
                0x000242a8                code16k
                0x00023c00                dxsmooth16
                0x00024170                c16k_set_b
                0x0002407c                c16k_set_a
 .text          0x00026230     0x1c48 ./zint-master/backend/code49.o
                0x00026230                code_49
 .text          0x00027e78     0x12ac ./zint-master/backend/common.o
                0x0002894c                is_extendable
                0x000284e4                set_module
                0x00028df4                utf8toutf16
                0x00028160                to_upper
                0x0002820c                is_sane
                0x00027ecc                ustrcpy
                0x00028300                posn
                0x000283a4                lookup
                0x000286a4                expand
                0x00027fe8                uconcat
                0x000280f0                itoc
                0x00028074                ctoi
                0x00028ab8                istwodigits
                0x000285c0                unset_module
                0x00028454                module_is_set
                0x00028b5c                froundup
                0x00027f58                concat
                0x00028830                is_stackable
                0x00028a20                roundup
                0x00028c24                latin1_process
                0x00027e78                ustrlen
 .text          0x00029124     0x85e0 ./zint-master/backend/composite.o
                0x0003076c                add_leading_zeroes
                0x00029748                cc_a
                0x0002940c                encode928
                0x000291d8                init928
                0x0002ce74                cc_binary_string
                0x0002ad28                cc_b
                0x00029124                _min
                0x0002bed4                cc_c
                0x000309c0                composite
                0x00029170                getBit
 .text          0x00031704        0x0 ./zint-master/backend/dllversion.o
 .text          0x00031704     0x4170 ./zint-master/backend/dmatrix.o
                0x000327b4                dminsert
                0x00033184                dm200encode
                0x000357f4                dmatrix
                0x0003284c                insert_value
                0x000328d4                look_ahead_test
                0x000326dc                isx12
                0x00035070                data_matrix_200
                0x00034f0c                add_tail
 .text          0x00035874     0x4f64 ./zint-master/backend/gridmtx.o
                0x00036274                add_byte_count
                0x000364f8                add_shift_char
                0x00035874                number_lat
                0x0003835c                gm_add_ecc
                0x000397f0                grid_matrix
                0x000366a8                gm_encode
                0x00039100                place_data_in_grid
                0x00035b00                seek_forward
                0x00039228                place_layer_id
                0x00038d60                place_macromodule
 .text          0x0003a7d8     0x186c ./zint-master/backend/gs1.o
                0x0003a9e8                gs1_verify
                0x0003a7d8                itostr
                0x0003be30                ugs1_verify
 .text          0x0003c044     0x2a10 ./zint-master/backend/imail.o
                0x0003c6a0                imail
                0x0003c2b8                breakup
                0x0003c044                USPS_MSB_Math_CRC11GenerateFrameCheckSequence
 .text          0x0003ea54      0xdc8 ./zint-master/backend/large.o
                0x0003ea54                binary_add
                0x0003ef58                binary_subtract
                0x0003f5b8                hex_dump
                0x0003f088                shiftdown
                0x0003f1b8                islarger
                0x0003f2e4                binary_load
                0x0003f12c                shiftup
 .text          0x0003f81c     0x3070 ./zint-master/backend/library.o
                0x000423d4                ZBarcode_Encode_and_Print
                0x00042458                ZBarcode_Encode_and_Buffer
                0x000427dc                ZBarcode_Encode_File_and_Buffer
                0x00042768                ZBarcode_Encode_File_and_Print
                0x000424dc                ZBarcode_Encode_File
                0x000402f4                gs1_compliant
                0x00041fe0                ZBarcode_Print
                0x00041578                ZBarcode_Encode
                0x0004064c                extended_charset
                0x0003fb5c                ZBarcode_Delete
                0x0003fc78                error_tag
                0x000403cc                ZBarcode_ValidID
                0x000422fc                ZBarcode_Buffer
                0x0003fcfc                dump_plot
                0x0003fa34                ZBarcode_Clear
                0x0003fea8                hibc
                0x00042850                ZBarcode_Render
                0x0003f81c                ZBarcode_Create
                0x00040700                reduced_charset
 .text          0x0004288c     0x2e54 ./zint-master/backend/maxicode.o
                0x00044a9c                maxi_do_primary_3
                0x00042c68                maxi_bump
                0x0004299c                maxi_do_secondary_chk_odd
                0x00044dcc                maxicode
                0x00042b04                maxi_do_secondary_chk_even
                0x0004288c                maxi_do_primary_check
                0x00042d0c                maxi_text_process
                0x000448e0                maxi_do_primary_2
 .text          0x000456e0      0xdf4 ./zint-master/backend/medical.o
                0x000456e0                pharma_one
                0x00045ea0                codabar
                0x00046108                code32
                0x00045c60                pharma_two
                0x00045a3c                pharma_two_calc
 .text          0x000464d4     0x50f4 ./zint-master/backend/pdf417.o
                0x000466f4                pdfsmooth
                0x00049afc                micro_pdf417
                0x00046be4                textprocess
                0x000482d4                pdf417
                0x000479d4                byteprocess
                0x000465ac                regroupe
                0x00049900                pdf417enc
                0x000464d4                quelmode
                0x00047e08                numbprocess
 .text          0x0004b5c8     0x1498 ./zint-master/backend/plessey.o
                0x0004be6c                msi_plessey_mod1010
                0x0004c4a8                msi_plessey_mod11
                0x0004bac4                msi_plessey_mod10
                0x0004b9a8                msi_plessey
                0x0004b5c8                plessey
                0x0004c788                msi_plessey_mod1110
                0x0004c8f0                msi_handle
 .text          0x0004ca60     0x49a0 ./zint-master/backend/png.o
                0x0004e744                bullseye_pixel
                0x0004e3f4                png_to_file
                0x0004d830                bmp_pixel_plot
                0x00051328                png_handle
                0x0004cb0c                png_pixel_plot
                0x0004ea70                draw_letter
                0x0004e9a0                draw_hexagon
                0x0004ec8c                draw_string
                0x00051394                bmp_handle
                0x0004f280                png_plot
                0x0004f110                to_latin1
                0x0004e67c                draw_bar
                0x0004ed64                maxi_png_plot
                0x0004e8d8                draw_bullseye
 .text          0x00051400     0x1eac ./zint-master/backend/postal.o
                0x000515c4                post_plot
                0x000518dc                planet_plot
                0x00051c98                fim
                0x00052ac4                japan_post
                0x00051718                planet
                0x00051ec4                rm4scc
                0x00051400                postnet
                0x0005237c                kix_code
                0x00051a30                korea_post
                0x00052650                daft_code
                0x000520f8                royal_plot
                0x00052988                flattermarken
 .text          0x000532ac     0x6664 ./zint-master/backend/ps.o
                0x000532ac                ps_plot
 .text          0x00059910     0xa75c ./zint-master/backend/qr.o
                0x00063004                microqr
                0x000627c4                micro_apply_bitmask
                0x00061310                micro_qr_m3
                0x00062648                micro_evaluate
                0x0005a068                qr_binary
                0x00059db4                estimate_binary_length
                0x0005bb6c                place_finder
                0x0005c4a8                cwbit
                0x00061b28                micro_qr_m4
                0x00062158                micro_setup_grid
                0x0005bca8                place_align
                0x000623c8                micro_populate_grid
                0x0005bdfc                setup_grid
                0x000599f0                define_mode
                0x0005e150                add_format_info
                0x00060614                micro_qr_m1
                0x0005c984                evaluate
                0x0005e50c                add_version_info
                0x0005b290                add_ecc
                0x00060288                microqr_expand_binary
                0x0005e86c                qr_code
                0x00060d10                micro_qr_m2
                0x0005f6fc                micro_qr_intermediate
                0x0005ff9c                get_bitlength
                0x00059910                in_alpha
                0x0005c6fc                populate_grid
                0x0005d69c                apply_bitmask
 .text          0x0006406c      0x97c ./zint-master/backend/reedsol.o
                0x000646e4                rs_encode_long
                0x00064990                rs_free
                0x00064208                rs_init_code
                0x0006443c                rs_encode
                0x0006406c                rs_init_gf
 .text          0x000649e8     0x3bfc ./zint-master/backend/render.o
                0x00068220                render_plot_create_line
                0x00068310                render_plot_create_ring
                0x000684d0                render_plot_add_string
                0x000649e8                render_plot
                0x0006845c                render_plot_add_hexagon
                0x0006838c                render_plot_add_ring
                0x0006829c                render_plot_add_line
                0x00068400                render_plot_create_hexagon
 .text          0x000685e4     0xaed4 ./zint-master/backend/rss.o
                0x00068704                getRSSwidths
                0x000689cc                rss14
                0x000685e4                combins
                0x0006d624                rss_binary_string
                0x0006cbe4                general_rules
                0x0006b2f0                rsslimited
                0x00070a24                rssexpanded
 .text          0x000734b8     0x59a8 ./zint-master/backend/svg.o
                0x000734b8                svg_plot
 .text          0x00078e60      0x648 ./zint-master/backend/telepen.o
                0x00078e60                telepen
                0x000790d4                telepen_num
 .text          0x000794a8     0x29b8 ./zint-master/backend/upcean.o
                0x000796a4                upca
                0x00079fc4                ean_check
                0x000795d0                upca_draw
                0x000794a8                upc_check
                0x0007a584                isbn
                0x00079768                upce
                0x0007a9e0                ean_leading_zeroes
                0x0007a2ec                ean8
                0x0007a0f4                ean13
                0x00079cb8                add_on
                0x0007a480                isbn_check
                0x0007a374                isbn13_check
                0x0007ae44                eanx
 .text          0x0007be60      0x46c ./src1/ContactSmartCard.o
                0x0007be60                ContactSmartCard_Demo
 .text          0x0007c2cc      0x614 ./src1/JSON_checker.o
                0x0007c414                new_JSON_checker
                0x0007c870                JSON_checker_done
                0x0007c498                JSON_checker_char
 .text          0x0007c8e0        0x0 ./src1/Z_report.o
 .text          0x0007c8e0     0x42fc ./src1/cJSON.o
                0x0007e4cc                cJSON_PrintUnformatted
                0x0007e358                cJSON_ParseWithOpts
                0x0007e49c                cJSON_Print
                0x0007e46c                cJSON_Parse
                0x0008013c                cJSON_CreateTrue
                0x0007f988                cJSON_GetArraySize
                0x0007fd14                cJSON_DetachItemFromArray
                0x000802e4                cJSON_CreateArray
                0x000808c8                cJSON_Minify
                0x0008017c                cJSON_CreateFalse
                0x000806c0                cJSON_Duplicate
                0x0008004c                cJSON_ReplaceItemInObject
                0x0007c8e0                cJSON_GetErrorPtr
                0x000800fc                cJSON_CreateNull
                0x0007fe24                cJSON_DeleteItemFromArray
                0x0007fb94                cJSON_AddItemToArray
                0x0007fcd4                cJSON_AddItemReferenceToObject
                0x0007cba8                cJSON_Delete
                0x0007fc1c                cJSON_AddItemToObject
                0x0007ff44                cJSON_ReplaceItemInArray
                0x00080444                cJSON_CreateFloatArray
                0x00080364                cJSON_CreateIntArray
                0x000805f4                cJSON_CreateStringArray
                0x0007fe5c                cJSON_DetachItemFromObject
                0x0007ca94                cJSON_InitHooks
                0x000801bc                cJSON_CreateBool
                0x0007ff0c                cJSON_DeleteItemFromObject
                0x00080288                cJSON_CreateString
                0x0007f9e8                cJSON_GetArrayItem
                0x00080210                cJSON_CreateNumber
                0x0007fa50                cJSON_GetObjectItem
                0x00080324                cJSON_CreateObject
                0x0007fc9c                cJSON_AddItemReferenceToArray
                0x00080524                cJSON_CreateDoubleArray
 .text          0x00080bdc      0x458 ./src1/cl_smartcard_demo.o
                0x00080bdc                ContactlessSmartCard_Demo
 .text          0x00081034        0x0 ./src1/configurations.o
 .text          0x00081034     0x1830 ./src1/display.o
                0x00081034                Display_login_screen
                0x00081b94                display_request_for_srvce_details
 .text          0x00082864     0x1ab4 ./src1/gprs_demo.o
                0x00082f10                threader1
                0x00082d34                ftp_service
                0x00083acc                power_on_modem_device
                0x00083644                start_ppp_session1
                0x00083034                start_ppp_session
                0x00083e54                gprs_demo
                0x00082a1c                check_remote_service_size
                0x000838a8                start_ppp_sess
 .text          0x00084318     0x3a98 ./src1/jsonread.o
                0x00087840                json_parse_array
                0x00087968                json_parse_array_start
                0x00084ae4                remove_quotes
                0x00084c24                Start_online_display
                0x00084b80                hash_fnc
                0x00084318                print_json_value
                0x00087ac0                json_parse
                0x000843ac                json_online
                0x00087cb4                jcheck
                0x0008668c                read_online_jason_file
 .text          0x00087db0     0x3198 ./src1/keyboart.o
                0x0008a958                message_display_function_extended
                0x00087f84                increament_pointersize_and_copy
                0x0008aec8                message_display_getdate
                0x0008a794                message_display_function
                0x00087ea8                MapChar2Index
                0x0008abb8                organise_screen_on_input_login
                0x0008a980                translate_long_strings_and_print
                0x00088020                kb_getString
                0x00088fb0                organise_screen_on_input_one
                0x00087db0                key_board_demo
                0x00089134                kb_getStringtwo
 .text          0x0008af48     0x2914 ./src1/lcd.o
                0x0008d2d4                kb_getkey
                0x0008c11c                lcd_draw_rectangle_colored
                0x0008ca94                define_y_position
                0x0008c654                lcd_save
                0x0008cd20                lcd_menu
                0x0008cabc                get_y_position
                0x0008bef8                lcd_draw_rectangle
                0x0008cc5c                screen_header
                0x0008b730                lcd_set_bk_color
                0x0008d1e0                kb_hit
                0x0008be3c                lcd_printf_ex
                0x0008d3b4                showBootHistory
                0x0008cb8c                set_font
                0x0008b758                lcd_set_font_color
                0x0008cadc                screen_title
                0x0008b4dc                lcd_uninit
                0x0008af48                lcd_init
                0x0008c020                fill_triangle
                0x0008c740                lcd_restore
                0x0008b42c                changFont
                0x0008c964                lcd_draw_point
                0x0008b780                lcd_clean
                0x0008b820                lcd_printf
                0x0008ca58                lcd_flip
                0x0008c5b8                lcd_clear_background_picture
                0x0008d38c                display_message
                0x0008c7a4                lcd_show_picture
                0x0008c29c                lcd_set_background_picture
 .text          0x0008d85c      0x2dc ./src1/magneticstrip_demo.o
                0x0008d85c                magneticstrip_demo
 .text          0x0008db38     0x65c0 ./src1/main.o
                0x000916f4                threader_download
                0x00093ac8                check_previous_z
                0x0008fce8                replacewhitespace
                0x00092fcc                void_offline
                0x000931e8                check_if_voidable
                0x00091644                get_terminal_data_line_by_line
                0x0008dcb8                client_socket_app
                0x0008de00                save_allocat_and_add
                0x00092a50                z_report_select
                0x00093c34                check_if_services_exist
                0x00091b84                download_services
                0x0008def0                payment_method
                0x0008df30                display_amount_details
                0x00090d80                prepare_next_menu
                0x00093ff8                getReceiptLogs
                0x0009363c                single_biz_permit
                0x0008de9c                printBarcode
                0x00093ba0                check_if_prev_user_had_txn
                0x0009140c                login
                0x00092efc                process_main_reports
                0x00092440                process_main_menu
                0x00091964                threader
                0x00092f74                reprint_receipt_options
                0x00091308                offline_login
                0x00093b24                check_total_z_txn_is_greator_than_req
                0x0008e030                save_transaction
                0x0008fa5c                replace1
                0x00090338                get_params_for_offline
                0x0008f6a0                change_passwords
                0x0009046c                design_url
                0x00093d0c                getBootHistory
                0x00090bac                clear_data_banks
                0x00093cc4                mark_all
                0x0008e094                prepare_service_details
                0x0008ff3c                get_offline_menu
                0x000934f4                single_biz_permit_checkKey
                0x00091e6c                main
 .text          0x000940f8     0x27a8 ./src1/menu_back_forth.o
                0x000940f8                add_path
                0x00095f70                delete_path
                0x00096598                travese_path
                0x00096528                print_menu_items_in_path
                0x0009577c                find_path_item
                0x0009620c                delete_all_in_path
 .text          0x000968a0     0x6670 ./src1/menu_hash.o
                0x0009c024                sort_by_id
                0x0009bb18                name_sort
                0x0009bb90                sort_by_name
                0x0009b500                delete_menu
                0x0009bb5c                id_sort
                0x00099620                add_has_next
                0x0009ce7c                one_level_up
                0x0009bab8                print_menus
                0x00097f60                add_code
                0x0009cdbc                one_level_deep
                0x0009b79c                delete_all
                0x0009ace4                find_menu
                0x0009c4b8                menu_array
                0x000968a0                add_menu
 .text          0x0009cf10      0x228 ./src1/modem_demo.o
                0x0009cf10                modem_demo
 .text          0x0009d138     0x3098 ./src1/network_f.o
                0x0009d68c                getRandoms
                0x0009ef50                change_password
                0x0009d138                funt_get_mac_address
                0x0009d9ac                read_config
                0x0009e130                save_configarations
                0x0009d90c                get_current_time
                0x0009f978                set_innitial_configuration
                0x0009f7fc                is_valid_int
                0x000a00a0                trim
                0x0009d220                getdate_mine
                0x0009f7b8                isValidIpAddress
                0x0009e2b8                change_configuration
                0x0009d700                getdate_mine_for_z
                0x0009d408                getdate_mine_for_transaction
                0x0009f8cc                is_valid_positive_int
 .text          0x000a01d0     0x16fc ./src1/postslib_extern.o
                0x000a028c                portRecv
                0x000a0260                portSends
                0x000a04c8                fileRename
                0x000a0d80                ShakeHands
                0x000a1510                PedSignature
                0x000a04fc                sysGetTimerCount
                0x000a1354                AfterSignReply
                0x000a0364                fileWrite
                0x000a02d8                portOpen
                0x000a02b8                portClose
                0x000a1660                SetElecSignTimeOut
                0x000a01d0                fileOpen
                0x000a0240                portCheckRecvBuf
                0x000a0fe8                InputSign
                0x000a0300                fileSeek
                0x000a033c                fileClose
 .text          0x000a18cc     0x9228 ./src1/printer_demo.o
                0x000a8f5c                print_z_report
                0x000aa844                load_image_for_screen
                0x000a4798                Printer_Demo
                0x000a2e48                SBP_printer
                0x000a18cc                replacer
                0x000aa700                display_image
                0x000a8db8                get_printstatus
                0x000a85dc                PrintHeader
                0x000a1b3c                Printer_Void_receipt
                0x000a65c4                print_x_z_report
 .text          0x000aaaf4      0x850 ./src1/receipt.o
                0x000aaaf4                get_receipt_number
                0x000aaf80                revert_receipt_number
                0x000ab0c4                set_get_z_number
                0x000aadfc                get_voided_number
 .text          0x000ab344     0x1814 ./src1/socket_demo.o
                0x000ac85c                tcp_close
                0x000ab344                socket_server_demo
                0x000abf74                ssl_client_demo
                0x000ac494                tcp_server
                0x000ac5b8                tcp_accept
                0x000ab700                socket_client_demo
                0x000ac740                tcp_connect
                0x000ac458                tcp_init
                0x000aca18                tcp_write
                0x000ac888                tcp_read
                0x000ab8cc                ssl_server_demo
 .text          0x000acb58     0x3df0 ./src1/sql_functions.o
                0x000af22c                sqlite_database_insert_into_table
                0x000af85c                create_all_table
                0x000b058c                reprint_receipt
                0x000af9ac                x_report
                0x000af07c                sqlite_database_create_table
                0x000b044c                void_receipt
                0x000afc2c                z_report
                0x000af7e8                clear_arrays
                0x000af470                read_database
                0x000afae4                x_report_old
                0x000af6a8                read_database_receiptlogs
 .text          0x000b0948      0x170 ./src1/string_convert.o
                0x000b0a54                string_len
                0x000b0948                string_covert
 .text          0x000b0ab8      0xf1c ./src1/touch.o
                0x000b0dbc                touch_clear
                0x000b0d4c                touch_uninit
                0x000b1844                touch_get_draw
                0x000b12bc                swap_int
                0x000b0e50                touch_pixel
                0x000b1084                touch_line
                0x000b0ab8                touch_init
                0x000b1330                touch_line_ex
 .text          0x000b19d4      0x410 ./src1/touch_demo.o
                0x000b19d4                touch_demo
 .text          0x000b1de4      0x2e8 ./src1/uart_demo.o
                0x000b1de4                uart_demo
 .text          0x000b20cc      0x9cc ./src1/video.o
                0x000b20cc                main1
 .text          0x000b2a98      0x180 ./src1/visualstring.o
                0x000b2a98                helper_remove_char_at
                0x000b2bd0                bidi_init
                0x000b2b18                helper_remove_feff
 .text          0x000b2c18      0x460 ./jsonfiles/arraylist.o
                0x000b2c18                array_list_new
                0x000b2cdc                array_list_free
                0x000b2d88                array_list_get_idx
                0x000b2eec                array_list_put_idx
                0x000b3010                array_list_sort
                0x000b3054                array_list_length
                0x000b2fd0                array_list_add
 .text          0x000b3078      0x21c ./jsonfiles/debug.o
                0x000b31bc                mc_error
                0x000b3148                mc_debug
                0x000b30e8                mc_abort
                0x000b30c0                mc_set_syslog
                0x000b3228                mc_info
                0x000b30a0                mc_get_debug
                0x000b3078                mc_set_debug
 .text          0x000b3294     0x1acc ./jsonfiles/json_object.o
                0x000b42c0                json_object_new_int64
                0x000b4c40                json_object_array_sort
                0x000b4c74                json_object_array_length
                0x000b4bdc                json_object_get_array
                0x000b3f38                json_object_get_boolean
                0x000b48ac                json_object_get_string_len
                0x000b46e4                json_object_new_string
                0x000b37a8                json_object_to_json_string_ext
                0x000b36f8                json_object_is_type
                0x000b3760                json_object_get_type
                0x000b4ce0                json_object_array_put_idx
                0x000b4d24                json_object_array_get_idx
                0x000b4840                json_object_get_string
                0x000b3e20                json_object_object_del
                0x000b4528                json_object_get_double
                0x000b3c8c                json_object_get_object
                0x000b4114                json_object_get_int
                0x000b3cf0                json_object_object_add
                0x000b433c                json_object_get_int64
                0x000b35ac                json_object_get
                0x000b409c                json_object_new_int
                0x000b4ca4                json_object_array_add
                0x000b3d4c                json_object_object_get
                0x000b4b54                json_object_new_array
                0x000b44ac                json_object_new_double
                0x000b4788                json_object_new_string_len
                0x000b3ec8                json_object_new_boolean
                0x000b3bfc                json_object_new_object
                0x000b3d88                json_object_object_get_ex
                0x000b35ec                json_object_put
                0x000b3888                json_object_to_json_string
 .text          0x000b4d60      0x154 ./jsonfiles/json_object_iterator.o
                0x000b4e90                json_object_iter_init_default
                0x000b4e00                json_object_iter_peek_name
                0x000b4dd4                json_object_iter_next
                0x000b4d60                json_object_iter_begin
                0x000b4da0                json_object_iter_end
                0x000b4e50                json_object_iter_equal
                0x000b4e28                json_object_iter_peek_value
 .text          0x000b4eb4     0x4228 ./jsonfiles/json_tokener.o
                0x000b50f4                json_tokener_reset
                0x000b527c                json_tokener_parse_ex
                0x000b4f98                json_tokener_free
                0x000b4f2c                json_tokener_new
                0x000b5168                json_tokener_parse
                0x000b4eb4                json_tokener_error_desc
                0x000b4f08                json_tokener_get_error
                0x000b51a4                json_tokener_parse_verbose
 .text          0x000b90dc      0x6dc ./jsonfiles/json_util.o
                0x000b9294                json_object_to_file_ext
                0x000b90dc                json_object_from_file
                0x000b9474                json_parse_int64
                0x000b943c                json_object_to_file
                0x000b9754                json_type_to_name
 .text          0x000b97b8      0xd20 ./jsonfiles/linkhash.o
                0x000b9c90                lh_table_insert
                0x000ba0dc                lh_table_lookup
                0x000b97ec                lh_ptr_hash
                0x000b9840                lh_ptr_equal
                0x000b9900                lh_char_equal
                0x000b97b8                lh_abort
                0x000b9b08                lh_table_resize
                0x000b9ab8                lh_kptr_table_new
                0x000ba118                lh_table_lookup_ex
                0x000b9948                lh_table_new
                0x000ba470                lh_table_delete
                0x000b9f5c                lh_table_lookup_entry
                0x000b9878                lh_char_hash
                0x000ba1ac                lh_table_delete_entry
                0x000b9a68                lh_kchar_table_new
                0x000b9c10                lh_table_free
 .text          0x000ba4d8      0x584 ./jsonfiles/printbuf.o
                0x000ba9ec                printbuf_reset
                0x000ba8fc                sprintbuf
                0x000ba5c8                printbuf_new
                0x000ba824                printbuf_memset
                0x000baa20                printbuf_free
                0x000ba73c                printbuf_memappend
 .text          0x000baa5c      0x110 /opt/compiler/glibc-oabi-toolchain-arm-generic/lib/gcc/arm-unknown-linux-gnu/4.3.4/libgcc.a(_udivsi3.o)
                0x000baa5c                __udivsi3
                0x000baa5c                __aeabi_uidiv
                0x000bab54                __aeabi_uidivmod
 .text          0x000bab6c      0x140 /opt/compiler/glibc-oabi-toolchain-arm-generic/lib/gcc/arm-unknown-linux-gnu/4.3.4/libgcc.a(_divsi3.o)
                0x000bab6c                __divsi3
                0x000bac94                __aeabi_idivmod
                0x000bab6c                __aeabi_idiv
 .text          0x000bacac       0xcc /opt/compiler/glibc-oabi-toolchain-arm-generic/lib/gcc/arm-unknown-linux-gnu/4.3.4/libgcc.a(_umodsi3.o)
                0x000bacac                __umodsi3
 .text          0x000bad78       0xe4 /opt/compiler/glibc-oabi-toolchain-arm-generic/lib/gcc/arm-unknown-linux-gnu/4.3.4/libgcc.a(_modsi3.o)
                0x000bad78                __modsi3
 .text          0x000bae5c        0x4 /opt/compiler/glibc-oabi-toolchain-arm-generic/lib/gcc/arm-unknown-linux-gnu/4.3.4/libgcc.a(_dvmd_tls.o)
                0x000bae5c                __div0
                0x000bae5c                __aeabi_idiv0
                0x000bae5c                __aeabi_ldiv0
 .text          0x000bae60      0x400 /opt/compiler/glibc-oabi-toolchain-arm-generic/lib/gcc/arm-unknown-linux-gnu/4.3.4/libgcc.a(_addsubdf3.o)
                0x000bb1e0                __floatundidf
                0x000bb174                __floatsidf
                0x000bb14c                __aeabi_ui2d
                0x000bb174                __aeabi_i2d
                0x000bb14c                __floatunsidf
                0x000bae68                __subdf3
                0x000bb1f4                __floatdidf
                0x000bae6c                __adddf3
                0x000bb1f4                __aeabi_l2d
                0x000bb1a0                __aeabi_f2d
                0x000bb1e0                __aeabi_ul2d
                0x000bae60                __aeabi_drsub
                0x000bb1a0                __extendsfdf2
                0x000bae6c                __aeabi_dadd
                0x000bae68                __aeabi_dsub
 .text          0x000bb260      0x52c /opt/compiler/glibc-oabi-toolchain-arm-generic/lib/gcc/arm-unknown-linux-gnu/4.3.4/libgcc.a(_muldivdf3.o)
                0x000bb260                __muldf3
                0x000bb588                __divdf3
                0x000bb260                __aeabi_dmul
                0x000bb588                __aeabi_ddiv
 .text          0x000bb78c      0x128 /opt/compiler/glibc-oabi-toolchain-arm-generic/lib/gcc/arm-unknown-linux-gnu/4.3.4/libgcc.a(_cmpdf2.o)
                0x000bb78c                __gtdf2
                0x000bb794                __ltdf2
                0x000bb83c                __aeabi_cdcmple
                0x000bb78c                __gedf2
                0x000bb8a0                __aeabi_dcmpgt
                0x000bb794                __ledf2
                0x000bb83c                __aeabi_cdcmpeq
                0x000bb850                __aeabi_dcmpeq
                0x000bb878                __aeabi_dcmple
                0x000bb88c                __aeabi_dcmpge
                0x000bb79c                __cmpdf2
                0x000bb864                __aeabi_dcmplt
                0x000bb79c                __nedf2
                0x000bb820                __aeabi_cdrcmple
                0x000bb79c                __eqdf2
 .text          0x000bb8b4       0x5c /opt/compiler/glibc-oabi-toolchain-arm-generic/lib/gcc/arm-unknown-linux-gnu/4.3.4/libgcc.a(_fixdfsi.o)
                0x000bb8b4                __fixdfsi
                0x000bb8b4                __aeabi_d2iz
 .text          0x000bb910       0xa0 /opt/compiler/glibc-oabi-toolchain-arm-generic/lib/gcc/arm-unknown-linux-gnu/4.3.4/libgcc.a(_truncdfsf2.o)
                0x000bb910                __aeabi_d2f
                0x000bb910                __truncdfsf2
 .text          0x000bb9b0      0x2ac /opt/compiler/glibc-oabi-toolchain-arm-generic/lib/gcc/arm-unknown-linux-gnu/4.3.4/libgcc.a(_addsubsf3.o)
                0x000bb9bc                __aeabi_fadd
                0x000bbbb0                __aeabi_l2f
                0x000bbba0                __aeabi_ul2f
                0x000bb9b8                __subsf3
                0x000bbb80                __floatsisf
                0x000bb9bc                __addsf3
                0x000bb9b0                __aeabi_frsub
                0x000bbbb0                __floatdisf
                0x000bb9b8                __aeabi_fsub
                0x000bbb78                __aeabi_ui2f
                0x000bbb80                __aeabi_i2f
                0x000bbb78                __floatunsisf
                0x000bbba0                __floatundisf
 .text          0x000bbc5c      0x324 /opt/compiler/glibc-oabi-toolchain-arm-generic/lib/gcc/arm-unknown-linux-gnu/4.3.4/libgcc.a(_muldivsf3.o)
                0x000bbe20                __aeabi_fdiv
                0x000bbe20                __divsf3
                0x000bbc5c                __aeabi_fmul
                0x000bbc5c                __mulsf3
 .text          0x000bbf80       0xf8 /opt/compiler/glibc-oabi-toolchain-arm-generic/lib/gcc/arm-unknown-linux-gnu/4.3.4/libgcc.a(_cmpsf2.o)
                0x000bbf80                __gesf2
                0x000bc050                __aeabi_fcmpge
                0x000bc000                __aeabi_cfcmple
                0x000bbf90                __cmpsf2
                0x000bbff0                __aeabi_cfrcmple
                0x000bc000                __aeabi_cfcmpeq
                0x000bbf88                __lesf2
                0x000bbf88                __ltsf2
                0x000bbf80                __gtsf2
                0x000bc028                __aeabi_fcmplt
                0x000bbf90                __eqsf2
                0x000bc014                __aeabi_fcmpeq
                0x000bbf90                __nesf2
                0x000bc03c                __aeabi_fcmple
                0x000bc064                __aeabi_fcmpgt
 .text          0x000bc078       0x5c /opt/compiler/glibc-oabi-toolchain-arm-generic/lib/gcc/arm-unknown-linux-gnu/4.3.4/libgcc.a(_fixsfsi.o)
                0x000bc078                __fixsfsi
                0x000bc078                __aeabi_f2iz
 .text          0x000bc0d4       0x54 /opt/compiler/glibc-oabi-toolchain-arm-generic/lib/gcc/arm-unknown-linux-gnu/4.3.4/libgcc.a(_fixunssfsi.o)
                0x000bc0d4                __aeabi_f2uiz
                0x000bc0d4                __fixunssfsi
 .text          0x000bc128       0x58 /opt/compiler/glibc-oabi-toolchain-arm-generic/lib/gcc/arm-unknown-linux-gnu/4.3.4/libgcc.a(_fixdfdi.o)
                0x000bc128                __fixdfdi
 .text          0x000bc180       0x68 /opt/compiler/glibc-oabi-toolchain-arm-generic/lib/gcc/arm-unknown-linux-gnu/4.3.4/libgcc.a(_fixunsdfdi.o)
                0x000bc180                __fixunsdfdi
 .text          0x000bc1e8      0x504 /opt/compiler/glibc-oabi-toolchain-arm-generic/lib/gcc/arm-unknown-linux-gnu/4.3.4/libgcc.a(_udivdi3.o)
                0x000bc1e8                __udivdi3
 .text          0x000bc6ec      0x440 /opt/compiler/glibc-oabi-toolchain-arm-generic/lib/gcc/arm-unknown-linux-gnu/4.3.4/libgcc.a(_umoddi3.o)
                0x000bc6ec                __umoddi3
 .text          0x000bcb2c       0x54 /opt/compiler/glibc-oabi-toolchain-arm-generic/lib/gcc/arm-unknown-linux-gnu/4.3.4/libgcc.a(_fixunsdfsi.o)
                0x000bcb2c                __fixunsdfsi
                0x000bcb2c                __aeabi_d2uiz
 .text          0x000bcb80        0x0 /opt/compiler/glibc-oabi-toolchain-arm-generic/lib/gcc/arm-unknown-linux-gnu/4.3.4/libgcc.a(_clz.o)
 .text          0x000bcb80       0x70 /opt/compiler/glibc-oabi-toolchain-arm-generic/arm-unknown-linux-gnu//sys-root/usr/lib/libc_nonshared.a(elf-init.oS)
                0x000bcb80                __libc_csu_fini
                0x000bcb84                __libc_csu_init
 .text          0x000bcbf0       0x34 /opt/compiler/glibc-oabi-toolchain-arm-generic/lib/gcc/arm-unknown-linux-gnu/4.3.4/crtend.o
 .text          0x000bcc24        0x0 /opt/compiler/glibc-oabi-toolchain-arm-generic/arm-unknown-linux-gnu//sys-root/usr/lib/crtn.o
 *(.gnu.warning)
 *(.glue_7t)
 .glue_7t       0x000bcc24        0x0 /opt/compiler/glibc-oabi-toolchain-arm-generic/arm-unknown-linux-gnu//sys-root/usr/lib/crt1.o
 .glue_7t       0x000bcc24        0x0 /opt/compiler/glibc-oabi-toolchain-arm-generic/arm-unknown-linux-gnu//sys-root/usr/lib/crti.o
 .glue_7t       0x000bcc24        0x0 /opt/compiler/glibc-oabi-toolchain-arm-generic/lib/gcc/arm-unknown-linux-gnu/4.3.4/crtbegin.o
 .glue_7t       0x000bcc24        0x0 ./zint-master/frontend/getopt.o
 .glue_7t       0x000bcc24        0x0 ./zint-master/frontend/getopt1.o
 .glue_7t       0x000bcc24        0x0 ./zint-master/backend/2of5.o
 .glue_7t       0x000bcc24        0x0 ./zint-master/backend/auspost.o
 .glue_7t       0x000bcc24        0x0 ./zint-master/backend/aztec.o
 .glue_7t       0x000bcc24        0x0 ./zint-master/backend/code.o
 .glue_7t       0x000bcc24        0x0 ./zint-master/backend/code1.o
 .glue_7t       0x000bcc24        0x0 ./zint-master/backend/code128.o
 .glue_7t       0x000bcc24        0x0 ./zint-master/backend/code16k.o
 .glue_7t       0x000bcc24        0x0 ./zint-master/backend/code49.o
 .glue_7t       0x000bcc24        0x0 ./zint-master/backend/common.o
 .glue_7t       0x000bcc24        0x0 ./zint-master/backend/composite.o
 .glue_7t       0x000bcc24        0x0 ./zint-master/backend/dllversion.o
 .glue_7t       0x000bcc24        0x0 ./zint-master/backend/dmatrix.o
 .glue_7t       0x000bcc24        0x0 ./zint-master/backend/gridmtx.o
 .glue_7t       0x000bcc24        0x0 ./zint-master/backend/gs1.o
 .glue_7t       0x000bcc24        0x0 ./zint-master/backend/imail.o
 .glue_7t       0x000bcc24        0x0 ./zint-master/backend/large.o
 .glue_7t       0x000bcc24        0x0 ./zint-master/backend/library.o
 .glue_7t       0x000bcc24        0x0 ./zint-master/backend/maxicode.o
 .glue_7t       0x000bcc24        0x0 ./zint-master/backend/medical.o
 .glue_7t       0x000bcc24        0x0 ./zint-master/backend/pdf417.o
 .glue_7t       0x000bcc24        0x0 ./zint-master/backend/plessey.o
 .glue_7t       0x000bcc24        0x0 ./zint-master/backend/png.o
 .glue_7t       0x000bcc24        0x0 ./zint-master/backend/postal.o
 .glue_7t       0x000bcc24        0x0 ./zint-master/backend/ps.o
 .glue_7t       0x000bcc24        0x0 ./zint-master/backend/qr.o
 .glue_7t       0x000bcc24        0x0 ./zint-master/backend/reedsol.o
 .glue_7t       0x000bcc24        0x0 ./zint-master/backend/render.o
 .glue_7t       0x000bcc24        0x0 ./zint-master/backend/rss.o
 .glue_7t       0x000bcc24        0x0 ./zint-master/backend/svg.o
 .glue_7t       0x000bcc24        0x0 ./zint-master/backend/telepen.o
 .glue_7t       0x000bcc24        0x0 ./zint-master/backend/upcean.o
 .glue_7t       0x000bcc24        0x0 ./src1/ContactSmartCard.o
 .glue_7t       0x000bcc24        0x0 ./src1/JSON_checker.o
 .glue_7t       0x000bcc24        0x0 ./src1/Z_report.o
 .glue_7t       0x000bcc24        0x0 ./src1/cJSON.o
 .glue_7t       0x000bcc24        0x0 ./src1/cl_smartcard_demo.o
 .glue_7t       0x000bcc24        0x0 ./src1/configurations.o
 .glue_7t       0x000bcc24        0x0 ./src1/display.o
 .glue_7t       0x000bcc24        0x0 ./src1/gprs_demo.o
 .glue_7t       0x000bcc24        0x0 ./src1/jsonread.o
 .glue_7t       0x000bcc24        0x0 ./src1/keyboart.o
 .glue_7t       0x000bcc24        0x0 ./src1/lcd.o
 .glue_7t       0x000bcc24        0x0 ./src1/magneticstrip_demo.o
 .glue_7t       0x000bcc24        0x0 ./src1/main.o
 .glue_7t       0x000bcc24        0x0 ./src1/menu_back_forth.o
 .glue_7t       0x000bcc24        0x0 ./src1/menu_hash.o
 .glue_7t       0x000bcc24        0x0 ./src1/modem_demo.o
 .glue_7t       0x000bcc24        0x0 ./src1/network_f.o
 .glue_7t       0x000bcc24        0x0 ./src1/postslib_extern.o
 .glue_7t       0x000bcc24        0x0 ./src1/printer_demo.o
 .glue_7t       0x000bcc24        0x0 ./src1/receipt.o
 .glue_7t       0x000bcc24        0x0 ./src1/socket_demo.o
 .glue_7t       0x000bcc24        0x0 ./src1/sql_functions.o
 .glue_7t       0x000bcc24        0x0 ./src1/string_convert.o
 .glue_7t       0x000bcc24        0x0 ./src1/touch.o
 .glue_7t       0x000bcc24        0x0 ./src1/touch_demo.o
 .glue_7t       0x000bcc24        0x0 ./src1/uart_demo.o
 .glue_7t       0x000bcc24        0x0 ./src1/video.o
 .glue_7t       0x000bcc24        0x0 ./src1/visualstring.o
 .glue_7t       0x000bcc24        0x0 ./jsonfiles/arraylist.o
 .glue_7t       0x000bcc24        0x0 ./jsonfiles/debug.o
 .glue_7t       0x000bcc24        0x0 ./jsonfiles/json_object.o
 .glue_7t       0x000bcc24        0x0 ./jsonfiles/json_object_iterator.o
 .glue_7t       0x000bcc24        0x0 ./jsonfiles/json_tokener.o
 .glue_7t       0x000bcc24        0x0 ./jsonfiles/json_util.o
 .glue_7t       0x000bcc24        0x0 ./jsonfiles/linkhash.o
 .glue_7t       0x000bcc24        0x0 ./jsonfiles/printbuf.o
 .glue_7t       0x000bcc24        0x0 /home/linux/sdk/lib/libz.so
 .glue_7t       0x000bcc24        0x0 /home/linux/sdk/lib/libsqlite3.so
 .glue_7t       0x000bcc24        0x0 /home/linux/sdk/lib/libcurl.so
 .glue_7t       0x000bcc24        0x0 /home/linux/sdk/lib/libts.so
 .glue_7t       0x000bcc24        0x0 /home/linux/sdk/lib/libssl.so
 .glue_7t       0x000bcc24        0x0 /home/linux/sdk/lib/libdirect.so
 .glue_7t       0x000bcc24        0x0 /home/linux/sdk/lib/libdirectfb.so
 .glue_7t       0x000bcc24        0x0 /home/linux/sdk/lib/libemv.so
 .glue_7t       0x000bcc24        0x0 /home/linux/sdk/lib/libiccard.so
 .glue_7t       0x000bcc24        0x0 /home/linux/sdk/lib/libnfc.so
 .glue_7t       0x000bcc24        0x0 /home/linux/sdk/lib/libpng.so
 .glue_7t       0x000bcc24        0x0 /home/linux/sdk/lib/libpos.so
 .glue_7t       0x000bcc24        0x0 /home/linux/sdk/lib/libcrypto.so
 .glue_7t       0x000bcc24        0x0 /home/linux/sdk/lib/libped.so
 .glue_7t       0x000bcc24        0x0 /home/linux/sdk/lib/libfusion.so
 .glue_7t       0x000bcc24        0x0 /opt/compiler/glibc-oabi-toolchain-arm-generic/lib/gcc/arm-unknown-linux-gnu/4.3.4/libgcc.a(_udivsi3.o)
 .glue_7t       0x000bcc24        0x0 /opt/compiler/glibc-oabi-toolchain-arm-generic/lib/gcc/arm-unknown-linux-gnu/4.3.4/libgcc.a(_divsi3.o)
 .glue_7t       0x000bcc24        0x0 /opt/compiler/glibc-oabi-toolchain-arm-generic/lib/gcc/arm-unknown-linux-gnu/4.3.4/libgcc.a(_umodsi3.o)
 .glue_7t       0x000bcc24        0x0 /opt/compiler/glibc-oabi-toolchain-arm-generic/lib/gcc/arm-unknown-linux-gnu/4.3.4/libgcc.a(_modsi3.o)
 .glue_7t       0x000bcc24        0x0 /opt/compiler/glibc-oabi-toolchain-arm-generic/lib/gcc/arm-unknown-linux-gnu/4.3.4/libgcc.a(_dvmd_tls.o)
 .glue_7t       0x000bcc24        0x0 /opt/compiler/glibc-oabi-toolchain-arm-generic/lib/gcc/arm-unknown-linux-gnu/4.3.4/libgcc.a(_addsubdf3.o)
 .glue_7t       0x000bcc24        0x0 /opt/compiler/glibc-oabi-toolchain-arm-generic/lib/gcc/arm-unknown-linux-gnu/4.3.4/libgcc.a(_muldivdf3.o)
 .glue_7t       0x000bcc24        0x0 /opt/compiler/glibc-oabi-toolchain-arm-generic/lib/gcc/arm-unknown-linux-gnu/4.3.4/libgcc.a(_cmpdf2.o)
 .glue_7t       0x000bcc24        0x0 /opt/compiler/glibc-oabi-toolchain-arm-generic/lib/gcc/arm-unknown-linux-gnu/4.3.4/libgcc.a(_fixdfsi.o)
 .glue_7t       0x000bcc24        0x0 /opt/compiler/glibc-oabi-toolchain-arm-generic/lib/gcc/arm-unknown-linux-gnu/4.3.4/libgcc.a(_truncdfsf2.o)
 .glue_7t       0x000bcc24        0x0 /opt/compiler/glibc-oabi-toolchain-arm-generic/lib/gcc/arm-unknown-linux-gnu/4.3.4/libgcc.a(_addsubsf3.o)
 .glue_7t       0x000bcc24        0x0 /opt/compiler/glibc-oabi-toolchain-arm-generic/lib/gcc/arm-unknown-linux-gnu/4.3.4/libgcc.a(_muldivsf3.o)
 .glue_7t       0x000bcc24        0x0 /opt/compiler/glibc-oabi-toolchain-arm-generic/lib/gcc/arm-unknown-linux-gnu/4.3.4/libgcc.a(_cmpsf2.o)
 .glue_7t       0x000bcc24        0x0 /opt/compiler/glibc-oabi-toolchain-arm-generic/lib/gcc/arm-unknown-linux-gnu/4.3.4/libgcc.a(_fixsfsi.o)
 .glue_7t       0x000bcc24        0x0 /opt/compiler/glibc-oabi-toolchain-arm-generic/lib/gcc/arm-unknown-linux-gnu/4.3.4/libgcc.a(_fixunssfsi.o)
 .glue_7t       0x000bcc24        0x0 /opt/compiler/glibc-oabi-toolchain-arm-generic/lib/gcc/arm-unknown-linux-gnu/4.3.4/libgcc.a(_fixdfdi.o)
 .glue_7t       0x000bcc24        0x0 /opt/compiler/glibc-oabi-toolchain-arm-generic/lib/gcc/arm-unknown-linux-gnu/4.3.4/libgcc.a(_fixunsdfdi.o)
 .glue_7t       0x000bcc24        0x0 /opt/compiler/glibc-oabi-toolchain-arm-generic/lib/gcc/arm-unknown-linux-gnu/4.3.4/libgcc.a(_udivdi3.o)
 .glue_7t       0x000bcc24        0x0 /opt/compiler/glibc-oabi-toolchain-arm-generic/lib/gcc/arm-unknown-linux-gnu/4.3.4/libgcc.a(_umoddi3.o)
 .glue_7t       0x000bcc24        0x0 /opt/compiler/glibc-oabi-toolchain-arm-generic/lib/gcc/arm-unknown-linux-gnu/4.3.4/libgcc.a(_fixunsdfsi.o)
 .glue_7t       0x000bcc24        0x0 /opt/compiler/glibc-oabi-toolchain-arm-generic/lib/gcc/arm-unknown-linux-gnu/4.3.4/libgcc.a(_clz.o)
 .glue_7t       0x000bcc24        0x0 /opt/compiler/glibc-oabi-toolchain-arm-generic/lib/gcc/arm-unknown-linux-gnu/4.3.4/../../../../arm-unknown-linux-gnu/lib/libgcc_s.so
 .glue_7t       0x000bcc24        0x0 /opt/compiler/glibc-oabi-toolchain-arm-generic/arm-unknown-linux-gnu//sys-root/lib/libc.so.6
 .glue_7t       0x000bcc24        0x0 /opt/compiler/glibc-oabi-toolchain-arm-generic/arm-unknown-linux-gnu//sys-root/usr/lib/libc_nonshared.a(elf-init.oS)
 .glue_7t       0x000bcc24        0x0 /opt/compiler/glibc-oabi-toolchain-arm-generic/arm-unknown-linux-gnu//sys-root/lib/ld-linux.so.2
 .glue_7t       0x000bcc24        0x0 /opt/compiler/glibc-oabi-toolchain-arm-generic/lib/gcc/arm-unknown-linux-gnu/4.3.4/../../../../arm-unknown-linux-gnu/lib/libgcc_s.so
 .glue_7t       0x000bcc24        0x0 /opt/compiler/glibc-oabi-toolchain-arm-generic/lib/gcc/arm-unknown-linux-gnu/4.3.4/crtend.o
 .glue_7t       0x000bcc24        0x0 /opt/compiler/glibc-oabi-toolchain-arm-generic/arm-unknown-linux-gnu//sys-root/usr/lib/crtn.o
 *(.glue_7)
 .glue_7        0x000bcc24        0x0 /opt/compiler/glibc-oabi-toolchain-arm-generic/arm-unknown-linux-gnu//sys-root/usr/lib/crt1.o
 .glue_7        0x000bcc24        0x0 /opt/compiler/glibc-oabi-toolchain-arm-generic/arm-unknown-linux-gnu//sys-root/usr/lib/crti.o
 .glue_7        0x000bcc24        0x0 /opt/compiler/glibc-oabi-toolchain-arm-generic/lib/gcc/arm-unknown-linux-gnu/4.3.4/crtbegin.o
 .glue_7        0x000bcc24        0x0 ./zint-master/frontend/getopt.o
 .glue_7        0x000bcc24        0x0 ./zint-master/frontend/getopt1.o
 .glue_7        0x000bcc24        0x0 ./zint-master/backend/2of5.o
 .glue_7        0x000bcc24        0x0 ./zint-master/backend/auspost.o
 .glue_7        0x000bcc24        0x0 ./zint-master/backend/aztec.o
 .glue_7        0x000bcc24        0x0 ./zint-master/backend/code.o
 .glue_7        0x000bcc24        0x0 ./zint-master/backend/code1.o
 .glue_7        0x000bcc24        0x0 ./zint-master/backend/code128.o
 .glue_7        0x000bcc24        0x0 ./zint-master/backend/code16k.o
 .glue_7        0x000bcc24        0x0 ./zint-master/backend/code49.o
 .glue_7        0x000bcc24        0x0 ./zint-master/backend/common.o
 .glue_7        0x000bcc24        0x0 ./zint-master/backend/composite.o
 .glue_7        0x000bcc24        0x0 ./zint-master/backend/dllversion.o
 .glue_7        0x000bcc24        0x0 ./zint-master/backend/dmatrix.o
 .glue_7        0x000bcc24        0x0 ./zint-master/backend/gridmtx.o
 .glue_7        0x000bcc24        0x0 ./zint-master/backend/gs1.o
 .glue_7        0x000bcc24        0x0 ./zint-master/backend/imail.o
 .glue_7        0x000bcc24        0x0 ./zint-master/backend/large.o
 .glue_7        0x000bcc24        0x0 ./zint-master/backend/library.o
 .glue_7        0x000bcc24        0x0 ./zint-master/backend/maxicode.o
 .glue_7        0x000bcc24        0x0 ./zint-master/backend/medical.o
 .glue_7        0x000bcc24        0x0 ./zint-master/backend/pdf417.o
 .glue_7        0x000bcc24        0x0 ./zint-master/backend/plessey.o
 .glue_7        0x000bcc24        0x0 ./zint-master/backend/png.o
 .glue_7        0x000bcc24        0x0 ./zint-master/backend/postal.o
 .glue_7        0x000bcc24        0x0 ./zint-master/backend/ps.o
 .glue_7        0x000bcc24        0x0 ./zint-master/backend/qr.o
 .glue_7        0x000bcc24        0x0 ./zint-master/backend/reedsol.o
 .glue_7        0x000bcc24        0x0 ./zint-master/backend/render.o
 .glue_7        0x000bcc24        0x0 ./zint-master/backend/rss.o
 .glue_7        0x000bcc24        0x0 ./zint-master/backend/svg.o
 .glue_7        0x000bcc24        0x0 ./zint-master/backend/telepen.o
 .glue_7        0x000bcc24        0x0 ./zint-master/backend/upcean.o
 .glue_7        0x000bcc24        0x0 ./src1/ContactSmartCard.o
 .glue_7        0x000bcc24        0x0 ./src1/JSON_checker.o
 .glue_7        0x000bcc24        0x0 ./src1/Z_report.o
 .glue_7        0x000bcc24        0x0 ./src1/cJSON.o
 .glue_7        0x000bcc24        0x0 ./src1/cl_smartcard_demo.o
 .glue_7        0x000bcc24        0x0 ./src1/configurations.o
 .glue_7        0x000bcc24        0x0 ./src1/display.o
 .glue_7        0x000bcc24        0x0 ./src1/gprs_demo.o
 .glue_7        0x000bcc24        0x0 ./src1/jsonread.o
 .glue_7        0x000bcc24        0x0 ./src1/keyboart.o
 .glue_7        0x000bcc24        0x0 ./src1/lcd.o
 .glue_7        0x000bcc24        0x0 ./src1/magneticstrip_demo.o
 .glue_7        0x000bcc24        0x0 ./src1/main.o
 .glue_7        0x000bcc24        0x0 ./src1/menu_back_forth.o
 .glue_7        0x000bcc24        0x0 ./src1/menu_hash.o
 .glue_7        0x000bcc24        0x0 ./src1/modem_demo.o
 .glue_7        0x000bcc24        0x0 ./src1/network_f.o
 .glue_7        0x000bcc24        0x0 ./src1/postslib_extern.o
 .glue_7        0x000bcc24        0x0 ./src1/printer_demo.o
 .glue_7        0x000bcc24        0x0 ./src1/receipt.o
 .glue_7        0x000bcc24        0x0 ./src1/socket_demo.o
 .glue_7        0x000bcc24        0x0 ./src1/sql_functions.o
 .glue_7        0x000bcc24        0x0 ./src1/string_convert.o
 .glue_7        0x000bcc24        0x0 ./src1/touch.o
 .glue_7        0x000bcc24        0x0 ./src1/touch_demo.o
 .glue_7        0x000bcc24        0x0 ./src1/uart_demo.o
 .glue_7        0x000bcc24        0x0 ./src1/video.o
 .glue_7        0x000bcc24        0x0 ./src1/visualstring.o
 .glue_7        0x000bcc24        0x0 ./jsonfiles/arraylist.o
 .glue_7        0x000bcc24        0x0 ./jsonfiles/debug.o
 .glue_7        0x000bcc24        0x0 ./jsonfiles/json_object.o
 .glue_7        0x000bcc24        0x0 ./jsonfiles/json_object_iterator.o
 .glue_7        0x000bcc24        0x0 ./jsonfiles/json_tokener.o
 .glue_7        0x000bcc24        0x0 ./jsonfiles/json_util.o
 .glue_7        0x000bcc24        0x0 ./jsonfiles/linkhash.o
 .glue_7        0x000bcc24        0x0 ./jsonfiles/printbuf.o
 .glue_7        0x000bcc24        0x0 /home/linux/sdk/lib/libz.so
 .glue_7        0x000bcc24        0x0 /home/linux/sdk/lib/libsqlite3.so
 .glue_7        0x000bcc24        0x0 /home/linux/sdk/lib/libcurl.so
 .glue_7        0x000bcc24        0x0 /home/linux/sdk/lib/libts.so
 .glue_7        0x000bcc24        0x0 /home/linux/sdk/lib/libssl.so
 .glue_7        0x000bcc24        0x0 /home/linux/sdk/lib/libdirect.so
 .glue_7        0x000bcc24        0x0 /home/linux/sdk/lib/libdirectfb.so
 .glue_7        0x000bcc24        0x0 /home/linux/sdk/lib/libemv.so
 .glue_7        0x000bcc24        0x0 /home/linux/sdk/lib/libiccard.so
 .glue_7        0x000bcc24        0x0 /home/linux/sdk/lib/libnfc.so
 .glue_7        0x000bcc24        0x0 /home/linux/sdk/lib/libpng.so
 .glue_7        0x000bcc24        0x0 /home/linux/sdk/lib/libpos.so
 .glue_7        0x000bcc24        0x0 /home/linux/sdk/lib/libcrypto.so
 .glue_7        0x000bcc24        0x0 /home/linux/sdk/lib/libped.so
 .glue_7        0x000bcc24        0x0 /home/linux/sdk/lib/libfusion.so
 .glue_7        0x000bcc24        0x0 /opt/compiler/glibc-oabi-toolchain-arm-generic/lib/gcc/arm-unknown-linux-gnu/4.3.4/libgcc.a(_udivsi3.o)
 .glue_7        0x000bcc24        0x0 /opt/compiler/glibc-oabi-toolchain-arm-generic/lib/gcc/arm-unknown-linux-gnu/4.3.4/libgcc.a(_divsi3.o)
 .glue_7        0x000bcc24        0x0 /opt/compiler/glibc-oabi-toolchain-arm-generic/lib/gcc/arm-unknown-linux-gnu/4.3.4/libgcc.a(_umodsi3.o)
 .glue_7        0x000bcc24        0x0 /opt/compiler/glibc-oabi-toolchain-arm-generic/lib/gcc/arm-unknown-linux-gnu/4.3.4/libgcc.a(_modsi3.o)
 .glue_7        0x000bcc24        0x0 /opt/compiler/glibc-oabi-toolchain-arm-generic/lib/gcc/arm-unknown-linux-gnu/4.3.4/libgcc.a(_dvmd_tls.o)
 .glue_7        0x000bcc24        0x0 /opt/compiler/glibc-oabi-toolchain-arm-generic/lib/gcc/arm-unknown-linux-gnu/4.3.4/libgcc.a(_addsubdf3.o)
 .glue_7        0x000bcc24        0x0 /opt/compiler/glibc-oabi-toolchain-arm-generic/lib/gcc/arm-unknown-linux-gnu/4.3.4/libgcc.a(_muldivdf3.o)
 .glue_7        0x000bcc24        0x0 /opt/compiler/glibc-oabi-toolchain-arm-generic/lib/gcc/arm-unknown-linux-gnu/4.3.4/libgcc.a(_cmpdf2.o)
 .glue_7        0x000bcc24        0x0 /opt/compiler/glibc-oabi-toolchain-arm-generic/lib/gcc/arm-unknown-linux-gnu/4.3.4/libgcc.a(_fixdfsi.o)
 .glue_7        0x000bcc24        0x0 /opt/compiler/glibc-oabi-toolchain-arm-generic/lib/gcc/arm-unknown-linux-gnu/4.3.4/libgcc.a(_truncdfsf2.o)
 .glue_7        0x000bcc24        0x0 /opt/compiler/glibc-oabi-toolchain-arm-generic/lib/gcc/arm-unknown-linux-gnu/4.3.4/libgcc.a(_addsubsf3.o)
 .glue_7        0x000bcc24        0x0 /opt/compiler/glibc-oabi-toolchain-arm-generic/lib/gcc/arm-unknown-linux-gnu/4.3.4/libgcc.a(_muldivsf3.o)
 .glue_7        0x000bcc24        0x0 /opt/compiler/glibc-oabi-toolchain-arm-generic/lib/gcc/arm-unknown-linux-gnu/4.3.4/libgcc.a(_cmpsf2.o)
 .glue_7        0x000bcc24        0x0 /opt/compiler/glibc-oabi-toolchain-arm-generic/lib/gcc/arm-unknown-linux-gnu/4.3.4/libgcc.a(_fixsfsi.o)
 .glue_7        0x000bcc24        0x0 /opt/compiler/glibc-oabi-toolchain-arm-generic/lib/gcc/arm-unknown-linux-gnu/4.3.4/libgcc.a(_fixunssfsi.o)
 .glue_7        0x000bcc24        0x0 /opt/compiler/glibc-oabi-toolchain-arm-generic/lib/gcc/arm-unknown-linux-gnu/4.3.4/libgcc.a(_fixdfdi.o)
 .glue_7        0x000bcc24        0x0 /opt/compiler/glibc-oabi-toolchain-arm-generic/lib/gcc/arm-unknown-linux-gnu/4.3.4/libgcc.a(_fixunsdfdi.o)
 .glue_7        0x000bcc24        0x0 /opt/compiler/glibc-oabi-toolchain-arm-generic/lib/gcc/arm-unknown-linux-gnu/4.3.4/libgcc.a(_udivdi3.o)
 .glue_7        0x000bcc24        0x0 /opt/compiler/glibc-oabi-toolchain-arm-generic/lib/gcc/arm-unknown-linux-gnu/4.3.4/libgcc.a(_umoddi3.o)
 .glue_7        0x000bcc24        0x0 /opt/compiler/glibc-oabi-toolchain-arm-generic/lib/gcc/arm-unknown-linux-gnu/4.3.4/libgcc.a(_fixunsdfsi.o)
 .glue_7        0x000bcc24        0x0 /opt/compiler/glibc-oabi-toolchain-arm-generic/lib/gcc/arm-unknown-linux-gnu/4.3.4/libgcc.a(_clz.o)
 .glue_7        0x000bcc24        0x0 /opt/compiler/glibc-oabi-toolchain-arm-generic/lib/gcc/arm-unknown-linux-gnu/4.3.4/../../../../arm-unknown-linux-gnu/lib/libgcc_s.so
 .glue_7        0x000bcc24        0x0 /opt/compiler/glibc-oabi-toolchain-arm-generic/arm-unknown-linux-gnu//sys-root/lib/libc.so.6
 .glue_7        0x000bcc24        0x0 /opt/compiler/glibc-oabi-toolchain-arm-generic/arm-unknown-linux-gnu//sys-root/usr/lib/libc_nonshared.a(elf-init.oS)
 .glue_7        0x000bcc24        0x0 /opt/compiler/glibc-oabi-toolchain-arm-generic/arm-unknown-linux-gnu//sys-root/lib/ld-linux.so.2
 .glue_7        0x000bcc24        0x0 /opt/compiler/glibc-oabi-toolchain-arm-generic/lib/gcc/arm-unknown-linux-gnu/4.3.4/../../../../arm-unknown-linux-gnu/lib/libgcc_s.so
 .glue_7        0x000bcc24        0x0 /opt/compiler/glibc-oabi-toolchain-arm-generic/lib/gcc/arm-unknown-linux-gnu/4.3.4/crtend.o
 .glue_7        0x000bcc24        0x0 /opt/compiler/glibc-oabi-toolchain-arm-generic/arm-unknown-linux-gnu//sys-root/usr/lib/crtn.o
 *(.vfp11_veneer)
 .vfp11_veneer  0x000bcc24        0x0 /opt/compiler/glibc-oabi-toolchain-arm-generic/arm-unknown-linux-gnu//sys-root/usr/lib/crt1.o
 .vfp11_veneer  0x000bcc24        0x0 /opt/compiler/glibc-oabi-toolchain-arm-generic/arm-unknown-linux-gnu//sys-root/usr/lib/crti.o
 .vfp11_veneer  0x000bcc24        0x0 /opt/compiler/glibc-oabi-toolchain-arm-generic/lib/gcc/arm-unknown-linux-gnu/4.3.4/crtbegin.o
 .vfp11_veneer  0x000bcc24        0x0 ./zint-master/frontend/getopt.o
 .vfp11_veneer  0x000bcc24        0x0 ./zint-master/frontend/getopt1.o
 .vfp11_veneer  0x000bcc24        0x0 ./zint-master/backend/2of5.o
 .vfp11_veneer  0x000bcc24        0x0 ./zint-master/backend/auspost.o
 .vfp11_veneer  0x000bcc24        0x0 ./zint-master/backend/aztec.o
 .vfp11_veneer  0x000bcc24        0x0 ./zint-master/backend/code.o
 .vfp11_veneer  0x000bcc24        0x0 ./zint-master/backend/code1.o
 .vfp11_veneer  0x000bcc24        0x0 ./zint-master/backend/code128.o
 .vfp11_veneer  0x000bcc24        0x0 ./zint-master/backend/code16k.o
 .vfp11_veneer  0x000bcc24        0x0 ./zint-master/backend/code49.o
 .vfp11_veneer  0x000bcc24        0x0 ./zint-master/backend/common.o
 .vfp11_veneer  0x000bcc24        0x0 ./zint-master/backend/composite.o
 .vfp11_veneer  0x000bcc24        0x0 ./zint-master/backend/dllversion.o
 .vfp11_veneer  0x000bcc24        0x0 ./zint-master/backend/dmatrix.o
 .vfp11_veneer  0x000bcc24        0x0 ./zint-master/backend/gridmtx.o
 .vfp11_veneer  0x000bcc24        0x0 ./zint-master/backend/gs1.o
 .vfp11_veneer  0x000bcc24        0x0 ./zint-master/backend/imail.o
 .vfp11_veneer  0x000bcc24        0x0 ./zint-master/backend/large.o
 .vfp11_veneer  0x000bcc24        0x0 ./zint-master/backend/library.o
 .vfp11_veneer  0x000bcc24        0x0 ./zint-master/backend/maxicode.o
 .vfp11_veneer  0x000bcc24        0x0 ./zint-master/backend/medical.o
 .vfp11_veneer  0x000bcc24        0x0 ./zint-master/backend/pdf417.o
 .vfp11_veneer  0x000bcc24        0x0 ./zint-master/backend/plessey.o
 .vfp11_veneer  0x000bcc24        0x0 ./zint-master/backend/png.o
 .vfp11_veneer  0x000bcc24        0x0 ./zint-master/backend/postal.o
 .vfp11_veneer  0x000bcc24        0x0 ./zint-master/backend/ps.o
 .vfp11_veneer  0x000bcc24        0x0 ./zint-master/backend/qr.o
 .vfp11_veneer  0x000bcc24        0x0 ./zint-master/backend/reedsol.o
 .vfp11_veneer  0x000bcc24        0x0 ./zint-master/backend/render.o
 .vfp11_veneer  0x000bcc24        0x0 ./zint-master/backend/rss.o
 .vfp11_veneer  0x000bcc24        0x0 ./zint-master/backend/svg.o
 .vfp11_veneer  0x000bcc24        0x0 ./zint-master/backend/telepen.o
 .vfp11_veneer  0x000bcc24        0x0 ./zint-master/backend/upcean.o
 .vfp11_veneer  0x000bcc24        0x0 ./src1/ContactSmartCard.o
 .vfp11_veneer  0x000bcc24        0x0 ./src1/JSON_checker.o
 .vfp11_veneer  0x000bcc24        0x0 ./src1/Z_report.o
 .vfp11_veneer  0x000bcc24        0x0 ./src1/cJSON.o
 .vfp11_veneer  0x000bcc24        0x0 ./src1/cl_smartcard_demo.o
 .vfp11_veneer  0x000bcc24        0x0 ./src1/configurations.o
 .vfp11_veneer  0x000bcc24        0x0 ./src1/display.o
 .vfp11_veneer  0x000bcc24        0x0 ./src1/gprs_demo.o
 .vfp11_veneer  0x000bcc24        0x0 ./src1/jsonread.o
 .vfp11_veneer  0x000bcc24        0x0 ./src1/keyboart.o
 .vfp11_veneer  0x000bcc24        0x0 ./src1/lcd.o
 .vfp11_veneer  0x000bcc24        0x0 ./src1/magneticstrip_demo.o
 .vfp11_veneer  0x000bcc24        0x0 ./src1/main.o
 .vfp11_veneer  0x000bcc24        0x0 ./src1/menu_back_forth.o
 .vfp11_veneer  0x000bcc24        0x0 ./src1/menu_hash.o
 .vfp11_veneer  0x000bcc24        0x0 ./src1/modem_demo.o
 .vfp11_veneer  0x000bcc24        0x0 ./src1/network_f.o
 .vfp11_veneer  0x000bcc24        0x0 ./src1/postslib_extern.o
 .vfp11_veneer  0x000bcc24        0x0 ./src1/printer_demo.o
 .vfp11_veneer  0x000bcc24        0x0 ./src1/receipt.o
 .vfp11_veneer  0x000bcc24        0x0 ./src1/socket_demo.o
 .vfp11_veneer  0x000bcc24        0x0 ./src1/sql_functions.o
 .vfp11_veneer  0x000bcc24        0x0 ./src1/string_convert.o
 .vfp11_veneer  0x000bcc24        0x0 ./src1/touch.o
 .vfp11_veneer  0x000bcc24        0x0 ./src1/touch_demo.o
 .vfp11_veneer  0x000bcc24        0x0 ./src1/uart_demo.o
 .vfp11_veneer  0x000bcc24        0x0 ./src1/video.o
 .vfp11_veneer  0x000bcc24        0x0 ./src1/visualstring.o
 .vfp11_veneer  0x000bcc24        0x0 ./jsonfiles/arraylist.o
 .vfp11_veneer  0x000bcc24        0x0 ./jsonfiles/debug.o
 .vfp11_veneer  0x000bcc24        0x0 ./jsonfiles/json_object.o
 .vfp11_veneer  0x000bcc24        0x0 ./jsonfiles/json_object_iterator.o
 .vfp11_veneer  0x000bcc24        0x0 ./jsonfiles/json_tokener.o
 .vfp11_veneer  0x000bcc24        0x0 ./jsonfiles/json_util.o
 .vfp11_veneer  0x000bcc24        0x0 ./jsonfiles/linkhash.o
 .vfp11_veneer  0x000bcc24        0x0 ./jsonfiles/printbuf.o
 .vfp11_veneer  0x000bcc24        0x0 /home/linux/sdk/lib/libz.so
 .vfp11_veneer  0x000bcc24        0x0 /home/linux/sdk/lib/libsqlite3.so
 .vfp11_veneer  0x000bcc24        0x0 /home/linux/sdk/lib/libcurl.so
 .vfp11_veneer  0x000bcc24        0x0 /home/linux/sdk/lib/libts.so
 .vfp11_veneer  0x000bcc24        0x0 /home/linux/sdk/lib/libssl.so
 .vfp11_veneer  0x000bcc24        0x0 /home/linux/sdk/lib/libdirect.so
 .vfp11_veneer  0x000bcc24        0x0 /home/linux/sdk/lib/libdirectfb.so
 .vfp11_veneer  0x000bcc24        0x0 /home/linux/sdk/lib/libemv.so
 .vfp11_veneer  0x000bcc24        0x0 /home/linux/sdk/lib/libiccard.so
 .vfp11_veneer  0x000bcc24        0x0 /home/linux/sdk/lib/libnfc.so
 .vfp11_veneer  0x000bcc24        0x0 /home/linux/sdk/lib/libpng.so
 .vfp11_veneer  0x000bcc24        0x0 /home/linux/sdk/lib/libpos.so
 .vfp11_veneer  0x000bcc24        0x0 /home/linux/sdk/lib/libcrypto.so
 .vfp11_veneer  0x000bcc24        0x0 /home/linux/sdk/lib/libped.so
 .vfp11_veneer  0x000bcc24        0x0 /home/linux/sdk/lib/libfusion.so
 .vfp11_veneer  0x000bcc24        0x0 /opt/compiler/glibc-oabi-toolchain-arm-generic/lib/gcc/arm-unknown-linux-gnu/4.3.4/libgcc.a(_udivsi3.o)
 .vfp11_veneer  0x000bcc24        0x0 /opt/compiler/glibc-oabi-toolchain-arm-generic/lib/gcc/arm-unknown-linux-gnu/4.3.4/libgcc.a(_divsi3.o)
 .vfp11_veneer  0x000bcc24        0x0 /opt/compiler/glibc-oabi-toolchain-arm-generic/lib/gcc/arm-unknown-linux-gnu/4.3.4/libgcc.a(_umodsi3.o)
 .vfp11_veneer  0x000bcc24        0x0 /opt/compiler/glibc-oabi-toolchain-arm-generic/lib/gcc/arm-unknown-linux-gnu/4.3.4/libgcc.a(_modsi3.o)
 .vfp11_veneer  0x000bcc24        0x0 /opt/compiler/glibc-oabi-toolchain-arm-generic/lib/gcc/arm-unknown-linux-gnu/4.3.4/libgcc.a(_dvmd_tls.o)
 .vfp11_veneer  0x000bcc24        0x0 /opt/compiler/glibc-oabi-toolchain-arm-generic/lib/gcc/arm-unknown-linux-gnu/4.3.4/libgcc.a(_addsubdf3.o)
 .vfp11_veneer  0x000bcc24        0x0 /opt/compiler/glibc-oabi-toolchain-arm-generic/lib/gcc/arm-unknown-linux-gnu/4.3.4/libgcc.a(_muldivdf3.o)
 .vfp11_veneer  0x000bcc24        0x0 /opt/compiler/glibc-oabi-toolchain-arm-generic/lib/gcc/arm-unknown-linux-gnu/4.3.4/libgcc.a(_cmpdf2.o)
 .vfp11_veneer  0x000bcc24        0x0 /opt/compiler/glibc-oabi-toolchain-arm-generic/lib/gcc/arm-unknown-linux-gnu/4.3.4/libgcc.a(_fixdfsi.o)
 .vfp11_veneer  0x000bcc24        0x0 /opt/compiler/glibc-oabi-toolchain-arm-generic/lib/gcc/arm-unknown-linux-gnu/4.3.4/libgcc.a(_truncdfsf2.o)
 .vfp11_veneer  0x000bcc24        0x0 /opt/compiler/glibc-oabi-toolchain-arm-generic/lib/gcc/arm-unknown-linux-gnu/4.3.4/libgcc.a(_addsubsf3.o)
 .vfp11_veneer  0x000bcc24        0x0 /opt/compiler/glibc-oabi-toolchain-arm-generic/lib/gcc/arm-unknown-linux-gnu/4.3.4/libgcc.a(_muldivsf3.o)
 .vfp11_veneer  0x000bcc24        0x0 /opt/compiler/glibc-oabi-toolchain-arm-generic/lib/gcc/arm-unknown-linux-gnu/4.3.4/libgcc.a(_cmpsf2.o)
 .vfp11_veneer  0x000bcc24        0x0 /opt/compiler/glibc-oabi-toolchain-arm-generic/lib/gcc/arm-unknown-linux-gnu/4.3.4/libgcc.a(_fixsfsi.o)
 .vfp11_veneer  0x000bcc24        0x0 /opt/compiler/glibc-oabi-toolchain-arm-generic/lib/gcc/arm-unknown-linux-gnu/4.3.4/libgcc.a(_fixunssfsi.o)
 .vfp11_veneer  0x000bcc24        0x0 /opt/compiler/glibc-oabi-toolchain-arm-generic/lib/gcc/arm-unknown-linux-gnu/4.3.4/libgcc.a(_fixdfdi.o)